Archive member included to satisfy reference by file (symbol)

/usr/local/bin/gcc-arm-none-eabi-8-2018-q4-major/bin/../lib/gcc/arm-none-eabi/8.2.1/../../../../arm-none-eabi/lib/thumb/v7e-m+fp/hard/libc_nano.a(lib_a-exit.o)
                              /usr/local/bin/gcc-arm-none-eabi-8-2018-q4-major/bin/../lib/gcc/arm-none-eabi/8.2.1/../../../../arm-none-eabi/lib/thumb/v7e-m+fp/hard/crt0.o (exit)
/usr/local/bin/gcc-arm-none-eabi-8-2018-q4-major/bin/../lib/gcc/arm-none-eabi/8.2.1/../../../../arm-none-eabi/lib/thumb/v7e-m+fp/hard/libc_nano.a(lib_a-impure.o)
                              /usr/local/bin/gcc-arm-none-eabi-8-2018-q4-major/bin/../lib/gcc/arm-none-eabi/8.2.1/../../../../arm-none-eabi/lib/thumb/v7e-m+fp/hard/libc_nano.a(lib_a-exit.o) (_global_impure_ptr)
/usr/local/bin/gcc-arm-none-eabi-8-2018-q4-major/bin/../lib/gcc/arm-none-eabi/8.2.1/../../../../arm-none-eabi/lib/thumb/v7e-m+fp/hard/libc_nano.a(lib_a-init.o)
                              /usr/local/bin/gcc-arm-none-eabi-8-2018-q4-major/bin/../lib/gcc/arm-none-eabi/8.2.1/../../../../arm-none-eabi/lib/thumb/v7e-m+fp/hard/crt0.o (__libc_init_array)
/usr/local/bin/gcc-arm-none-eabi-8-2018-q4-major/bin/../lib/gcc/arm-none-eabi/8.2.1/../../../../arm-none-eabi/lib/thumb/v7e-m+fp/hard/libc_nano.a(lib_a-memset.o)
                              /usr/local/bin/gcc-arm-none-eabi-8-2018-q4-major/bin/../lib/gcc/arm-none-eabi/8.2.1/../../../../arm-none-eabi/lib/thumb/v7e-m+fp/hard/crt0.o (memset)
/usr/local/bin/gcc-arm-none-eabi-8-2018-q4-major/bin/../lib/gcc/arm-none-eabi/8.2.1/../../../../arm-none-eabi/lib/thumb/v7e-m+fp/hard/libc_nano.a(lib_a-nano-vfprintf_float.o)
                              (_printf_float)
/usr/local/bin/gcc-arm-none-eabi-8-2018-q4-major/bin/../lib/gcc/arm-none-eabi/8.2.1/../../../../arm-none-eabi/lib/thumb/v7e-m+fp/hard/libc_nano.a(lib_a-nano-vfprintf_i.o)
                              /usr/local/bin/gcc-arm-none-eabi-8-2018-q4-major/bin/../lib/gcc/arm-none-eabi/8.2.1/../../../../arm-none-eabi/lib/thumb/v7e-m+fp/hard/libc_nano.a(lib_a-nano-vfprintf_float.o) (_printf_common)
/usr/local/bin/gcc-arm-none-eabi-8-2018-q4-major/bin/../lib/gcc/arm-none-eabi/8.2.1/../../../../arm-none-eabi/lib/thumb/v7e-m+fp/hard/libc_nano.a(lib_a-strlen.o)
                              /usr/local/bin/gcc-arm-none-eabi-8-2018-q4-major/bin/../lib/gcc/arm-none-eabi/8.2.1/../../../../arm-none-eabi/lib/thumb/v7e-m+fp/hard/libc_nano.a(lib_a-nano-vfprintf_float.o) (strlen)
/usr/local/bin/gcc-arm-none-eabi-8-2018-q4-major/bin/../lib/gcc/arm-none-eabi/8.2.1/../../../../arm-none-eabi/lib/thumb/v7e-m+fp/hard/libc_nano.a(lib_a-dtoa.o)
                              /usr/local/bin/gcc-arm-none-eabi-8-2018-q4-major/bin/../lib/gcc/arm-none-eabi/8.2.1/../../../../arm-none-eabi/lib/thumb/v7e-m+fp/hard/libc_nano.a(lib_a-nano-vfprintf_float.o) (_dtoa_r)
/usr/local/bin/gcc-arm-none-eabi-8-2018-q4-major/bin/../lib/gcc/arm-none-eabi/8.2.1/../../../../arm-none-eabi/lib/thumb/v7e-m+fp/hard/libc_nano.a(lib_a-localeconv.o)
                              /usr/local/bin/gcc-arm-none-eabi-8-2018-q4-major/bin/../lib/gcc/arm-none-eabi/8.2.1/../../../../arm-none-eabi/lib/thumb/v7e-m+fp/hard/libc_nano.a(lib_a-nano-vfprintf_float.o) (_localeconv_r)
/usr/local/bin/gcc-arm-none-eabi-8-2018-q4-major/bin/../lib/gcc/arm-none-eabi/8.2.1/../../../../arm-none-eabi/lib/thumb/v7e-m+fp/hard/libc_nano.a(lib_a-malloc.o)
                              /usr/local/bin/gcc-arm-none-eabi-8-2018-q4-major/bin/../lib/gcc/arm-none-eabi/8.2.1/../../../../arm-none-eabi/lib/thumb/v7e-m+fp/hard/libc_nano.a(lib_a-dtoa.o) (malloc)
/usr/local/bin/gcc-arm-none-eabi-8-2018-q4-major/bin/../lib/gcc/arm-none-eabi/8.2.1/../../../../arm-none-eabi/lib/thumb/v7e-m+fp/hard/libc_nano.a(lib_a-memchr.o)
                              /usr/local/bin/gcc-arm-none-eabi-8-2018-q4-major/bin/../lib/gcc/arm-none-eabi/8.2.1/../../../../arm-none-eabi/lib/thumb/v7e-m+fp/hard/libc_nano.a(lib_a-nano-vfprintf_i.o) (memchr)
/usr/local/bin/gcc-arm-none-eabi-8-2018-q4-major/bin/../lib/gcc/arm-none-eabi/8.2.1/../../../../arm-none-eabi/lib/thumb/v7e-m+fp/hard/libc_nano.a(lib_a-memcpy-stub.o)
                              /usr/local/bin/gcc-arm-none-eabi-8-2018-q4-major/bin/../lib/gcc/arm-none-eabi/8.2.1/../../../../arm-none-eabi/lib/thumb/v7e-m+fp/hard/libc_nano.a(lib_a-dtoa.o) (memcpy)
/usr/local/bin/gcc-arm-none-eabi-8-2018-q4-major/bin/../lib/gcc/arm-none-eabi/8.2.1/../../../../arm-none-eabi/lib/thumb/v7e-m+fp/hard/libc_nano.a(lib_a-mprec.o)
                              /usr/local/bin/gcc-arm-none-eabi-8-2018-q4-major/bin/../lib/gcc/arm-none-eabi/8.2.1/../../../../arm-none-eabi/lib/thumb/v7e-m+fp/hard/libc_nano.a(lib_a-dtoa.o) (_Balloc)
/usr/local/bin/gcc-arm-none-eabi-8-2018-q4-major/bin/../lib/gcc/arm-none-eabi/8.2.1/../../../../arm-none-eabi/lib/thumb/v7e-m+fp/hard/libc_nano.a(lib_a-nano-callocr.o)
[...]
Memory Configuration

Name             Origin             Length             Attributes
FLASH            0x0000000008000000 0x0000000000200000 xr
RAM              0x0000000020000000 0x0000000000050000 xrw
CCMRAM           0x0000000010000000 0x0000000000010000 rw
*default*        0x0000000000000000 0xffffffffffffffff

Linker script and memory map

LOAD /usr/local/bin/gcc-arm-none-eabi-8-2018-q4-major/bin/../lib/gcc/arm-none-eabi/8.2.1/thumb/v7e-m+fp/hard/crti.o
LOAD /usr/local/bin/gcc-arm-none-eabi-8-2018-q4-major/bin/../lib/gcc/arm-none-eabi/8.2.1/thumb/v7e-m+fp/hard/crtbegin.o
LOAD /usr/local/bin/gcc-arm-none-eabi-8-2018-q4-major/bin/../lib/gcc/arm-none-eabi/8.2.1/../../../../arm-none-eabi/lib/thumb/v7e-m+fp/hard/crt0.o
LOAD build/stm32f4xx_hal_msp.o
LOAD build/main.o
LOAD build/stm32f4xx_it.o
LOAD build/system_stm32f4xx.o
LOAD build/stm32f4xx_hal_ltdc.o
LOAD build/stm32f4xx_ll_exti.o
LOAD build/stm32f4xx_hal_dcmi_ex.o
LOAD build/stm32f4xx_hal_pcd_ex.o
LOAD build/stm32f4xx_hal_adc.o
LOAD build/stm32f4xx_hal_lptim.o
LOAD build/stm32f4xx_hal_spi.o
LOAD build/stm32f4xx_hal_i2s.o
LOAD build/stm32f4xx_hal_gpio.o
LOAD build/stm32f4xx_ll_i2c.o
LOAD build/stm32f4xx_hal_smartcard.o
LOAD build/stm32f4xx_hal_fmpi2c.o
LOAD build/stm32f4xx_hal_dma2d.o
LOAD build/stm32f4xx_hal_sai.o
LOAD build/stm32f4xx_hal_cryp_ex.o
LOAD build/stm32f4xx_ll_usb.o
LOAD build/stm32f4xx_hal_hash.o
LOAD build/stm32f4xx_hal_ltdc_ex.o
LOAD build/stm32f4xx_ll_dac.o
LOAD build/stm32f4xx_hal_flash_ramfunc.o
LOAD build/stm32f4xx_hal_cortex.o
LOAD build/stm32f4xx_hal_iwdg.o
LOAD build/stm32f4xx_ll_usart.o
LOAD build/stm32f4xx_hal_dfsdm.o
LOAD build/stm32f4xx_hal_adc_ex.o
LOAD build/stm32f4xx_hal_i2c_ex.o
LOAD build/stm32f4xx_ll_sdmmc.o
LOAD build/stm32f4xx_ll_tim.o
LOAD build/stm32f4xx_hal_dma.o
LOAD build/stm32f4xx_hal_dsi.o
LOAD build/stm32f4xx_hal_pccard.o
LOAD build/stm32f4xx_hal_cec.o
LOAD build/stm32f4xx_hal_spdifrx.o
LOAD build/stm32f4xx_hal_fmpi2c_ex.o
LOAD build/stm32f4xx_hal_dac.o
LOAD build/stm32f4xx_hal_can.o
LOAD build/stm32f4xx_hal_nand.o
LOAD build/stm32f4xx_hal_flash_ex.o
LOAD build/stm32f4xx_hal_nor.o
LOAD build/stm32f4xx_hal_qspi.o
LOAD build/stm32f4xx_hal_hash_ex.o
LOAD build/stm32f4xx_hal_rtc.o
LOAD build/stm32f4xx_hal_i2c.o
LOAD build/stm32f4xx_hal_sram.o
LOAD build/stm32f4xx_hal_uart.o
LOAD build/stm32f4xx_hal_eth.o
LOAD build/stm32f4xx_ll_rng.o
LOAD build/stm32f4xx_hal_tim.o
LOAD build/stm32f4xx_hal_dma_ex.o
LOAD build/stm32f4xx_hal_sd.o
LOAD build/stm32f4xx_hal_usart.o
LOAD build/stm32f4xx_ll_lptim.o
LOAD build/stm32f4xx_hal_sai_ex.o
LOAD build/stm32f4xx_hal_rcc.o
LOAD build/stm32f4xx_hal_wwdg.o
LOAD build/stm32f4xx_hal_dac_ex.o
LOAD build/stm32f4xx_ll_pwr.o
LOAD build/stm32f4xx_ll_adc.o
LOAD build/stm32f4xx_hal_rtc_ex.o
LOAD build/stm32f4xx_hal_pwr_ex.o
LOAD build/stm32f4xx_hal_sdram.o
LOAD build/stm32f4xx_ll_spi.o
LOAD build/stm32f4xx_ll_gpio.o
LOAD build/stm32f4xx_hal_flash.o
LOAD build/stm32f4xx_hal_crc.o
LOAD build/stm32f4xx_hal_mmc.o
LOAD build/stm32f4xx_hal_hcd.o
LOAD build/stm32f4xx_hal_dcmi.o
LOAD build/stm32f4xx_hal_pcd.o
LOAD build/stm32f4xx_ll_fmc.o
LOAD build/stm32f4xx_hal_tim_ex.o
LOAD build/stm32f4xx_hal_irda.o
LOAD build/stm32f4xx_ll_crc.o
LOAD build/stm32f4xx_ll_fsmc.o
LOAD build/stm32f4xx_hal_i2s_ex.o
LOAD build/stm32f4xx_hal_rcc_ex.o
LOAD build/stm32f4xx_ll_rcc.o
LOAD build/stm32f4xx_hal.o
LOAD build/stm32f4xx_ll_dma2d.o
LOAD build/stm32f4xx_hal_cryp.o
LOAD build/stm32f4xx_hal_rng.o
LOAD build/stm32f4xx_ll_utils.o
LOAD build/stm32f4xx_ll_dma.o
LOAD build/stm32f4xx_hal_pwr.o
LOAD build/stm32f4xx_ll_rtc.o
LOAD build/stm32469i_discovery.o
LOAD build/startup_stm32f469xx.o
LOAD /usr/local/bin/gcc-arm-none-eabi-8-2018-q4-major/bin/../lib/gcc/arm-none-eabi/8.2.1/../../../../arm-none-eabi/lib/thumb/v7e-m+fp/hard/libc_nano.a
LOAD /usr/local/bin/gcc-arm-none-eabi-8-2018-q4-major/bin/../lib/gcc/arm-none-eabi/8.2.1/../../../../arm-none-eabi/lib/thumb/v7e-m+fp/hard/libm.a
LOAD /usr/local/bin/gcc-arm-none-eabi-8-2018-q4-major/bin/../lib/gcc/arm-none-eabi/8.2.1/../../../../arm-none-eabi/lib/thumb/v7e-m+fp/hard/libnosys.a
LOAD /usr/local/bin/gcc-arm-none-eabi-8-2018-q4-major/bin/../lib/gcc/arm-none-eabi/8.2.1/../../../../arm-none-eabi/lib/thumb/v7e-m+fp/hard/libc_nano.a
LOAD /usr/local/bin/gcc-arm-none-eabi-8-2018-q4-major/bin/../lib/gcc/arm-none-eabi/8.2.1/../../../../arm-none-eabi/lib/thumb/v7e-m+fp/hard/librdimon_nano.a
START GROUP
LOAD /usr/local/bin/gcc-arm-none-eabi-8-2018-q4-major/bin/../lib/gcc/arm-none-eabi/8.2.1/thumb/v7e-m+fp/hard/libgcc.a
LOAD /usr/local/bin/gcc-arm-none-eabi-8-2018-q4-major/bin/../lib/gcc/arm-none-eabi/8.2.1/../../../../arm-none-eabi/lib/thumb/v7e-m+fp/hard/libc_nano.a
END GROUP
START GROUP
LOAD /usr/local/bin/gcc-arm-none-eabi-8-2018-q4-major/bin/../lib/gcc/arm-none-eabi/8.2.1/thumb/v7e-m+fp/hard/libgcc.a
LOAD /usr/local/bin/gcc-arm-none-eabi-8-2018-q4-major/bin/../lib/gcc/arm-none-eabi/8.2.1/../../../../arm-none-eabi/lib/thumb/v7e-m+fp/hard/libc_nano.a
END GROUP
LOAD /usr/local/bin/gcc-arm-none-eabi-8-2018-q4-major/bin/../lib/gcc/arm-none-eabi/8.2.1/thumb/v7e-m+fp/hard/crtend.o
LOAD /usr/local/bin/gcc-arm-none-eabi-8-2018-q4-major/bin/../lib/gcc/arm-none-eabi/8.2.1/thumb/v7e-m+fp/hard/crtn.o
                0x0000000020050000                _estack = 0x20050000
                0x0000000000000200                _Min_Heap_Size = 0x200
                0x0000000000000400                _Min_Stack_Size = 0x400

.isr_vector     0x0000000008000000      0x1b8
                0x0000000008000000                . = ALIGN (0x8)
 *(.isr_vector)
 .isr_vector    0x0000000008000000      0x1b4 build/startup_stm32f469xx.o
                0x0000000008000000                g_pfnVectors
                0x00000000080001b8                . = ALIGN (0x8)
 *fill*         0x00000000080001b4        0x4 

.text           0x00000000080001b8     0x3d70
                0x00000000080001b8                . = ALIGN (0x8)
 *(.text)
 .text          0x00000000080001b8       0x40 /usr/local/bin/gcc-arm-none-eabi-8-2018-q4-major/bin/../lib/gcc/arm-none-eabi/8.2.1/thumb/v7e-m+fp/hard/crtbegin.o
 .text          0x00000000080001f8       0x10 /usr/local/bin/gcc-arm-none-eabi-8-2018-q4-major/bin/../lib/gcc/arm-none-eabi/8.2.1/../../../../arm-none-eabi/lib/thumb/v7e-m+fp/hard/libc_nano.a(lib_a-strlen.o)
                0x00000000080001f8                strlen
 .text          0x0000000008000208      0x378 /usr/local/bin/gcc-arm-none-eabi-8-2018-q4-major/bin/../lib/gcc/arm-none-eabi/8.2.1/thumb/v7e-m+fp/hard/libgcc.a(_arm_addsubdf3.o)
                0x0000000008000208                __aeabi_drsub
                0x0000000008000210                __aeabi_dsub
                0x0000000008000210                __subdf3
                0x0000000008000214                __adddf3
                0x0000000008000214                __aeabi_dadd
                0x000000000800048c                __aeabi_ui2d
                0x000000000800048c                __floatunsidf
                0x00000000080004ac                __floatsidf
                0x00000000080004ac                __aeabi_i2d
                0x00000000080004d0                __extendsfdf2
                0x00000000080004d0                __aeabi_f2d
                0x0000000008000514                __aeabi_ul2d
                0x0000000008000514                __floatundidf
                0x0000000008000524                __floatdidf
                0x0000000008000524                __aeabi_l2d
 .text          0x0000000008000580      0x424 /usr/local/bin/gcc-arm-none-eabi-8-2018-q4-major/bin/../lib/gcc/arm-none-eabi/8.2.1/thumb/v7e-m+fp/hard/libgcc.a(_arm_muldivdf3.o)
                0x0000000008000580                __aeabi_dmul
                0x0000000008000580                __muldf3
                0x00000000080007d4                __aeabi_ddiv
                0x00000000080007d4                __divdf3
 .text          0x00000000080009a4      0x110 /usr/local/bin/gcc-arm-none-eabi-8-2018-q4-major/bin/../lib/gcc/arm-none-eabi/8.2.1/thumb/v7e-m+fp/hard/libgcc.a(_arm_cmpdf2.o)
                0x00000000080009a4                __gtdf2
                0x00000000080009a4                __gedf2
                0x00000000080009ac                __ltdf2
                0x00000000080009ac                __ledf2
                0x00000000080009b4                __cmpdf2
                0x00000000080009b4                __eqdf2
                0x00000000080009b4                __nedf2
                0x0000000008000a30                __aeabi_cdrcmple
                0x0000000008000a40                __aeabi_cdcmple
                0x0000000008000a40                __aeabi_cdcmpeq
                0x0000000008000a50                __aeabi_dcmpeq
                0x0000000008000a64                __aeabi_dcmplt
                0x0000000008000a78                __aeabi_dcmple
                0x0000000008000a8c                __aeabi_dcmpge
                0x0000000008000aa0                __aeabi_dcmpgt
 .text          0x0000000008000ab4       0x2c /usr/local/bin/gcc-arm-none-eabi-8-2018-q4-major/bin/../lib/gcc/arm-none-eabi/8.2.1/thumb/v7e-m+fp/hard/libgcc.a(_arm_unorddf2.o)
                0x0000000008000ab4                __aeabi_dcmpun
                0x0000000008000ab4                __unorddf2
 .text          0x0000000008000ae0       0x50 /usr/local/bin/gcc-arm-none-eabi-8-2018-q4-major/bin/../lib/gcc/arm-none-eabi/8.2.1/thumb/v7e-m+fp/hard/libgcc.a(_arm_fixdfsi.o)
                0x0000000008000ae0                __fixdfsi
                0x0000000008000ae0                __aeabi_d2iz
 .text          0x0000000008000b30       0x30 /usr/local/bin/gcc-arm-none-eabi-8-2018-q4-major/bin/../lib/gcc/arm-none-eabi/8.2.1/thumb/v7e-m+fp/hard/libgcc.a(_aeabi_uldivmod.o)
                0x0000000008000b30                __aeabi_uldivmod
 .text          0x0000000008000b60      0x2d0 /usr/local/bin/gcc-arm-none-eabi-8-2018-q4-major/bin/../lib/gcc/arm-none-eabi/8.2.1/thumb/v7e-m+fp/hard/libgcc.a(_udivmoddi4.o)
                0x0000000008000b60                __udivmoddi4
 .text          0x0000000008000e30        0x4 /usr/local/bin/gcc-arm-none-eabi-8-2018-q4-major/bin/../lib/gcc/arm-none-eabi/8.2.1/thumb/v7e-m+fp/hard/libgcc.a(_dvmd_tls.o)
                0x0000000008000e30                __aeabi_ldiv0
                0x0000000008000e30                __aeabi_idiv0
 *(.text*)
 .text.HAL_ADC_MspInit
                0x0000000008000e34       0xc0 build/stm32f4xx_hal_msp.o
                0x0000000008000e34                HAL_ADC_MspInit
 .text.SystemClock_Config
                0x0000000008000ef4       0xa0 build/main.o
 .text.Error_Handler
                0x0000000008000f94        0xa build/main.o
 *fill*         0x0000000008000f9e        0x2 
 .text.main     0x0000000008000fa0       0x84 build/main.o
                0x0000000008000fa0                main
 .text.HAL_ADC_ConvCpltCallback
                0x0000000008001024        0xa build/main.o
                0x0000000008001024                HAL_ADC_ConvCpltCallback
 .text.NMI_Handler
                0x000000000800102e        0x2 build/stm32f4xx_it.o
                0x000000000800102e                NMI_Handler
 .text.HardFault_Handler
                0x0000000008001030        0x2 build/stm32f4xx_it.o
                0x0000000008001030                HardFault_Handler
 .text.MemManage_Handler
                0x0000000008001032        0x2 build/stm32f4xx_it.o
                0x0000000008001032                MemManage_Handler
 .text.BusFault_Handler
                0x0000000008001034        0x2 build/stm32f4xx_it.o
                0x0000000008001034                BusFault_Handler
 .text.UsageFault_Handler
                0x0000000008001036        0x2 build/stm32f4xx_it.o
                0x0000000008001036                UsageFault_Handler
 .text.SVC_Handler
                0x0000000008001038        0x2 build/stm32f4xx_it.o
                0x0000000008001038                SVC_Handler
 .text.DebugMon_Handler
                0x000000000800103a        0x2 build/stm32f4xx_it.o
                0x000000000800103a                DebugMon_Handler
 .text.PendSV_Handler
                0x000000000800103c        0x2 build/stm32f4xx_it.o
                0x000000000800103c                PendSV_Handler
 .text.SysTick_Handler
                0x000000000800103e        0x8 build/stm32f4xx_it.o
                0x000000000800103e                SysTick_Handler
 *fill*         0x0000000008001046        0x2 
 .text.DMA2_Stream3_IRQHandler
                0x0000000008001048       0x10 build/stm32f4xx_it.o
                0x0000000008001048                DMA2_Stream3_IRQHandler
 .text.SystemInit
                0x0000000008001058       0x4c build/system_stm32f4xx.o
                0x0000000008001058                SystemInit
 .text.ADC_Init
                0x00000000080010a4      0x130 build/stm32f4xx_hal_adc.o
 .text.HAL_ADC_Init
                0x00000000080011d4       0x54 build/stm32f4xx_hal_adc.o
                0x00000000080011d4                HAL_ADC_Init
 .text.HAL_ADC_Start_DMA
                0x0000000008001228      0x140 build/stm32f4xx_hal_adc.o
                0x0000000008001228                HAL_ADC_Start_DMA
 .text.ADC_DMAConvCplt
                0x0000000008001368       0x62 build/stm32f4xx_hal_adc.o
 .text.HAL_ADC_ConvHalfCpltCallback
                0x00000000080013ca        0x2 build/stm32f4xx_hal_adc.o
                0x00000000080013ca                HAL_ADC_ConvHalfCpltCallback
 .text.ADC_DMAHalfConvCplt
                0x00000000080013cc        0xa build/stm32f4xx_hal_adc.o
 .text.HAL_ADC_ErrorCallback
                0x00000000080013d6        0x2 build/stm32f4xx_hal_adc.o
                0x00000000080013d6                HAL_ADC_ErrorCallback
 .text.ADC_DMAError
                0x00000000080013d8       0x16 build/stm32f4xx_hal_adc.o
 *fill*         0x00000000080013ee        0x2 
 .text.HAL_ADC_ConfigChannel
                0x00000000080013f0      0x194 build/stm32f4xx_hal_adc.o
                0x00000000080013f0                HAL_ADC_ConfigChannel
 .text.HAL_GPIO_Init
                0x0000000008001584      0x1e0 build/stm32f4xx_hal_gpio.o
                0x0000000008001584                HAL_GPIO_Init
 .text.HAL_GPIO_WritePin
                0x0000000008001764        0xc build/stm32f4xx_hal_gpio.o
                0x0000000008001764                HAL_GPIO_WritePin
 .text.HAL_NVIC_SetPriorityGrouping
                0x0000000008001770       0x24 build/stm32f4xx_hal_cortex.o
                0x0000000008001770                HAL_NVIC_SetPriorityGrouping
 .text.HAL_NVIC_SetPriority
                0x0000000008001794       0x68 build/stm32f4xx_hal_cortex.o
                0x0000000008001794                HAL_NVIC_SetPriority
 .text.HAL_NVIC_EnableIRQ
                0x00000000080017fc       0x18 build/stm32f4xx_hal_cortex.o
                0x00000000080017fc                HAL_NVIC_EnableIRQ
 .text.HAL_SYSTICK_Config
                0x0000000008001814       0x2c build/stm32f4xx_hal_cortex.o
                0x0000000008001814                HAL_SYSTICK_Config
 .text.DMA_SetConfig
                0x0000000008001840       0x2c build/stm32f4xx_hal_dma.o
 .text.DMA_CalcBaseAndBitshift
                0x000000000800186c       0x44 build/stm32f4xx_hal_dma.o
 .text.DMA_CheckFifoParam
                0x00000000080018b0       0x8e build/stm32f4xx_hal_dma.o
 *fill*         0x000000000800193e        0x2 
 .text.HAL_DMA_Init
                0x0000000008001940       0xcc build/stm32f4xx_hal_dma.o
                0x0000000008001940                HAL_DMA_Init
 .text.HAL_DMA_Start_IT
                0x0000000008001a0c       0x74 build/stm32f4xx_hal_dma.o
                0x0000000008001a0c                HAL_DMA_Start_IT
 .text.HAL_DMA_IRQHandler
                0x0000000008001a80      0x1dc build/stm32f4xx_hal_dma.o
                0x0000000008001a80                HAL_DMA_IRQHandler
 .text.HAL_RCC_GetSysClockFreq
                0x0000000008001c5c       0xd4 build/stm32f4xx_hal_rcc.o
                0x0000000008001c5c                HAL_RCC_GetSysClockFreq
 .text.HAL_RCC_ClockConfig
                0x0000000008001d30      0x15c build/stm32f4xx_hal_rcc.o
                0x0000000008001d30                HAL_RCC_ClockConfig
 .text.HAL_PWREx_EnableOverDrive
                0x0000000008001e8c       0x80 build/stm32f4xx_hal_pwr_ex.o
                0x0000000008001e8c                HAL_PWREx_EnableOverDrive
 .text.HAL_RCC_OscConfig
                0x0000000008001f0c      0x394 build/stm32f4xx_hal_rcc_ex.o
                0x0000000008001f0c                HAL_RCC_OscConfig
 .text.HAL_MspInit
                0x00000000080022a0        0x2 build/stm32f4xx_hal.o
                0x00000000080022a0                HAL_MspInit
 *fill*         0x00000000080022a2        0x2 
 .text.HAL_InitTick
                0x00000000080022a4       0x4c build/stm32f4xx_hal.o
                0x00000000080022a4                HAL_InitTick
 .text.HAL_Init
                0x00000000080022f0       0x34 build/stm32f4xx_hal.o
                0x00000000080022f0                HAL_Init
 .text.HAL_IncTick
                0x0000000008002324       0x18 build/stm32f4xx_hal.o
                0x0000000008002324                HAL_IncTick
 .text.HAL_GetTick
                0x000000000800233c        0xc build/stm32f4xx_hal.o
                0x000000000800233c                HAL_GetTick
 .text.BSP_LED_Init
                0x0000000008002348       0xbc build/stm32469i_discovery.o
                0x0000000008002348                BSP_LED_Init
 .text.BSP_LED_On
                0x0000000008002404       0x24 build/stm32469i_discovery.o
                0x0000000008002404                BSP_LED_On
 .text.Reset_Handler
                0x0000000008002428       0x50 build/startup_stm32f469xx.o
                0x0000000008002428                Reset_Handler
 .text.Default_Handler
                0x0000000008002478        0x2 build/startup_stm32f469xx.o
                0x0000000008002478                RTC_Alarm_IRQHandler
                0x0000000008002478                HASH_RNG_IRQHandler
                0x0000000008002478                EXTI2_IRQHandler
                0x0000000008002478                TIM8_CC_IRQHandler
                0x0000000008002478                UART8_IRQHandler
                0x0000000008002478                SPI4_IRQHandler
                0x0000000008002478                TIM1_CC_IRQHandler
                0x0000000008002478                DMA2_Stream5_IRQHandler
                0x0000000008002478                DMA1_Stream5_IRQHandler
                0x0000000008002478                PVD_IRQHandler
                0x0000000008002478                SDIO_IRQHandler
                0x0000000008002478                TAMP_STAMP_IRQHandler
                0x0000000008002478                CAN2_RX1_IRQHandler
                0x0000000008002478                EXTI3_IRQHandler
                0x0000000008002478                TIM8_TRG_COM_TIM14_IRQHandler
                0x0000000008002478                TIM1_UP_TIM10_IRQHandler
                0x0000000008002478                TIM8_UP_TIM13_IRQHandler
                0x0000000008002478                I2C3_ER_IRQHandler
                0x0000000008002478                EXTI0_IRQHandler
                0x0000000008002478                I2C2_EV_IRQHandler
                0x0000000008002478                DMA1_Stream2_IRQHandler
                0x0000000008002478                CAN1_RX0_IRQHandler
                0x0000000008002478                FPU_IRQHandler
                0x0000000008002478                OTG_HS_WKUP_IRQHandler
                0x0000000008002478                LTDC_ER_IRQHandler
                0x0000000008002478                CAN2_SCE_IRQHandler
                0x0000000008002478                DMA2_Stream2_IRQHandler
                0x0000000008002478                SPI1_IRQHandler
                0x0000000008002478                TIM6_DAC_IRQHandler
                0x0000000008002478                TIM1_BRK_TIM9_IRQHandler
                0x0000000008002478                DCMI_IRQHandler
                0x0000000008002478                CAN2_RX0_IRQHandler
                0x0000000008002478                USART6_IRQHandler
                0x0000000008002478                USART3_IRQHandler
                0x0000000008002478                CAN1_RX1_IRQHandler
                0x0000000008002478                UART5_IRQHandler
                0x0000000008002478                DMA2_Stream0_IRQHandler
                0x0000000008002478                TIM4_IRQHandler
                0x0000000008002478                QUADSPI_IRQHandler
                0x0000000008002478                I2C1_EV_IRQHandler
                0x0000000008002478                DMA1_Stream6_IRQHandler
                0x0000000008002478                DMA1_Stream1_IRQHandler
                0x0000000008002478                UART4_IRQHandler
                0x0000000008002478                TIM3_IRQHandler
                0x0000000008002478                RCC_IRQHandler
                0x0000000008002478                TIM8_BRK_TIM12_IRQHandler
                0x0000000008002478                Default_Handler
                0x0000000008002478                EXTI15_10_IRQHandler
                0x0000000008002478                ADC_IRQHandler
                0x0000000008002478                DMA1_Stream7_IRQHandler
                0x0000000008002478                SPI5_IRQHandler
                0x0000000008002478                TIM7_IRQHandler
                0x0000000008002478                CAN2_TX_IRQHandler
                0x0000000008002478                TIM5_IRQHandler
                0x0000000008002478                DMA2_Stream7_IRQHandler
                0x0000000008002478                I2C3_EV_IRQHandler
                0x0000000008002478                EXTI9_5_IRQHandler
                0x0000000008002478                RTC_WKUP_IRQHandler
                0x0000000008002478                LTDC_IRQHandler
                0x0000000008002478                ETH_WKUP_IRQHandler
                0x0000000008002478                SPI2_IRQHandler
                0x0000000008002478                OTG_HS_EP1_IN_IRQHandler
                0x0000000008002478                DMA1_Stream0_IRQHandler
                0x0000000008002478                CAN1_TX_IRQHandler
                0x0000000008002478                EXTI4_IRQHandler
                0x0000000008002478                DSI_IRQHandler
                0x0000000008002478                ETH_IRQHandler
                0x0000000008002478                OTG_HS_EP1_OUT_IRQHandler
                0x0000000008002478                WWDG_IRQHandler
                0x0000000008002478                SPI6_IRQHandler
                0x0000000008002478                TIM2_IRQHandler
                0x0000000008002478                OTG_FS_WKUP_IRQHandler
                0x0000000008002478                TIM1_TRG_COM_TIM11_IRQHandler
                0x0000000008002478                OTG_HS_IRQHandler
                0x0000000008002478                DMA2D_IRQHandler
                0x0000000008002478                EXTI1_IRQHandler
                0x0000000008002478                UART7_IRQHandler
                0x0000000008002478                USART2_IRQHandler
                0x0000000008002478                I2C2_ER_IRQHandler
                0x0000000008002478                DMA2_Stream1_IRQHandler
                0x0000000008002478                CAN1_SCE_IRQHandler
                0x0000000008002478                FLASH_IRQHandler
                0x0000000008002478                DMA2_Stream4_IRQHandler
                0x0000000008002478                USART1_IRQHandler
                0x0000000008002478                OTG_FS_IRQHandler
                0x0000000008002478                SPI3_IRQHandler
                0x0000000008002478                DMA1_Stream4_IRQHandler
                0x0000000008002478                I2C1_ER_IRQHandler
                0x0000000008002478                FMC_IRQHandler
                0x0000000008002478                DMA2_Stream6_IRQHandler
                0x0000000008002478                SAI1_IRQHandler
                0x0000000008002478                DMA1_Stream3_IRQHandler
 *fill*         0x000000000800247a        0x2 
 .text.__libc_init_array
                0x000000000800247c       0x48 /usr/local/bin/gcc-arm-none-eabi-8-2018-q4-major/bin/../lib/gcc/arm-none-eabi/8.2.1/../../../../arm-none-eabi/lib/thumb/v7e-m+fp/hard/libc_nano.a(lib_a-init.o)
                0x000000000800247c                __libc_init_array
 .text.memset   0x00000000080024c4       0x10 /usr/local/bin/gcc-arm-none-eabi-8-2018-q4-major/bin/../lib/gcc/arm-none-eabi/8.2.1/../../../../arm-none-eabi/lib/thumb/v7e-m+fp/hard/libc_nano.a(lib_a-memset.o)
                0x00000000080024c4                memset
 .text.__cvt    0x00000000080024d4       0xba /usr/local/bin/gcc-arm-none-eabi-8-2018-q4-major/bin/../lib/gcc/arm-none-eabi/8.2.1/../../../../arm-none-eabi/lib/thumb/v7e-m+fp/hard/libc_nano.a(lib_a-nano-vfprintf_float.o)
                0x00000000080024d4                __cvt
 .text.__exponent
                0x000000000800258e       0x64 /usr/local/bin/gcc-arm-none-eabi-8-2018-q4-major/bin/../lib/gcc/arm-none-eabi/8.2.1/../../../../arm-none-eabi/lib/thumb/v7e-m+fp/hard/libc_nano.a(lib_a-nano-vfprintf_float.o)
                0x000000000800258e                __exponent
 *fill*         0x00000000080025f2        0x2 
 .text._printf_float
                0x00000000080025f4      0x45c /usr/local/bin/gcc-arm-none-eabi-8-2018-q4-major/bin/../lib/gcc/arm-none-eabi/8.2.1/../../../../arm-none-eabi/lib/thumb/v7e-m+fp/hard/libc_nano.a(lib_a-nano-vfprintf_float.o)
                0x00000000080025f4                _printf_float
 .text._printf_common
                0x0000000008002a50       0xea /usr/local/bin/gcc-arm-none-eabi-8-2018-q4-major/bin/../lib/gcc/arm-none-eabi/8.2.1/../../../../arm-none-eabi/lib/thumb/v7e-m+fp/hard/libc_nano.a(lib_a-nano-vfprintf_i.o)
                0x0000000008002a50                _printf_common
 .text.quorem   0x0000000008002b3a      0x112 /usr/local/bin/gcc-arm-none-eabi-8-2018-q4-major/bin/../lib/gcc/arm-none-eabi/8.2.1/../../../../arm-none-eabi/lib/thumb/v7e-m+fp/hard/libc_nano.a(lib_a-dtoa.o)
 *fill*         0x0000000008002c4c        0x4 
 .text._dtoa_r  0x0000000008002c50      0xb74 /usr/local/bin/gcc-arm-none-eabi-8-2018-q4-major/bin/../lib/gcc/arm-none-eabi/8.2.1/../../../../arm-none-eabi/lib/thumb/v7e-m+fp/hard/libc_nano.a(lib_a-dtoa.o)
                0x0000000008002c50                _dtoa_r
 .text._localeconv_r
                0x00000000080037c4        0x8 /usr/local/bin/gcc-arm-none-eabi-8-2018-q4-major/bin/../lib/gcc/arm-none-eabi/8.2.1/../../../../arm-none-eabi/lib/thumb/v7e-m+fp/hard/libc_nano.a(lib_a-localeconv.o)
                0x00000000080037c4                _localeconv_r
 .text.malloc   0x00000000080037cc       0x10 /usr/local/bin/gcc-arm-none-eabi-8-2018-q4-major/bin/../lib/gcc/arm-none-eabi/8.2.1/../../../../arm-none-eabi/lib/thumb/v7e-m+fp/hard/libc_nano.a(lib_a-malloc.o)
                0x00000000080037cc                malloc
 .text.memcpy   0x00000000080037dc       0x1c /usr/local/bin/gcc-arm-none-eabi-8-2018-q4-major/bin/../lib/gcc/arm-none-eabi/8.2.1/../../../../arm-none-eabi/lib/thumb/v7e-m+fp/hard/libc_nano.a(lib_a-memcpy-stub.o)
                0x00000000080037dc                memcpy
 .text._Balloc  0x00000000080037f8       0x68 /usr/local/bin/gcc-arm-none-eabi-8-2018-q4-major/bin/../lib/gcc/arm-none-eabi/8.2.1/../../../../arm-none-eabi/lib/thumb/v7e-m+fp/hard/libc_nano.a(lib_a-mprec.o)
                0x00000000080037f8                _Balloc
 .text._Bfree   0x0000000008003860       0x2e /usr/local/bin/gcc-arm-none-eabi-8-2018-q4-major/bin/../lib/gcc/arm-none-eabi/8.2.1/../../../../arm-none-eabi/lib/thumb/v7e-m+fp/hard/libc_nano.a(lib_a-mprec.o)
                0x0000000008003860                _Bfree
 .text.__multadd
                0x000000000800388e       0x76 /usr/local/bin/gcc-arm-none-eabi-8-2018-q4-major/bin/../lib/gcc/arm-none-eabi/8.2.1/../../../../arm-none-eabi/lib/thumb/v7e-m+fp/hard/libc_nano.a(lib_a-mprec.o)
                0x000000000800388e                __multadd
 .text.__hi0bits
                0x0000000008003904       0x40 /usr/local/bin/gcc-arm-none-eabi-8-2018-q4-major/bin/../lib/gcc/arm-none-eabi/8.2.1/../../../../arm-none-eabi/lib/thumb/v7e-m+fp/hard/libc_nano.a(lib_a-mprec.o)
                0x0000000008003904                __hi0bits
 .text.__lo0bits
                0x0000000008003944       0x60 /usr/local/bin/gcc-arm-none-eabi-8-2018-q4-major/bin/../lib/gcc/arm-none-eabi/8.2.1/../../../../arm-none-eabi/lib/thumb/v7e-m+fp/hard/libc_nano.a(lib_a-mprec.o)
                0x0000000008003944                __lo0bits
 .text.__i2b    0x00000000080039a4       0x12 /usr/local/bin/gcc-arm-none-eabi-8-2018-q4-major/bin/../lib/gcc/arm-none-eabi/8.2.1/../../../../arm-none-eabi/lib/thumb/v7e-m+fp/hard/libc_nano.a(lib_a-mprec.o)
                0x00000000080039a4                __i2b
 .text.__multiply
                0x00000000080039b6      0x120 /usr/local/bin/gcc-arm-none-eabi-8-2018-q4-major/bin/../lib/gcc/arm-none-eabi/8.2.1/../../../../arm-none-eabi/lib/thumb/v7e-m+fp/hard/libc_nano.a(lib_a-mprec.o)
                0x00000000080039b6                __multiply
 *fill*         0x0000000008003ad6        0x2 
 .text.__pow5mult
                0x0000000008003ad8       0x9c /usr/local/bin/gcc-arm-none-eabi-8-2018-q4-major/bin/../lib/gcc/arm-none-eabi/8.2.1/../../../../arm-none-eabi/lib/thumb/v7e-m+fp/hard/libc_nano.a(lib_a-mprec.o)
                0x0000000008003ad8                __pow5mult
 .text.__lshift
                0x0000000008003b74       0xa6 /usr/local/bin/gcc-arm-none-eabi-8-2018-q4-major/bin/../lib/gcc/arm-none-eabi/8.2.1/../../../../arm-none-eabi/lib/thumb/v7e-m+fp/hard/libc_nano.a(lib_a-mprec.o)
                0x0000000008003b74                __lshift
 .text.__mcmp   0x0000000008003c1a       0x34 /usr/local/bin/gcc-arm-none-eabi-8-2018-q4-major/bin/../lib/gcc/arm-none-eabi/8.2.1/../../../../arm-none-eabi/lib/thumb/v7e-m+fp/hard/libc_nano.a(lib_a-mprec.o)
                0x0000000008003c1a                __mcmp
 .text.__mdiff  0x0000000008003c4e       0xba /usr/local/bin/gcc-arm-none-eabi-8-2018-q4-major/bin/../lib/gcc/arm-none-eabi/8.2.1/../../../../arm-none-eabi/lib/thumb/v7e-m+fp/hard/libc_nano.a(lib_a-mprec.o)
                0x0000000008003c4e                __mdiff
 .text.__d2b    0x0000000008003d08       0x9c /usr/local/bin/gcc-arm-none-eabi-8-2018-q4-major/bin/../lib/gcc/arm-none-eabi/8.2.1/../../../../arm-none-eabi/lib/thumb/v7e-m+fp/hard/libc_nano.a(lib_a-mprec.o)
                0x0000000008003d08                __d2b
 .text._calloc_r
                0x0000000008003da4       0x1c /usr/local/bin/gcc-arm-none-eabi-8-2018-q4-major/bin/../lib/gcc/arm-none-eabi/8.2.1/../../../../arm-none-eabi/lib/thumb/v7e-m+fp/hard/libc_nano.a(lib_a-nano-callocr.o)
                0x0000000008003da4                _calloc_r
 .text._malloc_r
                0x0000000008003dc0       0xb4 /usr/local/bin/gcc-arm-none-eabi-8-2018-q4-major/bin/../lib/gcc/arm-none-eabi/8.2.1/../../../../arm-none-eabi/lib/thumb/v7e-m+fp/hard/libc_nano.a(lib_a-nano-mallocr.o)
                0x0000000008003dc0                _malloc_r
 .text._sbrk_r  0x0000000008003e74       0x20 /usr/local/bin/gcc-arm-none-eabi-8-2018-q4-major/bin/../lib/gcc/arm-none-eabi/8.2.1/../../../../arm-none-eabi/lib/thumb/v7e-m+fp/hard/libc_nano.a(lib_a-sbrkr.o)
                0x0000000008003e74                _sbrk_r
 .text.__ascii_mbtowc
                0x0000000008003e94       0x24 /usr/local/bin/gcc-arm-none-eabi-8-2018-q4-major/bin/../lib/gcc/arm-none-eabi/8.2.1/../../../../arm-none-eabi/lib/thumb/v7e-m+fp/hard/libc_nano.a(lib_a-mbtowc_r.o)
                0x0000000008003e94                __ascii_mbtowc
 .text.__malloc_lock
                0x0000000008003eb8        0xc /usr/local/bin/gcc-arm-none-eabi-8-2018-q4-major/bin/../lib/gcc/arm-none-eabi/8.2.1/../../../../arm-none-eabi/lib/thumb/v7e-m+fp/hard/libc_nano.a(lib_a-mlock.o)
                0x0000000008003eb8                __malloc_lock
 .text.__malloc_unlock
                0x0000000008003ec4        0xc /usr/local/bin/gcc-arm-none-eabi-8-2018-q4-major/bin/../lib/gcc/arm-none-eabi/8.2.1/../../../../arm-none-eabi/lib/thumb/v7e-m+fp/hard/libc_nano.a(lib_a-mlock.o)
                0x0000000008003ec4                __malloc_unlock
 .text.__ascii_wctomb
                0x0000000008003ed0       0x1a /usr/local/bin/gcc-arm-none-eabi-8-2018-q4-major/bin/../lib/gcc/arm-none-eabi/8.2.1/../../../../arm-none-eabi/lib/thumb/v7e-m+fp/hard/libc_nano.a(lib_a-wctomb_r.o)
                0x0000000008003ed0                __ascii_wctomb
 .text.__retarget_lock_acquire_recursive
                0x0000000008003eea        0x2 /usr/local/bin/gcc-arm-none-eabi-8-2018-q4-major/bin/../lib/gcc/arm-none-eabi/8.2.1/../../../../arm-none-eabi/lib/thumb/v7e-m+fp/hard/libc_nano.a(lib_a-lock.o)
                0x0000000008003eea                __retarget_lock_acquire_recursive
 .text.__retarget_lock_release_recursive
                0x0000000008003eec        0x2 /usr/local/bin/gcc-arm-none-eabi-8-2018-q4-major/bin/../lib/gcc/arm-none-eabi/8.2.1/../../../../arm-none-eabi/lib/thumb/v7e-m+fp/hard/libc_nano.a(lib_a-lock.o)
                0x0000000008003eec                __retarget_lock_release_recursive
 *fill*         0x0000000008003eee        0x2 
 .text._sbrk    0x0000000008003ef0       0x1c /usr/local/bin/gcc-arm-none-eabi-8-2018-q4-major/bin/../lib/gcc/arm-none-eabi/8.2.1/../../../../arm-none-eabi/lib/thumb/v7e-m+fp/hard/libnosys.a(sbrk.o)
                0x0000000008003ef0                _sbrk
 *(.glue_7)
 .glue_7        0x0000000008003f0c        0x0 linker stubs
 *(.glue_7t)
 .glue_7t       0x0000000008003f0c        0x0 linker stubs
 *(.eh_frame)
 .eh_frame      0x0000000008003f0c        0x0 /usr/local/bin/gcc-arm-none-eabi-8-2018-q4-major/bin/../lib/gcc/arm-none-eabi/8.2.1/thumb/v7e-m+fp/hard/crtbegin.o
 *(.init)
 .init          0x0000000008003f0c        0x4 /usr/local/bin/gcc-arm-none-eabi-8-2018-q4-major/bin/../lib/gcc/arm-none-eabi/8.2.1/thumb/v7e-m+fp/hard/crti.o
                0x0000000008003f0c                _init
 .init          0x0000000008003f10        0x8 /usr/local/bin/gcc-arm-none-eabi-8-2018-q4-major/bin/../lib/gcc/arm-none-eabi/8.2.1/thumb/v7e-m+fp/hard/crtn.o
 *(.fini)
 .fini          0x0000000008003f18        0x4 /usr/local/bin/gcc-arm-none-eabi-8-2018-q4-major/bin/../lib/gcc/arm-none-eabi/8.2.1/thumb/v7e-m+fp/hard/crti.o
                0x0000000008003f18                _fini
 .fini          0x0000000008003f1c        0x8 /usr/local/bin/gcc-arm-none-eabi-8-2018-q4-major/bin/../lib/gcc/arm-none-eabi/8.2.1/thumb/v7e-m+fp/hard/crtn.o
                0x0000000008003f28                . = ALIGN (0x8)
 *fill*         0x0000000008003f24        0x4 
                0x0000000008003f28                _etext = .

.vfp11_veneer   0x0000000008003f28        0x0
 .vfp11_veneer  0x0000000008003f28        0x0 linker stubs

.v4_bx          0x0000000008003f28        0x0
 .v4_bx         0x0000000008003f28        0x0 linker stubs

.iplt           0x0000000008003f28        0x0
 .iplt          0x0000000008003f28        0x0 /usr/local/bin/gcc-arm-none-eabi-8-2018-q4-major/bin/../lib/gcc/arm-none-eabi/8.2.1/thumb/v7e-m+fp/hard/crtbegin.o

.rodata         0x0000000008003f28      0x240
                0x0000000008003f28                . = ALIGN (0x8)
 *(.rodata)
 *(.rodata*)
 .rodata.AHBPrescTable
                0x0000000008003f28       0x10 build/system_stm32f4xx.o
                0x0000000008003f28                AHBPrescTable
 .rodata.flagBitshiftOffset.9257
                0x0000000008003f38        0x8 build/stm32f4xx_hal_dma.o
 .rodata._printf_float.str1.1
                0x0000000008003f40       0x12 /usr/local/bin/gcc-arm-none-eabi-8-2018-q4-major/bin/../lib/gcc/arm-none-eabi/8.2.1/../../../../arm-none-eabi/lib/thumb/v7e-m+fp/hard/libc_nano.a(lib_a-nano-vfprintf_float.o)
 .rodata._dtoa_r.str1.1
                0x0000000008003f52        0xd /usr/local/bin/gcc-arm-none-eabi-8-2018-q4-major/bin/../lib/gcc/arm-none-eabi/8.2.1/../../../../arm-none-eabi/lib/thumb/v7e-m+fp/hard/libc_nano.a(lib_a-dtoa.o)
                                          0xf (size before relaxing)
 *fill*         0x0000000008003f5f        0x1 
 .rodata.__mprec_bigtens
                0x0000000008003f60       0x28 /usr/local/bin/gcc-arm-none-eabi-8-2018-q4-major/bin/../lib/gcc/arm-none-eabi/8.2.1/../../../../arm-none-eabi/lib/thumb/v7e-m+fp/hard/libc_nano.a(lib_a-mprec.o)
                0x0000000008003f60                __mprec_bigtens
 .rodata.__mprec_tens
                0x0000000008003f88       0xc8 /usr/local/bin/gcc-arm-none-eabi-8-2018-q4-major/bin/../lib/gcc/arm-none-eabi/8.2.1/../../../../arm-none-eabi/lib/thumb/v7e-m+fp/hard/libc_nano.a(lib_a-mprec.o)
                0x0000000008003f88                __mprec_tens
 .rodata.p05.7454
                0x0000000008004050        0xc /usr/local/bin/gcc-arm-none-eabi-8-2018-q4-major/bin/../lib/gcc/arm-none-eabi/8.2.1/../../../../arm-none-eabi/lib/thumb/v7e-m+fp/hard/libc_nano.a(lib_a-mprec.o)
 .rodata._setlocale_r.str1.1
                0x000000000800405c        0x8 /usr/local/bin/gcc-arm-none-eabi-8-2018-q4-major/bin/../lib/gcc/arm-none-eabi/8.2.1/../../../../arm-none-eabi/lib/thumb/v7e-m+fp/hard/libc_nano.a(lib_a-locale.o)
                                          0x9 (size before relaxing)
 .rodata.str1.1
                0x0000000008004064        0x2 /usr/local/bin/gcc-arm-none-eabi-8-2018-q4-major/bin/../lib/gcc/arm-none-eabi/8.2.1/../../../../arm-none-eabi/lib/thumb/v7e-m+fp/hard/libc_nano.a(lib_a-locale.o)
 .rodata._ctype_
                0x0000000008004066      0x101 /usr/local/bin/gcc-arm-none-eabi-8-2018-q4-major/bin/../lib/gcc/arm-none-eabi/8.2.1/../../../../arm-none-eabi/lib/thumb/v7e-m+fp/hard/libc_nano.a(lib_a-ctype_.o)
                0x0000000008004066                _ctype_
                0x0000000008004168                . = ALIGN (0x8)
 *fill*         0x0000000008004167        0x1 

.ARM.extab
 *(.ARM.extab* .gnu.linkonce.armextab.*)

.ARM            0x0000000008004168        0x8
                0x0000000008004168                __exidx_start = .
 *(.ARM.exidx*)
 .ARM.exidx     0x0000000008004168        0x8 /usr/local/bin/gcc-arm-none-eabi-8-2018-q4-major/bin/../lib/gcc/arm-none-eabi/8.2.1/thumb/v7e-m+fp/hard/libgcc.a(_udivmoddi4.o)
                0x0000000008004170                __exidx_end = .

.rel.dyn        0x0000000008004170        0x0
 .rel.iplt      0x0000000008004170        0x0 /usr/local/bin/gcc-arm-none-eabi-8-2018-q4-major/bin/../lib/gcc/arm-none-eabi/8.2.1/thumb/v7e-m+fp/hard/crtbegin.o

.preinit_array  0x0000000008004170        0x0
                0x0000000008004170                PROVIDE (__preinit_array_start = .)
 *(.preinit_array*)
                0x0000000008004170                PROVIDE (__preinit_array_end = .)

.init_array     0x0000000008004170        0x4
                0x0000000008004170                PROVIDE (__init_array_start = .)
 *(SORT_BY_NAME(.init_array.*))
 *(.init_array*)
 .init_array    0x0000000008004170        0x4 /usr/local/bin/gcc-arm-none-eabi-8-2018-q4-major/bin/../lib/gcc/arm-none-eabi/8.2.1/thumb/v7e-m+fp/hard/crtbegin.o
                0x0000000008004174                PROVIDE (__init_array_end = .)

.fini_array     0x0000000008004174        0x4
                [!provide]                        PROVIDE (__fini_array_start = .)
 *(SORT_BY_NAME(.fini_array.*))
 *(.fini_array*)
 .fini_array    0x0000000008004174        0x4 /usr/local/bin/gcc-arm-none-eabi-8-2018-q4-major/bin/../lib/gcc/arm-none-eabi/8.2.1/thumb/v7e-m+fp/hard/crtbegin.o
                [!provide]                        PROVIDE (__fini_array_end = .)
                0x0000000008004178                _sidata = LOADADDR (.data)

.data           0x0000000020000000      0x200 load address 0x0000000008004178
                0x0000000020000000                . = ALIGN (0x8)
                0x0000000020000000                _sdata = .
 *(.data)
 *(.data*)
 .data.SystemCoreClock
                0x0000000020000000        0x4 build/system_stm32f4xx.o
                0x0000000020000000                SystemCoreClock
 .data.uwTickFreq
                0x0000000020000004        0x1 build/stm32f4xx_hal.o
                0x0000000020000004                uwTickFreq
 *fill*         0x0000000020000005        0x3 
 .data.uwTickPrio
                0x0000000020000008        0x4 build/stm32f4xx_hal.o
                0x0000000020000008                uwTickPrio
 .data.GPIO_PIN
                0x000000002000000c       0x10 build/stm32469i_discovery.o
                0x000000002000000c                GPIO_PIN
 .data.GPIO_PORT
                0x000000002000001c       0x10 build/stm32469i_discovery.o
                0x000000002000001c                GPIO_PORT
 .data._impure_ptr
                0x000000002000002c        0x4 /usr/local/bin/gcc-arm-none-eabi-8-2018-q4-major/bin/../lib/gcc/arm-none-eabi/8.2.1/../../../../arm-none-eabi/lib/thumb/v7e-m+fp/hard/libc_nano.a(lib_a-impure.o)
                0x000000002000002c                _impure_ptr
 .data.impure_data
                0x0000000020000030       0x60 /usr/local/bin/gcc-arm-none-eabi-8-2018-q4-major/bin/../lib/gcc/arm-none-eabi/8.2.1/../../../../arm-none-eabi/lib/thumb/v7e-m+fp/hard/libc_nano.a(lib_a-impure.o)
 .data.__global_locale
                0x0000000020000090      0x16c /usr/local/bin/gcc-arm-none-eabi-8-2018-q4-major/bin/../lib/gcc/arm-none-eabi/8.2.1/../../../../arm-none-eabi/lib/thumb/v7e-m+fp/hard/libc_nano.a(lib_a-locale.o)
                0x0000000020000090                __global_locale
                0x0000000020000200                . = ALIGN (0x8)
 *fill*         0x00000000200001fc        0x4 
                0x0000000020000200                _edata = .
                0x0000000008004378                _siccmram = LOADADDR (.ccmram)

.igot.plt       0x0000000020000200        0x0 load address 0x0000000008004378
 .igot.plt      0x0000000020000200        0x0 /usr/local/bin/gcc-arm-none-eabi-8-2018-q4-major/bin/../lib/gcc/arm-none-eabi/8.2.1/thumb/v7e-m+fp/hard/crtbegin.o

.ccmram         0x0000000010000000        0x0 load address 0x0000000008004378
                0x0000000010000000                . = ALIGN (0x4)
                0x0000000010000000                _sccmram = .
 *(.ccmram)
 *(.ccmram*)
                0x0000000010000000                . = ALIGN (0x4)
                0x0000000010000000                _eccmram = .
                0x0000000010000000                . = ALIGN (0x4)

.bss            0x0000000020000200       0xe8
                0x0000000020000200                _sbss = .
                0x0000000020000200                __bss_start__ = _sbss
 *(.bss)
 .bss           0x0000000020000200       0x1c /usr/local/bin/gcc-arm-none-eabi-8-2018-q4-major/bin/../lib/gcc/arm-none-eabi/8.2.1/thumb/v7e-m+fp/hard/crtbegin.o
 *(.bss*)
 .bss.hdma_adc.9185
                0x000000002000021c       0x60 build/stm32f4xx_hal_msp.o
 .bss.uhADCxConvertedValue
                0x000000002000027c        0x2 build/main.o
                0x000000002000027c                uhADCxConvertedValue
 *fill*         0x000000002000027e        0x2 
 .bss.__malloc_free_list
                0x0000000020000280        0x4 /usr/local/bin/gcc-arm-none-eabi-8-2018-q4-major/bin/../lib/gcc/arm-none-eabi/8.2.1/../../../../arm-none-eabi/lib/thumb/v7e-m+fp/hard/libc_nano.a(lib_a-nano-mallocr.o)
                0x0000000020000280                __malloc_free_list
 .bss.__malloc_sbrk_start
                0x0000000020000284        0x4 /usr/local/bin/gcc-arm-none-eabi-8-2018-q4-major/bin/../lib/gcc/arm-none-eabi/8.2.1/../../../../arm-none-eabi/lib/thumb/v7e-m+fp/hard/libc_nano.a(lib_a-nano-mallocr.o)
                0x0000000020000284                __malloc_sbrk_start
 .bss.heap_end.5501
                0x0000000020000288        0x4 /usr/local/bin/gcc-arm-none-eabi-8-2018-q4-major/bin/../lib/gcc/arm-none-eabi/8.2.1/../../../../arm-none-eabi/lib/thumb/v7e-m+fp/hard/libnosys.a(sbrk.o)
 *(COMMON)
 COMMON         0x000000002000028c       0x48 build/main.o
                0x000000002000028c                AdcHandle
 COMMON         0x00000000200002d4        0x4 build/stm32f4xx_hal.o
                0x00000000200002d4                uwTick
 COMMON         0x00000000200002d8        0x4 /usr/local/bin/gcc-arm-none-eabi-8-2018-q4-major/bin/../lib/gcc/arm-none-eabi/8.2.1/../../../../arm-none-eabi/lib/thumb/v7e-m+fp/hard/libc_nano.a(lib_a-reent.o)
                0x00000000200002d8                errno
 COMMON         0x00000000200002dc        0x9 /usr/local/bin/gcc-arm-none-eabi-8-2018-q4-major/bin/../lib/gcc/arm-none-eabi/8.2.1/../../../../arm-none-eabi/lib/thumb/v7e-m+fp/hard/libc_nano.a(lib_a-lock.o)
                0x00000000200002dc                __lock___atexit_recursive_mutex
                0x00000000200002dd                __lock___arc4random_mutex
                0x00000000200002de                __lock___env_recursive_mutex
                0x00000000200002df                __lock___sinit_recursive_mutex
                0x00000000200002e0                __lock___malloc_recursive_mutex
                0x00000000200002e1                __lock___at_quick_exit_mutex
                0x00000000200002e2                __lock___dd_hash_mutex
                0x00000000200002e3                __lock___tz_mutex
                0x00000000200002e4                __lock___sfp_recursive_mutex
                0x00000000200002e8                . = ALIGN (0x4)
 *fill*         0x00000000200002e5        0x3 
                0x00000000200002e8                _ebss = .
                0x00000000200002e8                __bss_end__ = _ebss

._user_heap_stack
                0x00000000200002e8      0x600
                0x00000000200002e8                . = ALIGN (0x4)
                0x00000000200002e8                PROVIDE (end = .)
                [!provide]                        PROVIDE (_end = .)
                0x00000000200004e8                . = (. + _Min_Heap_Size)
 *fill*         0x00000000200002e8      0x200 
                0x00000000200008e8                . = (. + _Min_Stack_Size)
 *fill*         0x00000000200004e8      0x400 
                0x00000000200008e8                . = ALIGN (0x4)

/DISCARD/
 libc.a(*)
 libm.a(*)
 libgcc.a(*)

.ARM.attributes
                0x0000000000000000       0x30
 *(.ARM.attributes)
 .ARM.attributes
                0x0000000000000000       0x1e /usr/local/bin/gcc-arm-none-eabi-8-2018-q4-major/bin/../lib/gcc/arm-none-eabi/8.2.1/thumb/v7e-m+fp/hard/crti.o
 .ARM.attributes
                0x000000000000001e       0x34 /usr/local/bin/gcc-arm-none-eabi-8-2018-q4-major/bin/../lib/gcc/arm-none-eabi/8.2.1/thumb/v7e-m+fp/hard/crtbegin.o
 .ARM.attributes
                0x0000000000000052       0x34 build/stm32f4xx_hal_msp.o
 .ARM.attributes
                0x0000000000000086       0x34 build/main.o
 .ARM.attributes
                0x00000000000000ba       0x34 build/stm32f4xx_it.o
 .ARM.attributes
                0x00000000000000ee       0x34 build/system_stm32f4xx.o
 .ARM.attributes
                0x0000000000000122       0x34 build/stm32f4xx_hal_adc.o
 .ARM.attributes
                0x0000000000000156       0x34 build/stm32f4xx_hal_gpio.o
 .ARM.attributes
                0x000000000000018a       0x34 build/stm32f4xx_hal_cortex.o
 .ARM.attributes
                0x00000000000001be       0x34 build/stm32f4xx_hal_dma.o
 .ARM.attributes
                0x00000000000001f2       0x34 build/stm32f4xx_hal_rcc.o
 .ARM.attributes
                0x0000000000000226       0x34 build/stm32f4xx_hal_pwr_ex.o
 .ARM.attributes
                0x000000000000025a       0x34 build/stm32f4xx_hal_rcc_ex.o
 .ARM.attributes
                0x000000000000028e       0x34 build/stm32f4xx_hal.o
 .ARM.attributes
                0x00000000000002c2       0x34 build/stm32469i_discovery.o
 .ARM.attributes
                0x00000000000002f6       0x21 build/startup_stm32f469xx.o
 .ARM.attributes
                0x0000000000000317       0x32 /usr/local/bin/gcc-arm-none-eabi-8-2018-q4-major/bin/../lib/gcc/arm-none-eabi/8.2.1/../../../../arm-none-eabi/lib/thumb/v7e-m+fp/hard/libc_nano.a(lib_a-impure.o)
 .ARM.attributes
                0x0000000000000349       0x34 /usr/local/bin/gcc-arm-none-eabi-8-2018-q4-major/bin/../lib/gcc/arm-none-eabi/8.2.1/../../../../arm-none-eabi/lib/thumb/v7e-m+fp/hard/libc_nano.a(lib_a-init.o)
 .ARM.attributes
                0x000000000000037d       0x34 /usr/local/bin/gcc-arm-none-eabi-8-2018-q4-major/bin/../lib/gcc/arm-none-eabi/8.2.1/../../../../arm-none-eabi/lib/thumb/v7e-m+fp/hard/libc_nano.a(lib_a-memset.o)
 .ARM.attributes
                0x00000000000003b1       0x34 /usr/local/bin/gcc-arm-none-eabi-8-2018-q4-major/bin/../lib/gcc/arm-none-eabi/8.2.1/../../../../arm-none-eabi/lib/thumb/v7e-m+fp/hard/libc_nano.a(lib_a-nano-vfprintf_float.o)
 .ARM.attributes
                0x00000000000003e5       0x34 /usr/local/bin/gcc-arm-none-eabi-8-2018-q4-major/bin/../lib/gcc/arm-none-eabi/8.2.1/../../../../arm-none-eabi/lib/thumb/v7e-m+fp/hard/libc_nano.a(lib_a-nano-vfprintf_i.o)
 .ARM.attributes
                0x0000000000000419       0x17 /usr/local/bin/gcc-arm-none-eabi-8-2018-q4-major/bin/../lib/gcc/arm-none-eabi/8.2.1/../../../../arm-none-eabi/lib/thumb/v7e-m+fp/hard/libc_nano.a(lib_a-strlen.o)
 .ARM.attributes
                0x0000000000000430       0x34 /usr/local/bin/gcc-arm-none-eabi-8-2018-q4-major/bin/../lib/gcc/arm-none-eabi/8.2.1/../../../../arm-none-eabi/lib/thumb/v7e-m+fp/hard/libc_nano.a(lib_a-dtoa.o)
 .ARM.attributes
                0x0000000000000464       0x34 /usr/local/bin/gcc-arm-none-eabi-8-2018-q4-major/bin/../lib/gcc/arm-none-eabi/8.2.1/../../../../arm-none-eabi/lib/thumb/v7e-m+fp/hard/libc_nano.a(lib_a-localeconv.o)
 .ARM.attributes
                0x0000000000000498       0x34 /usr/local/bin/gcc-arm-none-eabi-8-2018-q4-major/bin/../lib/gcc/arm-none-eabi/8.2.1/../../../../arm-none-eabi/lib/thumb/v7e-m+fp/hard/libc_nano.a(lib_a-malloc.o)
 .ARM.attributes
                0x00000000000004cc       0x34 /usr/local/bin/gcc-arm-none-eabi-8-2018-q4-major/bin/../lib/gcc/arm-none-eabi/8.2.1/../../../../arm-none-eabi/lib/thumb/v7e-m+fp/hard/libc_nano.a(lib_a-memcpy-stub.o)
 .ARM.attributes
                0x0000000000000500       0x34 /usr/local/bin/gcc-arm-none-eabi-8-2018-q4-major/bin/../lib/gcc/arm-none-eabi/8.2.1/../../../../arm-none-eabi/lib/thumb/v7e-m+fp/hard/libc_nano.a(lib_a-mprec.o)
 .ARM.attributes
                0x0000000000000534       0x34 /usr/local/bin/gcc-arm-none-eabi-8-2018-q4-major/bin/../lib/gcc/arm-none-eabi/8.2.1/../../../../arm-none-eabi/lib/thumb/v7e-m+fp/hard/libc_nano.a(lib_a-nano-callocr.o)
 .ARM.attributes
                0x0000000000000568       0x34 /usr/local/bin/gcc-arm-none-eabi-8-2018-q4-major/bin/../lib/gcc/arm-none-eabi/8.2.1/../../../../arm-none-eabi/lib/thumb/v7e-m+fp/hard/libc_nano.a(lib_a-nano-mallocr.o)
 .ARM.attributes
                0x000000000000059c       0x34 /usr/local/bin/gcc-arm-none-eabi-8-2018-q4-major/bin/../lib/gcc/arm-none-eabi/8.2.1/../../../../arm-none-eabi/lib/thumb/v7e-m+fp/hard/libc_nano.a(lib_a-sbrkr.o)
 .ARM.attributes
                0x00000000000005d0       0x34 /usr/local/bin/gcc-arm-none-eabi-8-2018-q4-major/bin/../lib/gcc/arm-none-eabi/8.2.1/../../../../arm-none-eabi/lib/thumb/v7e-m+fp/hard/libc_nano.a(lib_a-locale.o)
 .ARM.attributes
                0x0000000000000604       0x34 /usr/local/bin/gcc-arm-none-eabi-8-2018-q4-major/bin/../lib/gcc/arm-none-eabi/8.2.1/../../../../arm-none-eabi/lib/thumb/v7e-m+fp/hard/libc_nano.a(lib_a-mbtowc_r.o)
 .ARM.attributes
                0x0000000000000638       0x34 /usr/local/bin/gcc-arm-none-eabi-8-2018-q4-major/bin/../lib/gcc/arm-none-eabi/8.2.1/../../../../arm-none-eabi/lib/thumb/v7e-m+fp/hard/libc_nano.a(lib_a-mlock.o)
 .ARM.attributes
                0x000000000000066c       0x34 /usr/local/bin/gcc-arm-none-eabi-8-2018-q4-major/bin/../lib/gcc/arm-none-eabi/8.2.1/../../../../arm-none-eabi/lib/thumb/v7e-m+fp/hard/libc_nano.a(lib_a-reent.o)
 .ARM.attributes
                0x00000000000006a0       0x34 /usr/local/bin/gcc-arm-none-eabi-8-2018-q4-major/bin/../lib/gcc/arm-none-eabi/8.2.1/../../../../arm-none-eabi/lib/thumb/v7e-m+fp/hard/libc_nano.a(lib_a-wctomb_r.o)
 .ARM.attributes
                0x00000000000006d4       0x32 /usr/local/bin/gcc-arm-none-eabi-8-2018-q4-major/bin/../lib/gcc/arm-none-eabi/8.2.1/../../../../arm-none-eabi/lib/thumb/v7e-m+fp/hard/libc_nano.a(lib_a-ctype_.o)
 .ARM.attributes
                0x0000000000000706       0x34 /usr/local/bin/gcc-arm-none-eabi-8-2018-q4-major/bin/../lib/gcc/arm-none-eabi/8.2.1/../../../../arm-none-eabi/lib/thumb/v7e-m+fp/hard/libc_nano.a(lib_a-lock.o)
 .ARM.attributes
                0x000000000000073a       0x34 /usr/local/bin/gcc-arm-none-eabi-8-2018-q4-major/bin/../lib/gcc/arm-none-eabi/8.2.1/../../../../arm-none-eabi/lib/thumb/v7e-m+fp/hard/libnosys.a(sbrk.o)
 .ARM.attributes
                0x000000000000076e       0x1e /usr/local/bin/gcc-arm-none-eabi-8-2018-q4-major/bin/../lib/gcc/arm-none-eabi/8.2.1/thumb/v7e-m+fp/hard/libgcc.a(_arm_addsubdf3.o)
 .ARM.attributes
                0x000000000000078c       0x1e /usr/local/bin/gcc-arm-none-eabi-8-2018-q4-major/bin/../lib/gcc/arm-none-eabi/8.2.1/thumb/v7e-m+fp/hard/libgcc.a(_arm_muldivdf3.o)
 .ARM.attributes
                0x00000000000007aa       0x1e /usr/local/bin/gcc-arm-none-eabi-8-2018-q4-major/bin/../lib/gcc/arm-none-eabi/8.2.1/thumb/v7e-m+fp/hard/libgcc.a(_arm_cmpdf2.o)
 .ARM.attributes
                0x00000000000007c8       0x1e /usr/local/bin/gcc-arm-none-eabi-8-2018-q4-major/bin/../lib/gcc/arm-none-eabi/8.2.1/thumb/v7e-m+fp/hard/libgcc.a(_arm_unorddf2.o)
 .ARM.attributes
                0x00000000000007e6       0x1e /usr/local/bin/gcc-arm-none-eabi-8-2018-q4-major/bin/../lib/gcc/arm-none-eabi/8.2.1/thumb/v7e-m+fp/hard/libgcc.a(_arm_fixdfsi.o)
 .ARM.attributes
                0x0000000000000804       0x1e /usr/local/bin/gcc-arm-none-eabi-8-2018-q4-major/bin/../lib/gcc/arm-none-eabi/8.2.1/thumb/v7e-m+fp/hard/libgcc.a(_aeabi_uldivmod.o)
 .ARM.attributes
                0x0000000000000822       0x34 /usr/local/bin/gcc-arm-none-eabi-8-2018-q4-major/bin/../lib/gcc/arm-none-eabi/8.2.1/thumb/v7e-m+fp/hard/libgcc.a(_udivmoddi4.o)
 .ARM.attributes
                0x0000000000000856       0x1e /usr/local/bin/gcc-arm-none-eabi-8-2018-q4-major/bin/../lib/gcc/arm-none-eabi/8.2.1/thumb/v7e-m+fp/hard/libgcc.a(_dvmd_tls.o)
 .ARM.attributes
                0x0000000000000874       0x1e /usr/local/bin/gcc-arm-none-eabi-8-2018-q4-major/bin/../lib/gcc/arm-none-eabi/8.2.1/thumb/v7e-m+fp/hard/crtn.o
OUTPUT(build/adc.elf elf32-littlearm)

.debug_info     0x0000000000000000    0x12b07
 .debug_info    0x0000000000000000     0x1767 build/stm32f4xx_hal_msp.o
 .debug_info    0x0000000000001767     0x176d build/main.o
 .debug_info    0x0000000000002ed4     0x1123 build/stm32f4xx_it.o
 .debug_info    0x0000000000003ff7      0xf83 build/system_stm32f4xx.o
 .debug_info    0x0000000000004f7a     0x19c3 build/stm32f4xx_hal_adc.o
 .debug_info    0x000000000000693d     0x125d build/stm32f4xx_hal_gpio.o
 .debug_info    0x0000000000007b9a     0x1bab build/stm32f4xx_hal_cortex.o
 .debug_info    0x0000000000009745     0x15ae build/stm32f4xx_hal_dma.o
 .debug_info    0x000000000000acf3     0x158c build/stm32f4xx_hal_rcc.o
 .debug_info    0x000000000000c27f     0x12d9 build/stm32f4xx_hal_pwr_ex.o
 .debug_info    0x000000000000d558     0x15db build/stm32f4xx_hal_rcc_ex.o
 .debug_info    0x000000000000eb33     0x1524 build/stm32f4xx_hal.o
 .debug_info    0x0000000000010057     0x2a8e build/stm32469i_discovery.o
 .debug_info    0x0000000000012ae5       0x22 build/startup_stm32f469xx.o

.debug_abbrev   0x0000000000000000     0x27fa
 .debug_abbrev  0x0000000000000000      0x26a build/stm32f4xx_hal_msp.o
 .debug_abbrev  0x000000000000026a      0x2cb build/main.o
 .debug_abbrev  0x0000000000000535      0x232 build/stm32f4xx_it.o
 .debug_abbrev  0x0000000000000767      0x21a build/system_stm32f4xx.o
 .debug_abbrev  0x0000000000000981      0x357 build/stm32f4xx_hal_adc.o
 .debug_abbrev  0x0000000000000cd8      0x30a build/stm32f4xx_hal_gpio.o
 .debug_abbrev  0x0000000000000fe2      0x462 build/stm32f4xx_hal_cortex.o
 .debug_abbrev  0x0000000000001444      0x39c build/stm32f4xx_hal_dma.o
 .debug_abbrev  0x00000000000017e0      0x37f build/stm32f4xx_hal_rcc.o
 .debug_abbrev  0x0000000000001b5f      0x30d build/stm32f4xx_hal_pwr_ex.o
 .debug_abbrev  0x0000000000001e6c      0x2be build/stm32f4xx_hal_rcc_ex.o
 .debug_abbrev  0x000000000000212a      0x325 build/stm32f4xx_hal.o
 .debug_abbrev  0x000000000000244f      0x399 build/stm32469i_discovery.o
 .debug_abbrev  0x00000000000027e8       0x12 build/startup_stm32f469xx.o

.debug_loc      0x0000000000000000     0x5428
 .debug_loc     0x0000000000000000       0xaf build/stm32f4xx_hal_msp.o
 .debug_loc     0x00000000000000af      0x107 build/main.o
 .debug_loc     0x00000000000001b6       0x40 build/stm32f4xx_it.o
 .debug_loc     0x00000000000001f6      0x16c build/system_stm32f4xx.o
 .debug_loc     0x0000000000000362      0xd2c build/stm32f4xx_hal_adc.o
 .debug_loc     0x000000000000108e      0x5ca build/stm32f4xx_hal_gpio.o
 .debug_loc     0x0000000000001658      0x790 build/stm32f4xx_hal_cortex.o
 .debug_loc     0x0000000000001de8      0xed7 build/stm32f4xx_hal_dma.o
 .debug_loc     0x0000000000002cbf      0x68d build/stm32f4xx_hal_rcc.o
 .debug_loc     0x000000000000334c      0x34c build/stm32f4xx_hal_pwr_ex.o
 .debug_loc     0x0000000000003698      0x96a build/stm32f4xx_hal_rcc_ex.o
 .debug_loc     0x0000000000004002      0x1cc build/stm32f4xx_hal.o
 .debug_loc     0x00000000000041ce     0x125a build/stm32469i_discovery.o

.debug_aranges  0x0000000000000000      0x730
 .debug_aranges
                0x0000000000000000       0x28 build/stm32f4xx_hal_msp.o
 .debug_aranges
                0x0000000000000028       0x38 build/main.o
 .debug_aranges
                0x0000000000000060       0x68 build/stm32f4xx_it.o
 .debug_aranges
                0x00000000000000c8       0x28 build/system_stm32f4xx.o
 .debug_aranges
                0x00000000000000f0       0xe8 build/stm32f4xx_hal_adc.o
 .debug_aranges
                0x00000000000001d8       0x58 build/stm32f4xx_hal_gpio.o
 .debug_aranges
                0x0000000000000230       0xa8 build/stm32f4xx_hal_cortex.o
 .debug_aranges
                0x00000000000002d8       0x90 build/stm32f4xx_hal_dma.o
 .debug_aranges
                0x0000000000000368       0x88 build/stm32f4xx_hal_rcc.o
 .debug_aranges
                0x00000000000003f0       0x70 build/stm32f4xx_hal_pwr_ex.o
 .debug_aranges
                0x0000000000000460       0x70 build/stm32f4xx_hal_rcc_ex.o
 .debug_aranges
                0x00000000000004d0       0xf0 build/stm32f4xx_hal.o
 .debug_aranges
                0x00000000000005c0      0x148 build/stm32469i_discovery.o
 .debug_aranges
                0x0000000000000708       0x28 build/startup_stm32f469xx.o

.debug_ranges   0x0000000000000000      0x6d0
 .debug_ranges  0x0000000000000000       0x18 build/stm32f4xx_hal_msp.o
 .debug_ranges  0x0000000000000018       0x28 build/main.o
 .debug_ranges  0x0000000000000040       0x58 build/stm32f4xx_it.o
 .debug_ranges  0x0000000000000098       0x18 build/system_stm32f4xx.o
 .debug_ranges  0x00000000000000b0       0xd8 build/stm32f4xx_hal_adc.o
 .debug_ranges  0x0000000000000188       0x48 build/stm32f4xx_hal_gpio.o
 .debug_ranges  0x00000000000001d0       0xe0 build/stm32f4xx_hal_cortex.o
 .debug_ranges  0x00000000000002b0       0x80 build/stm32f4xx_hal_dma.o
 .debug_ranges  0x0000000000000330       0x90 build/stm32f4xx_hal_rcc.o
 .debug_ranges  0x00000000000003c0       0x60 build/stm32f4xx_hal_pwr_ex.o
 .debug_ranges  0x0000000000000420       0x78 build/stm32f4xx_hal_rcc_ex.o
 .debug_ranges  0x0000000000000498       0xe0 build/stm32f4xx_hal.o
 .debug_ranges  0x0000000000000578      0x138 build/stm32469i_discovery.o
 .debug_ranges  0x00000000000006b0       0x20 build/startup_stm32f469xx.o

.debug_line     0x0000000000000000     0x736a
 .debug_line    0x0000000000000000      0x3e5 build/stm32f4xx_hal_msp.o
 .debug_line    0x00000000000003e5      0x5a4 build/main.o
 .debug_line    0x0000000000000989      0x3e1 build/stm32f4xx_it.o
 .debug_line    0x0000000000000d6a      0x361 build/system_stm32f4xx.o
 .debug_line    0x00000000000010cb     0x1087 build/stm32f4xx_hal_adc.o
 .debug_line    0x0000000000002152      0x81f build/stm32f4xx_hal_gpio.o
 .debug_line    0x0000000000002971      0x85b build/stm32f4xx_hal_cortex.o
 .debug_line    0x00000000000031cc      0xf17 build/stm32f4xx_hal_dma.o
 .debug_line    0x00000000000040e3      0xbd8 build/stm32f4xx_hal_rcc.o
 .debug_line    0x0000000000004cbb      0x63e build/stm32f4xx_hal_pwr_ex.o
 .debug_line    0x00000000000052f9      0xeab build/stm32f4xx_hal_rcc_ex.o
 .debug_line    0x00000000000061a4      0x6a9 build/stm32f4xx_hal.o
 .debug_line    0x000000000000684d      0xaa0 build/stm32469i_discovery.o
 .debug_line    0x00000000000072ed       0x7d build/startup_stm32f469xx.o

.debug_str      0x0000000000000000     0x3014
 .debug_str     0x0000000000000000     0x10a8 build/stm32f4xx_hal_msp.o
                                       0x1160 (size before relaxing)
 .debug_str     0x00000000000010a8      0x2cb build/main.o
                                        0xdcc (size before relaxing)
 .debug_str     0x0000000000001373       0xda build/stm32f4xx_it.o
                                        0xaaf (size before relaxing)
 .debug_str     0x000000000000144d       0xa7 build/system_stm32f4xx.o
                                        0x7ce (size before relaxing)
 .debug_str     0x00000000000014f4      0x2e0 build/stm32f4xx_hal_adc.o
                                        0xdd9 (size before relaxing)
 .debug_str     0x00000000000017d4      0x182 build/stm32f4xx_hal_gpio.o
                                        0x999 (size before relaxing)
 .debug_str     0x0000000000001956      0x3d5 build/stm32f4xx_hal_cortex.o
                                       0x112a (size before relaxing)
 .debug_str     0x0000000000001d2b      0x2fb build/stm32f4xx_hal_dma.o
                                        0xc0c (size before relaxing)
 .debug_str     0x0000000000002026      0x1e4 build/stm32f4xx_hal_rcc.o
                                        0xb71 (size before relaxing)
 .debug_str     0x000000000000220a      0x1cf build/stm32f4xx_hal_pwr_ex.o
                                        0x9e9 (size before relaxing)
 .debug_str     0x00000000000023d9      0x29e build/stm32f4xx_hal_rcc_ex.o
                                        0xb5d (size before relaxing)
 .debug_str     0x0000000000002677      0x2f7 build/stm32f4xx_hal.o
                                       0x10a1 (size before relaxing)
 .debug_str     0x000000000000296e      0x678 build/stm32469i_discovery.o
                                       0x1731 (size before relaxing)
 .debug_str     0x0000000000002fe6       0x2e build/startup_stm32f469xx.o
                                         0xa1 (size before relaxing)

.comment        0x0000000000000000       0x75
 .comment       0x0000000000000000       0x75 build/stm32f4xx_hal_msp.o
                                         0x76 (size before relaxing)
 .comment       0x0000000000000075       0x76 build/main.o
 .comment       0x0000000000000075       0x76 build/stm32f4xx_it.o
 .comment       0x0000000000000075       0x76 build/system_stm32f4xx.o
 .comment       0x0000000000000075       0x76 build/stm32f4xx_hal_adc.o
 .comment       0x0000000000000075       0x76 build/stm32f4xx_hal_gpio.o
 .comment       0x0000000000000075       0x76 build/stm32f4xx_hal_cortex.o
 .comment       0x0000000000000075       0x76 build/stm32f4xx_hal_dma.o
 .comment       0x0000000000000075       0x76 build/stm32f4xx_hal_rcc.o
 .comment       0x0000000000000075       0x76 build/stm32f4xx_hal_pwr_ex.o
 .comment       0x0000000000000075       0x76 build/stm32f4xx_hal_rcc_ex.o
 .comment       0x0000000000000075       0x76 build/stm32f4xx_hal.o
 .comment       0x0000000000000075       0x76 build/stm32469i_discovery.o

.debug_frame    0x0000000000000000     0x1ce8
 .debug_frame   0x0000000000000000       0x54 build/stm32f4xx_hal_msp.o
 .debug_frame   0x0000000000000054       0x84 build/main.o
 .debug_frame   0x00000000000000d8       0xc8 build/stm32f4xx_it.o
 .debug_frame   0x00000000000001a0       0x30 build/system_stm32f4xx.o
 .debug_frame   0x00000000000001d0      0x2b8 build/stm32f4xx_hal_adc.o
 .debug_frame   0x0000000000000488       0xec build/stm32f4xx_hal_gpio.o
 .debug_frame   0x0000000000000574      0x16c build/stm32f4xx_hal_cortex.o
 .debug_frame   0x00000000000006e0      0x1c8 build/stm32f4xx_hal_dma.o
 .debug_frame   0x00000000000008a8      0x1b0 build/stm32f4xx_hal_rcc.o
 .debug_frame   0x0000000000000a58      0x120 build/stm32f4xx_hal_pwr_ex.o
 .debug_frame   0x0000000000000b78      0x13c build/stm32f4xx_hal_rcc_ex.o
 .debug_frame   0x0000000000000cb4      0x200 build/stm32f4xx_hal.o
 .debug_frame   0x0000000000000eb4      0x49c build/stm32469i_discovery.o
 .debug_frame   0x0000000000001350       0x2c /usr/local/bin/gcc-arm-none-eabi-8-2018-q4-major/bin/../lib/gcc/arm-none-eabi/8.2.1/../../../../arm-none-eabi/lib/thumb/v7e-m+fp/hard/libc_nano.a(lib_a-init.o)
 .debug_frame   0x000000000000137c       0x20 /usr/local/bin/gcc-arm-none-eabi-8-2018-q4-major/bin/../lib/gcc/arm-none-eabi/8.2.1/../../../../arm-none-eabi/lib/thumb/v7e-m+fp/hard/libc_nano.a(lib_a-memset.o)
 .debug_frame   0x000000000000139c       0x90 /usr/local/bin/gcc-arm-none-eabi-8-2018-q4-major/bin/../lib/gcc/arm-none-eabi/8.2.1/../../../../arm-none-eabi/lib/thumb/v7e-m+fp/hard/libc_nano.a(lib_a-nano-vfprintf_float.o)
 .debug_frame   0x000000000000142c       0x60 /usr/local/bin/gcc-arm-none-eabi-8-2018-q4-major/bin/../lib/gcc/arm-none-eabi/8.2.1/../../../../arm-none-eabi/lib/thumb/v7e-m+fp/hard/libc_nano.a(lib_a-nano-vfprintf_i.o)
 .debug_frame   0x000000000000148c       0x6c /usr/local/bin/gcc-arm-none-eabi-8-2018-q4-major/bin/../lib/gcc/arm-none-eabi/8.2.1/../../../../arm-none-eabi/lib/thumb/v7e-m+fp/hard/libc_nano.a(lib_a-dtoa.o)
 .debug_frame   0x00000000000014f8       0x40 /usr/local/bin/gcc-arm-none-eabi-8-2018-q4-major/bin/../lib/gcc/arm-none-eabi/8.2.1/../../../../arm-none-eabi/lib/thumb/v7e-m+fp/hard/libc_nano.a(lib_a-localeconv.o)
 .debug_frame   0x0000000000001538       0x30 /usr/local/bin/gcc-arm-none-eabi-8-2018-q4-major/bin/../lib/gcc/arm-none-eabi/8.2.1/../../../../arm-none-eabi/lib/thumb/v7e-m+fp/hard/libc_nano.a(lib_a-malloc.o)
 .debug_frame   0x0000000000001568       0x28 /usr/local/bin/gcc-arm-none-eabi-8-2018-q4-major/bin/../lib/gcc/arm-none-eabi/8.2.1/../../../../arm-none-eabi/lib/thumb/v7e-m+fp/hard/libc_nano.a(lib_a-memcpy-stub.o)
 .debug_frame   0x0000000000001590      0x244 /usr/local/bin/gcc-arm-none-eabi-8-2018-q4-major/bin/../lib/gcc/arm-none-eabi/8.2.1/../../../../arm-none-eabi/lib/thumb/v7e-m+fp/hard/libc_nano.a(lib_a-mprec.o)
 .debug_frame   0x00000000000017d4       0x2c /usr/local/bin/gcc-arm-none-eabi-8-2018-q4-major/bin/../lib/gcc/arm-none-eabi/8.2.1/../../../../arm-none-eabi/lib/thumb/v7e-m+fp/hard/libc_nano.a(lib_a-nano-callocr.o)
 .debug_frame   0x0000000000001800       0x30 /usr/local/bin/gcc-arm-none-eabi-8-2018-q4-major/bin/../lib/gcc/arm-none-eabi/8.2.1/../../../../arm-none-eabi/lib/thumb/v7e-m+fp/hard/libc_nano.a(lib_a-nano-mallocr.o)
 .debug_frame   0x0000000000001830       0x2c /usr/local/bin/gcc-arm-none-eabi-8-2018-q4-major/bin/../lib/gcc/arm-none-eabi/8.2.1/../../../../arm-none-eabi/lib/thumb/v7e-m+fp/hard/libc_nano.a(lib_a-sbrkr.o)
 .debug_frame   0x000000000000185c       0x48 /usr/local/bin/gcc-arm-none-eabi-8-2018-q4-major/bin/../lib/gcc/arm-none-eabi/8.2.1/../../../../arm-none-eabi/lib/thumb/v7e-m+fp/hard/libc_nano.a(lib_a-locale.o)
 .debug_frame   0x00000000000018a4       0x48 /usr/local/bin/gcc-arm-none-eabi-8-2018-q4-major/bin/../lib/gcc/arm-none-eabi/8.2.1/../../../../arm-none-eabi/lib/thumb/v7e-m+fp/hard/libc_nano.a(lib_a-mbtowc_r.o)
 .debug_frame   0x00000000000018ec       0x30 /usr/local/bin/gcc-arm-none-eabi-8-2018-q4-major/bin/../lib/gcc/arm-none-eabi/8.2.1/../../../../arm-none-eabi/lib/thumb/v7e-m+fp/hard/libc_nano.a(lib_a-mlock.o)
 .debug_frame   0x000000000000191c       0x5c /usr/local/bin/gcc-arm-none-eabi-8-2018-q4-major/bin/../lib/gcc/arm-none-eabi/8.2.1/../../../../arm-none-eabi/lib/thumb/v7e-m+fp/hard/libc_nano.a(lib_a-reent.o)
 .debug_frame   0x0000000000001978       0x3c /usr/local/bin/gcc-arm-none-eabi-8-2018-q4-major/bin/../lib/gcc/arm-none-eabi/8.2.1/../../../../arm-none-eabi/lib/thumb/v7e-m+fp/hard/libc_nano.a(lib_a-wctomb_r.o)
 .debug_frame   0x00000000000019b4       0xb0 /usr/local/bin/gcc-arm-none-eabi-8-2018-q4-major/bin/../lib/gcc/arm-none-eabi/8.2.1/../../../../arm-none-eabi/lib/thumb/v7e-m+fp/hard/libc_nano.a(lib_a-lock.o)
 .debug_frame   0x0000000000001a64       0x20 /usr/local/bin/gcc-arm-none-eabi-8-2018-q4-major/bin/../lib/gcc/arm-none-eabi/8.2.1/../../../../arm-none-eabi/lib/thumb/v7e-m+fp/hard/libnosys.a(sbrk.o)
 .debug_frame   0x0000000000001a84       0xac /usr/local/bin/gcc-arm-none-eabi-8-2018-q4-major/bin/../lib/gcc/arm-none-eabi/8.2.1/thumb/v7e-m+fp/hard/libgcc.a(_arm_addsubdf3.o)
 .debug_frame   0x0000000000001b30       0x50 /usr/local/bin/gcc-arm-none-eabi-8-2018-q4-major/bin/../lib/gcc/arm-none-eabi/8.2.1/thumb/v7e-m+fp/hard/libgcc.a(_arm_muldivdf3.o)
 .debug_frame   0x0000000000001b80       0xc4 /usr/local/bin/gcc-arm-none-eabi-8-2018-q4-major/bin/../lib/gcc/arm-none-eabi/8.2.1/thumb/v7e-m+fp/hard/libgcc.a(_arm_cmpdf2.o)
 .debug_frame   0x0000000000001c44       0x20 /usr/local/bin/gcc-arm-none-eabi-8-2018-q4-major/bin/../lib/gcc/arm-none-eabi/8.2.1/thumb/v7e-m+fp/hard/libgcc.a(_arm_unorddf2.o)
 .debug_frame   0x0000000000001c64       0x24 /usr/local/bin/gcc-arm-none-eabi-8-2018-q4-major/bin/../lib/gcc/arm-none-eabi/8.2.1/thumb/v7e-m+fp/hard/libgcc.a(_arm_fixdfsi.o)
 .debug_frame   0x0000000000001c88       0x2c /usr/local/bin/gcc-arm-none-eabi-8-2018-q4-major/bin/../lib/gcc/arm-none-eabi/8.2.1/thumb/v7e-m+fp/hard/libgcc.a(_aeabi_uldivmod.o)
 .debug_frame   0x0000000000001cb4       0x34 /usr/local/bin/gcc-arm-none-eabi-8-2018-q4-major/bin/../lib/gcc/arm-none-eabi/8.2.1/thumb/v7e-m+fp/hard/libgcc.a(_udivmoddi4.o)

Cross Reference Table

Symbol                                            File
ADC_IRQHandler                                    build/startup_stm32f469xx.o
AHBPrescTable                                     build/system_stm32f4xx.o
                                                  build/stm32f4xx_ll_utils.o
                                                  build/stm32f4xx_hal_rcc.o
APBPrescTable                                     build/system_stm32f4xx.o
                                                  build/stm32f4xx_hal_rcc.o
AUDIO_IO_DeInit                                   build/stm32469i_discovery.o
AUDIO_IO_Delay                                    build/stm32469i_discovery.o
AUDIO_IO_Init                                     build/stm32469i_discovery.o
AUDIO_IO_Read                                     build/stm32469i_discovery.o
AUDIO_IO_Write                                    build/stm32469i_discovery.o
AdcHandle                                         build/main.o
                                                  build/stm32f4xx_it.o
BSP_GetVersion                                    build/stm32469i_discovery.o
BSP_LED_DeInit                                    build/stm32469i_discovery.o
BSP_LED_Init                                      build/stm32469i_discovery.o
                                                  build/main.o
BSP_LED_Off                                       build/stm32469i_discovery.o
BSP_LED_On                                        build/stm32469i_discovery.o
                                                  build/main.o
BSP_LED_Toggle                                    build/stm32469i_discovery.o
BSP_PB_DeInit                                     build/stm32469i_discovery.o
BSP_PB_GetState                                   build/stm32469i_discovery.o
BSP_PB_Init                                       build/stm32469i_discovery.o
BUTTON_IRQn                                       build/stm32469i_discovery.o
BUTTON_PIN                                        build/stm32469i_discovery.o
BUTTON_PORT                                       build/stm32469i_discovery.o
BusFault_Handler                                  build/stm32f4xx_it.o
CAN1_RX0_IRQHandler                               build/startup_stm32f469xx.o
CAN1_RX1_IRQHandler                               build/startup_stm32f469xx.o
CAN1_SCE_IRQHandler                               build/startup_stm32f469xx.o
CAN1_TX_IRQHandler                                build/startup_stm32f469xx.o
CAN2_RX0_IRQHandler                               build/startup_stm32f469xx.o
CAN2_RX1_IRQHandler                               build/startup_stm32f469xx.o
CAN2_SCE_IRQHandler                               build/startup_stm32f469xx.o
CAN2_TX_IRQHandler                                build/startup_stm32f469xx.o
DCMI_IRQHandler                                   build/startup_stm32f469xx.o
DMA1_Stream0_IRQHandler                           build/startup_stm32f469xx.o
DMA1_Stream1_IRQHandler                           build/startup_stm32f469xx.o
DMA1_Stream2_IRQHandler                           build/startup_stm32f469xx.o
DMA1_Stream3_IRQHandler                           build/startup_stm32f469xx.o
DMA1_Stream4_IRQHandler                           build/startup_stm32f469xx.o
DMA1_Stream5_IRQHandler                           build/startup_stm32f469xx.o
DMA1_Stream6_IRQHandler                           build/startup_stm32f469xx.o
DMA1_Stream7_IRQHandler                           build/startup_stm32f469xx.o
DMA2D_IRQHandler                                  build/startup_stm32f469xx.o
DMA2_Stream0_IRQHandler                           build/startup_stm32f469xx.o
DMA2_Stream1_IRQHandler                           build/startup_stm32f469xx.o
DMA2_Stream2_IRQHandler                           build/startup_stm32f469xx.o
DMA2_Stream3_IRQHandler                           build/stm32f4xx_it.o
DMA2_Stream4_IRQHandler                           build/startup_stm32f469xx.o
DMA2_Stream5_IRQHandler                           build/startup_stm32f469xx.o
DMA2_Stream6_IRQHandler                           build/startup_stm32f469xx.o
DMA2_Stream7_IRQHandler                           build/startup_stm32f469xx.o
DSI_IRQHandler                                    build/startup_stm32f469xx.o
DebugMon_Handler                                  build/stm32f4xx_it.o
Default_Handler                                   build/startup_stm32f469xx.o
EEPROM_IO_Init                                    build/stm32469i_discovery.o
EEPROM_IO_IsDeviceReady                           build/stm32469i_discovery.o
EEPROM_IO_ReadData                                build/stm32469i_discovery.o
EEPROM_IO_WriteData                               build/stm32469i_discovery.o
ETH_IRQHandler                                    build/startup_stm32f469xx.o
ETH_WKUP_IRQHandler                               build/startup_stm32f469xx.o
EXTI0_IRQHandler                                  build/startup_stm32f469xx.o
EXTI15_10_IRQHandler                              build/startup_stm32f469xx.o
EXTI1_IRQHandler                                  build/startup_stm32f469xx.o
EXTI2_IRQHandler                                  build/startup_stm32f469xx.o
EXTI3_IRQHandler                                  build/startup_stm32f469xx.o
EXTI4_IRQHandler                                  build/startup_stm32f469xx.o
EXTI9_5_IRQHandler                                build/startup_stm32f469xx.o
FLASH_Erase_Sector                                build/stm32f4xx_hal_flash_ex.o
                                                  build/stm32f4xx_hal_flash.o
FLASH_FlushCaches                                 build/stm32f4xx_hal_flash_ex.o
                                                  build/stm32f4xx_hal_flash.o
FLASH_IRQHandler                                  build/startup_stm32f469xx.o
FLASH_WaitForLastOperation                        build/stm32f4xx_hal_flash.o
                                                  build/stm32f4xx_hal_flash_ex.o
FMC_IRQHandler                                    build/startup_stm32f469xx.o
FPU_IRQHandler                                    build/startup_stm32f469xx.o
GPIO_PIN                                          build/stm32469i_discovery.o
GPIO_PORT                                         build/stm32469i_discovery.o
HAL_ADCEx_InjectedConfigChannel                   build/stm32f4xx_hal_adc_ex.o
HAL_ADCEx_InjectedConvCpltCallback                build/stm32f4xx_hal_adc_ex.o
                                                  build/stm32f4xx_hal_adc.o
HAL_ADCEx_InjectedGetValue                        build/stm32f4xx_hal_adc_ex.o
HAL_ADCEx_InjectedPollForConversion               build/stm32f4xx_hal_adc_ex.o
HAL_ADCEx_InjectedStart                           build/stm32f4xx_hal_adc_ex.o
HAL_ADCEx_InjectedStart_IT                        build/stm32f4xx_hal_adc_ex.o
HAL_ADCEx_InjectedStop                            build/stm32f4xx_hal_adc_ex.o
HAL_ADCEx_InjectedStop_IT                         build/stm32f4xx_hal_adc_ex.o
HAL_ADCEx_MultiModeConfigChannel                  build/stm32f4xx_hal_adc_ex.o
HAL_ADCEx_MultiModeGetValue                       build/stm32f4xx_hal_adc_ex.o
HAL_ADCEx_MultiModeStart_DMA                      build/stm32f4xx_hal_adc_ex.o
HAL_ADCEx_MultiModeStop_DMA                       build/stm32f4xx_hal_adc_ex.o
HAL_ADC_AnalogWDGConfig                           build/stm32f4xx_hal_adc.o
HAL_ADC_ConfigChannel                             build/stm32f4xx_hal_adc.o
                                                  build/main.o
HAL_ADC_ConvCpltCallback                          build/main.o
                                                  build/stm32f4xx_hal_adc_ex.o
HAL_ADC_ConvHalfCpltCallback                      build/stm32f4xx_hal_adc.o
                                                  build/stm32f4xx_hal_adc_ex.o
HAL_ADC_DeInit                                    build/stm32f4xx_hal_adc.o
HAL_ADC_ErrorCallback                             build/stm32f4xx_hal_adc.o
                                                  build/stm32f4xx_hal_adc_ex.o
HAL_ADC_GetError                                  build/stm32f4xx_hal_adc.o
HAL_ADC_GetState                                  build/stm32f4xx_hal_adc.o
HAL_ADC_GetValue                                  build/stm32f4xx_hal_adc.o
HAL_ADC_IRQHandler                                build/stm32f4xx_hal_adc.o
HAL_ADC_Init                                      build/stm32f4xx_hal_adc.o
                                                  build/main.o
HAL_ADC_LevelOutOfWindowCallback                  build/stm32f4xx_hal_adc.o
HAL_ADC_MspDeInit                                 build/stm32f4xx_hal_msp.o
HAL_ADC_MspInit                                   build/stm32f4xx_hal_msp.o
HAL_ADC_PollForConversion                         build/stm32f4xx_hal_adc.o
HAL_ADC_PollForEvent                              build/stm32f4xx_hal_adc.o
HAL_ADC_Start                                     build/stm32f4xx_hal_adc.o
HAL_ADC_Start_DMA                                 build/stm32f4xx_hal_adc.o
                                                  build/main.o
HAL_ADC_Start_IT                                  build/stm32f4xx_hal_adc.o
HAL_ADC_Stop                                      build/stm32f4xx_hal_adc.o
HAL_ADC_Stop_DMA                                  build/stm32f4xx_hal_adc.o
HAL_ADC_Stop_IT                                   build/stm32f4xx_hal_adc.o
HAL_DBGMCU_DisableDBGSleepMode                    build/stm32f4xx_hal.o
HAL_DBGMCU_DisableDBGStandbyMode                  build/stm32f4xx_hal.o
HAL_DBGMCU_DisableDBGStopMode                     build/stm32f4xx_hal.o
HAL_DBGMCU_EnableDBGSleepMode                     build/stm32f4xx_hal.o
HAL_DBGMCU_EnableDBGStandbyMode                   build/stm32f4xx_hal.o
HAL_DBGMCU_EnableDBGStopMode                      build/stm32f4xx_hal.o
HAL_DMAEx_ChangeMemory                            build/stm32f4xx_hal_dma_ex.o
HAL_DMAEx_MultiBufferStart                        build/stm32f4xx_hal_dma_ex.o
HAL_DMAEx_MultiBufferStart_IT                     build/stm32f4xx_hal_dma_ex.o
HAL_DMA_Abort                                     build/stm32f4xx_hal_dma.o
                                                  build/stm32f4xx_hal_uart.o
                                                  build/stm32f4xx_hal_adc_ex.o
                                                  build/stm32f4xx_hal_adc.o
HAL_DMA_Abort_IT                                  build/stm32f4xx_hal_dma.o
                                                  build/stm32f4xx_hal_uart.o
                                                  build/stm32f4xx_hal_i2c.o
HAL_DMA_DeInit                                    build/stm32f4xx_hal_dma.o
HAL_DMA_GetError                                  build/stm32f4xx_hal_dma.o
                                                  build/stm32f4xx_hal_i2c.o
HAL_DMA_GetState                                  build/stm32f4xx_hal_dma.o
HAL_DMA_IRQHandler                                build/stm32f4xx_hal_dma.o
                                                  build/stm32f4xx_it.o
HAL_DMA_Init                                      build/stm32f4xx_hal_dma.o
                                                  build/stm32f4xx_hal_msp.o
HAL_DMA_PollForTransfer                           build/stm32f4xx_hal_dma.o
HAL_DMA_RegisterCallback                          build/stm32f4xx_hal_dma.o
HAL_DMA_Start                                     build/stm32f4xx_hal_dma.o
HAL_DMA_Start_IT                                  build/stm32f4xx_hal_dma.o
                                                  build/stm32f4xx_hal_uart.o
                                                  build/stm32f4xx_hal_i2c.o
                                                  build/stm32f4xx_hal_adc_ex.o
                                                  build/stm32f4xx_hal_adc.o
HAL_DMA_UnRegisterCallback                        build/stm32f4xx_hal_dma.o
HAL_DeInit                                        build/stm32f4xx_hal.o
HAL_Delay                                         build/stm32f4xx_hal.o
                                                  build/stm32469i_discovery.o
HAL_DisableCompensationCell                       build/stm32f4xx_hal.o
HAL_DisableMemorySwappingBank                     build/stm32f4xx_hal.o
HAL_EnableCompensationCell                        build/stm32f4xx_hal.o
HAL_EnableMemorySwappingBank                      build/stm32f4xx_hal.o
HAL_FLASHEx_AdvOBGetConfig                        build/stm32f4xx_hal_flash_ex.o
HAL_FLASHEx_AdvOBProgram                          build/stm32f4xx_hal_flash_ex.o
HAL_FLASHEx_Erase                                 build/stm32f4xx_hal_flash_ex.o
HAL_FLASHEx_Erase_IT                              build/stm32f4xx_hal_flash_ex.o
HAL_FLASHEx_OBGetConfig                           build/stm32f4xx_hal_flash_ex.o
HAL_FLASHEx_OBProgram                             build/stm32f4xx_hal_flash_ex.o
HAL_FLASHEx_OB_DeSelectPCROP                      build/stm32f4xx_hal_flash_ex.o
HAL_FLASHEx_OB_GetBank2WRP                        build/stm32f4xx_hal_flash_ex.o
HAL_FLASHEx_OB_SelectPCROP                        build/stm32f4xx_hal_flash_ex.o
HAL_FLASH_EndOfOperationCallback                  build/stm32f4xx_hal_flash.o
HAL_FLASH_GetError                                build/stm32f4xx_hal_flash.o
HAL_FLASH_IRQHandler                              build/stm32f4xx_hal_flash.o
HAL_FLASH_Lock                                    build/stm32f4xx_hal_flash.o
HAL_FLASH_OB_Launch                               build/stm32f4xx_hal_flash.o
HAL_FLASH_OB_Lock                                 build/stm32f4xx_hal_flash.o
HAL_FLASH_OB_Unlock                               build/stm32f4xx_hal_flash.o
HAL_FLASH_OperationErrorCallback                  build/stm32f4xx_hal_flash.o
HAL_FLASH_Program                                 build/stm32f4xx_hal_flash.o
HAL_FLASH_Program_IT                              build/stm32f4xx_hal_flash.o
HAL_FLASH_Unlock                                  build/stm32f4xx_hal_flash.o
HAL_GPIO_DeInit                                   build/stm32f4xx_hal_gpio.o
                                                  build/stm32469i_discovery.o
                                                  build/stm32f4xx_hal_msp.o
HAL_GPIO_EXTI_Callback                            build/stm32f4xx_hal_gpio.o
HAL_GPIO_EXTI_IRQHandler                          build/stm32f4xx_hal_gpio.o
HAL_GPIO_Init                                     build/stm32f4xx_hal_gpio.o
                                                  build/stm32469i_discovery.o
                                                  build/stm32f4xx_hal_rcc.o
                                                  build/stm32f4xx_hal_msp.o
HAL_GPIO_LockPin                                  build/stm32f4xx_hal_gpio.o
HAL_GPIO_ReadPin                                  build/stm32f4xx_hal_gpio.o
                                                  build/stm32469i_discovery.o
HAL_GPIO_TogglePin                                build/stm32f4xx_hal_gpio.o
                                                  build/stm32469i_discovery.o
HAL_GPIO_WritePin                                 build/stm32f4xx_hal_gpio.o
                                                  build/stm32469i_discovery.o
HAL_GetDEVID                                      build/stm32f4xx_hal.o
HAL_GetHalVersion                                 build/stm32f4xx_hal.o
HAL_GetREVID                                      build/stm32f4xx_hal.o
HAL_GetTick                                       build/stm32f4xx_hal.o
                                                  build/stm32f4xx_hal_rcc_ex.o
                                                  build/stm32f4xx_hal_flash.o
                                                  build/stm32f4xx_hal_pwr_ex.o
                                                  build/stm32f4xx_hal_rcc.o
                                                  build/stm32f4xx_hal_uart.o
                                                  build/stm32f4xx_hal_i2c.o
                                                  build/stm32f4xx_hal_dma.o
                                                  build/stm32f4xx_hal_adc_ex.o
                                                  build/stm32f4xx_hal_adc.o
HAL_GetTickFreq                                   build/stm32f4xx_hal.o
HAL_GetTickPrio                                   build/stm32f4xx_hal.o
HAL_GetUID                                        build/stm32f4xx_hal.o
HAL_HalfDuplex_EnableReceiver                     build/stm32f4xx_hal_uart.o
HAL_HalfDuplex_EnableTransmitter                  build/stm32f4xx_hal_uart.o
HAL_HalfDuplex_Init                               build/stm32f4xx_hal_uart.o
HAL_I2CEx_ConfigAnalogFilter                      build/stm32f4xx_hal_i2c_ex.o
HAL_I2CEx_ConfigDigitalFilter                     build/stm32f4xx_hal_i2c_ex.o
HAL_I2C_AbortCpltCallback                         build/stm32f4xx_hal_i2c.o
HAL_I2C_AddrCallback                              build/stm32f4xx_hal_i2c.o
HAL_I2C_DeInit                                    build/stm32f4xx_hal_i2c.o
                                                  build/stm32469i_discovery.o
HAL_I2C_DisableListen_IT                          build/stm32f4xx_hal_i2c.o
HAL_I2C_ER_IRQHandler                             build/stm32f4xx_hal_i2c.o
HAL_I2C_EV_IRQHandler                             build/stm32f4xx_hal_i2c.o
HAL_I2C_EnableListen_IT                           build/stm32f4xx_hal_i2c.o
HAL_I2C_ErrorCallback                             build/stm32f4xx_hal_i2c.o
HAL_I2C_GetError                                  build/stm32f4xx_hal_i2c.o
HAL_I2C_GetMode                                   build/stm32f4xx_hal_i2c.o
HAL_I2C_GetState                                  build/stm32f4xx_hal_i2c.o
                                                  build/stm32469i_discovery.o
HAL_I2C_Init                                      build/stm32f4xx_hal_i2c.o
                                                  build/stm32469i_discovery.o
HAL_I2C_IsDeviceReady                             build/stm32f4xx_hal_i2c.o
                                                  build/stm32469i_discovery.o
HAL_I2C_ListenCpltCallback                        build/stm32f4xx_hal_i2c.o
HAL_I2C_MasterRxCpltCallback                      build/stm32f4xx_hal_i2c.o
HAL_I2C_MasterTxCpltCallback                      build/stm32f4xx_hal_i2c.o
HAL_I2C_Master_Abort_IT                           build/stm32f4xx_hal_i2c.o
HAL_I2C_Master_Receive                            build/stm32f4xx_hal_i2c.o
HAL_I2C_Master_Receive_DMA                        build/stm32f4xx_hal_i2c.o
HAL_I2C_Master_Receive_IT                         build/stm32f4xx_hal_i2c.o
HAL_I2C_Master_Sequential_Receive_IT              build/stm32f4xx_hal_i2c.o
HAL_I2C_Master_Sequential_Transmit_IT             build/stm32f4xx_hal_i2c.o
HAL_I2C_Master_Transmit                           build/stm32f4xx_hal_i2c.o
HAL_I2C_Master_Transmit_DMA                       build/stm32f4xx_hal_i2c.o
HAL_I2C_Master_Transmit_IT                        build/stm32f4xx_hal_i2c.o
HAL_I2C_MemRxCpltCallback                         build/stm32f4xx_hal_i2c.o
HAL_I2C_MemTxCpltCallback                         build/stm32f4xx_hal_i2c.o
HAL_I2C_Mem_Read                                  build/stm32f4xx_hal_i2c.o
                                                  build/stm32469i_discovery.o
HAL_I2C_Mem_Read_DMA                              build/stm32f4xx_hal_i2c.o
HAL_I2C_Mem_Read_IT                               build/stm32f4xx_hal_i2c.o
HAL_I2C_Mem_Write                                 build/stm32f4xx_hal_i2c.o
                                                  build/stm32469i_discovery.o
HAL_I2C_Mem_Write_DMA                             build/stm32f4xx_hal_i2c.o
HAL_I2C_Mem_Write_IT                              build/stm32f4xx_hal_i2c.o
HAL_I2C_MspDeInit                                 build/stm32f4xx_hal_i2c.o
HAL_I2C_MspInit                                   build/stm32f4xx_hal_i2c.o
HAL_I2C_SlaveRxCpltCallback                       build/stm32f4xx_hal_i2c.o
HAL_I2C_SlaveTxCpltCallback                       build/stm32f4xx_hal_i2c.o
HAL_I2C_Slave_Receive                             build/stm32f4xx_hal_i2c.o
HAL_I2C_Slave_Receive_DMA                         build/stm32f4xx_hal_i2c.o
HAL_I2C_Slave_Receive_IT                          build/stm32f4xx_hal_i2c.o
HAL_I2C_Slave_Sequential_Receive_IT               build/stm32f4xx_hal_i2c.o
HAL_I2C_Slave_Sequential_Transmit_IT              build/stm32f4xx_hal_i2c.o
HAL_I2C_Slave_Transmit                            build/stm32f4xx_hal_i2c.o
HAL_I2C_Slave_Transmit_DMA                        build/stm32f4xx_hal_i2c.o
HAL_I2C_Slave_Transmit_IT                         build/stm32f4xx_hal_i2c.o
HAL_IncTick                                       build/stm32f4xx_hal.o
                                                  build/stm32f4xx_it.o
HAL_Init                                          build/stm32f4xx_hal.o
                                                  build/main.o
HAL_InitTick                                      build/stm32f4xx_hal.o
                                                  build/stm32f4xx_hal_rcc_ex.o
                                                  build/stm32f4xx_hal_rcc.o
HAL_LIN_Init                                      build/stm32f4xx_hal_uart.o
HAL_LIN_SendBreak                                 build/stm32f4xx_hal_uart.o
HAL_MPU_ConfigRegion                              build/stm32f4xx_hal_cortex.o
HAL_MPU_Disable                                   build/stm32f4xx_hal_cortex.o
HAL_MPU_Enable                                    build/stm32f4xx_hal_cortex.o
HAL_MspDeInit                                     build/stm32f4xx_hal.o
HAL_MspInit                                       build/stm32f4xx_hal.o
HAL_MultiProcessor_EnterMuteMode                  build/stm32f4xx_hal_uart.o
HAL_MultiProcessor_ExitMuteMode                   build/stm32f4xx_hal_uart.o
HAL_MultiProcessor_Init                           build/stm32f4xx_hal_uart.o
HAL_NVIC_ClearPendingIRQ                          build/stm32f4xx_hal_cortex.o
HAL_NVIC_DisableIRQ                               build/stm32f4xx_hal_cortex.o
                                                  build/stm32469i_discovery.o
HAL_NVIC_EnableIRQ                                build/stm32f4xx_hal_cortex.o
                                                  build/stm32469i_discovery.o
                                                  build/stm32f4xx_hal_msp.o
HAL_NVIC_GetActive                                build/stm32f4xx_hal_cortex.o
HAL_NVIC_GetPendingIRQ                            build/stm32f4xx_hal_cortex.o
HAL_NVIC_GetPriority                              build/stm32f4xx_hal_cortex.o
HAL_NVIC_GetPriorityGrouping                      build/stm32f4xx_hal_cortex.o
HAL_NVIC_SetPendingIRQ                            build/stm32f4xx_hal_cortex.o
HAL_NVIC_SetPriority                              build/stm32f4xx_hal_cortex.o
                                                  build/stm32469i_discovery.o
                                                  build/stm32f4xx_hal.o
                                                  build/stm32f4xx_hal_msp.o
HAL_NVIC_SetPriorityGrouping                      build/stm32f4xx_hal_cortex.o
                                                  build/stm32f4xx_hal.o
HAL_NVIC_SystemReset                              build/stm32f4xx_hal_cortex.o
HAL_PWREx_ControlVoltageScaling                   build/stm32f4xx_hal_pwr_ex.o
HAL_PWREx_DisableBkUpReg                          build/stm32f4xx_hal_pwr_ex.o
HAL_PWREx_DisableFlashPowerDown                   build/stm32f4xx_hal_pwr_ex.o
HAL_PWREx_DisableOverDrive                        build/stm32f4xx_hal_pwr_ex.o
HAL_PWREx_EnableBkUpReg                           build/stm32f4xx_hal_pwr_ex.o
HAL_PWREx_EnableFlashPowerDown                    build/stm32f4xx_hal_pwr_ex.o
HAL_PWREx_EnableOverDrive                         build/stm32f4xx_hal_pwr_ex.o
                                                  build/main.o
HAL_PWREx_EnableWakeUpPinPolarityFallingEdge      build/stm32f4xx_hal_pwr_ex.o
HAL_PWREx_EnableWakeUpPinPolarityRisingEdge       build/stm32f4xx_hal_pwr_ex.o
HAL_PWREx_EnterUnderDriveSTOPMode                 build/stm32f4xx_hal_pwr_ex.o