Archive member included to satisfy reference by file (symbol)

/usr/local/bin/gcc-arm-none-eabi-8-2018-q4-major/bin/../lib/gcc/arm-none-eabi/8.2.1/../../../../arm-none-eabi/lib/thumb/v7e-m+fp/hard/libc_nano.a(lib_a-exit.o)
                              /usr/local/bin/gcc-arm-none-eabi-8-2018-q4-major/bin/../lib/gcc/arm-none-eabi/8.2.1/../../../../arm-none-eabi/lib/thumb/v7e-m+fp/hard/crt0.o (exit)
/usr/local/bin/gcc-arm-none-eabi-8-2018-q4-major/bin/../lib/gcc/arm-none-eabi/8.2.1/../../../../arm-none-eabi/lib/thumb/v7e-m+fp/hard/libc_nano.a(lib_a-impure.o)
                              /usr/local/bin/gcc-arm-none-eabi-8-2018-q4-major/bin/../lib/gcc/arm-none-eabi/8.2.1/../../../../arm-none-eabi/lib/thumb/v7e-m+fp/hard/libc_nano.a(lib_a-exit.o) (_global_impure_ptr)
/usr/local/bin/gcc-arm-none-eabi-8-2018-q4-major/bin/../lib/gcc/arm-none-eabi/8.2.1/../../../../arm-none-eabi/lib/thumb/v7e-m+fp/hard/libc_nano.a(lib_a-init.o)
                              /usr/local/bin/gcc-arm-none-eabi-8-2018-q4-major/bin/../lib/gcc/arm-none-eabi/8.2.1/../../../../arm-none-eabi/lib/thumb/v7e-m+fp/hard/crt0.o (__libc_init_array)
/usr/local/bin/gcc-arm-none-eabi-8-2018-q4-major/bin/../lib/gcc/arm-none-eabi/8.2.1/../../../../arm-none-eabi/lib/thumb/v7e-m+fp/hard/libc_nano.a(lib_a-memset.o)
                              /usr/local/bin/gcc-arm-none-eabi-8-2018-q4-major/bin/../lib/gcc/arm-none-eabi/8.2.1/../../../../arm-none-eabi/lib/thumb/v7e-m+fp/hard/crt0.o (memset)
/usr/local/bin/gcc-arm-none-eabi-8-2018-q4-major/bin/../lib/gcc/arm-none-eabi/8.2.1/../../../../arm-none-eabi/lib/thumb/v7e-m+fp/hard/libc_nano.a(lib_a-nano-vfprintf_float.o)
                              (_printf_float)
/usr/local/bin/gcc-arm-none-eabi-8-2018-q4-major/bin/../lib/gcc/arm-none-eabi/8.2.1/../../../../arm-none-eabi/lib/thumb/v7e-m+fp/hard/libc_nano.a(lib_a-nano-vfprintf_i.o)
                              /usr/local/bin/gcc-arm-none-eabi-8-2018-q4-major/bin/../lib/gcc/arm-none-eabi/8.2.1/../../../../arm-none-eabi/lib/thumb/v7e-m+fp/hard/libc_nano.a(lib_a-nano-vfprintf_float.o) (_printf_common)
/usr/local/bin/gcc-arm-none-eabi-8-2018-q4-major/bin/../lib/gcc/arm-none-eabi/8.2.1/../../../../arm-none-eabi/lib/thumb/v7e-m+fp/hard/libc_nano.a(lib_a-strlen.o)
                              /usr/local/bin/gcc-arm-none-eabi-8-2018-q4-major/bin/../lib/gcc/arm-none-eabi/8.2.1/../../../../arm-none-eabi/lib/thumb/v7e-m+fp/hard/libc_nano.a(lib_a-nano-vfprintf_float.o) (strlen)
/usr/local/bin/gcc-arm-none-eabi-8-2018-q4-major/bin/../lib/gcc/arm-none-eabi/8.2.1/../../../../arm-none-eabi/lib/thumb/v7e-m+fp/hard/libc_nano.a(lib_a-dtoa.o)
                              /usr/local/bin/gcc-arm-none-eabi-8-2018-q4-major/bin/../lib/gcc/arm-none-eabi/8.2.1/../../../../arm-none-eabi/lib/thumb/v7e-m+fp/hard/libc_nano.a(lib_a-nano-vfprintf_float.o) (_dtoa_r)
/usr/local/bin/gcc-arm-none-eabi-8-2018-q4-major/bin/../lib/gcc/arm-none-eabi/8.2.1/../../../../arm-none-eabi/lib/thumb/v7e-m+fp/hard/libc_nano.a(lib_a-localeconv.o)
                              /usr/local/bin/gcc-arm-none-eabi-8-2018-q4-major/bin/../lib/gcc/arm-none-eabi/8.2.1/../../../../arm-none-eabi/lib/thumb/v7e-m+fp/hard/libc_nano.a(lib_a-nano-vfprintf_float.o) (_localeconv_r)
/usr/local/bin/gcc-arm-none-eabi-8-2018-q4-major/bin/../lib/gcc/arm-none-eabi/8.2.1/../../../../arm-none-eabi/lib/thumb/v7e-m+fp/hard/libc_nano.a(lib_a-malloc.o)
                              /usr/local/bin/gcc-arm-none-eabi-8-2018-q4-major/bin/../lib/gcc/arm-none-eabi/8.2.1/../../../../arm-none-eabi/lib/thumb/v7e-m+fp/hard/libc_nano.a(lib_a-dtoa.o) (malloc)
/usr/local/bin/gcc-arm-none-eabi-8-2018-q4-major/bin/../lib/gcc/arm-none-eabi/8.2.1/../../../../arm-none-eabi/lib/thumb/v7e-m+fp/hard/libc_nano.a(lib_a-memchr.o)
                              /usr/local/bin/gcc-arm-none-eabi-8-2018-q4-major/bin/../lib/gcc/arm-none-eabi/8.2.1/../../../../arm-none-eabi/lib/thumb/v7e-m+fp/hard/libc_nano.a(lib_a-nano-vfprintf_i.o) (memchr)
/usr/local/bin/gcc-arm-none-eabi-8-2018-q4-major/bin/../lib/gcc/arm-none-eabi/8.2.1/../../../../arm-none-eabi/lib/thumb/v7e-m+fp/hard/libc_nano.a(lib_a-memcpy-stub.o)
                              /usr/local/bin/gcc-arm-none-eabi-8-2018-q4-major/bin/../lib/gcc/arm-none-eabi/8.2.1/../../../../arm-none-eabi/lib/thumb/v7e-m+fp/hard/libc_nano.a(lib_a-dtoa.o) (memcpy)
/usr/local/bin/gcc-arm-none-eabi-8-2018-q4-major/bin/../lib/gcc/arm-none-eabi/8.2.1/../../../../arm-none-eabi/lib/thumb/v7e-m+fp/hard/libc_nano.a(lib_a-mprec.o)
                              /usr/local/bin/gcc-arm-none-eabi-8-2018-q4-major/bin/../lib/gcc/arm-none-eabi/8.2.1/../../../../arm-none-eabi/lib/thumb/v7e-m+fp/hard/libc_nano.a(lib_a-dtoa.o) (_Balloc)
/usr/local/bin/gcc-arm-none-eabi-8-2018-q4-major/bin/../lib/gcc/arm-none-eabi/8.2.1/../../../../arm-none-eabi/lib/thumb/v7e-m+fp/hard/libc_nano.a(lib_a-nano-callocr.o)
[...]
Memory Configuration

Name             Origin             Length             Attributes
FLASH            0x0000000008000000 0x0000000000200000 xr
RAM              0x0000000020000000 0x0000000000050000 xrw
CCMRAM           0x0000000010000000 0x0000000000010000 rw
*default*        0x0000000000000000 0xffffffffffffffff

Linker script and memory map

LOAD /usr/local/bin/gcc-arm-none-eabi-8-2018-q4-major/bin/../lib/gcc/arm-none-eabi/8.2.1/thumb/v7e-m+fp/hard/crti.o
LOAD /usr/local/bin/gcc-arm-none-eabi-8-2018-q4-major/bin/../lib/gcc/arm-none-eabi/8.2.1/thumb/v7e-m+fp/hard/crtbegin.o
LOAD /usr/local/bin/gcc-arm-none-eabi-8-2018-q4-major/bin/../lib/gcc/arm-none-eabi/8.2.1/../../../../arm-none-eabi/lib/thumb/v7e-m+fp/hard/crt0.o
LOAD build/stm32469i_discovery_sdram.o
LOAD build/stm32469i_discovery_lcd.o
LOAD build/otm8009a.o
LOAD build/stm32f4xx_hal_msp.o
LOAD build/main.o
LOAD build/stm32f4xx_it.o
LOAD build/system_stm32f4xx.o
LOAD build/stm32f4xx_hal_ltdc.o
LOAD build/stm32f4xx_ll_exti.o
LOAD build/stm32f4xx_hal_dcmi_ex.o
LOAD build/stm32f4xx_hal_pcd_ex.o
LOAD build/stm32f4xx_hal_adc.o
LOAD build/stm32f4xx_hal_lptim.o
LOAD build/stm32f4xx_hal_spi.o
LOAD build/stm32f4xx_hal_i2s.o
LOAD build/stm32f4xx_hal_gpio.o
LOAD build/stm32f4xx_ll_i2c.o
LOAD build/stm32f4xx_hal_smartcard.o
LOAD build/stm32f4xx_hal_fmpi2c.o
LOAD build/stm32f4xx_hal_dma2d.o
LOAD build/stm32f4xx_hal_sai.o
LOAD build/stm32f4xx_hal_cryp_ex.o
LOAD build/stm32f4xx_ll_usb.o
LOAD build/stm32f4xx_hal_hash.o
LOAD build/stm32f4xx_hal_ltdc_ex.o
LOAD build/stm32f4xx_ll_dac.o
LOAD build/stm32f4xx_hal_flash_ramfunc.o
LOAD build/stm32f4xx_hal_cortex.o
LOAD build/stm32f4xx_hal_iwdg.o
LOAD build/stm32f4xx_ll_usart.o
LOAD build/stm32f4xx_hal_dfsdm.o
LOAD build/stm32f4xx_hal_adc_ex.o
LOAD build/stm32f4xx_hal_i2c_ex.o
LOAD build/stm32f4xx_ll_sdmmc.o
LOAD build/stm32f4xx_ll_tim.o
LOAD build/stm32f4xx_hal_dma.o
LOAD build/stm32f4xx_hal_dsi.o
LOAD build/stm32f4xx_hal_pccard.o
LOAD build/stm32f4xx_hal_cec.o
LOAD build/stm32f4xx_hal_spdifrx.o
LOAD build/stm32f4xx_hal_fmpi2c_ex.o
LOAD build/stm32f4xx_hal_dac.o
LOAD build/stm32f4xx_hal_can.o
LOAD build/stm32f4xx_hal_nand.o
LOAD build/stm32f4xx_hal_flash_ex.o
LOAD build/stm32f4xx_hal_nor.o
LOAD build/stm32f4xx_hal_qspi.o
LOAD build/stm32f4xx_hal_hash_ex.o
LOAD build/stm32f4xx_hal_rtc.o
LOAD build/stm32f4xx_hal_i2c.o
LOAD build/stm32f4xx_hal_sram.o
LOAD build/stm32f4xx_hal_uart.o
LOAD build/stm32f4xx_hal_eth.o
LOAD build/stm32f4xx_ll_rng.o
LOAD build/stm32f4xx_hal_tim.o
LOAD build/stm32f4xx_hal_dma_ex.o
LOAD build/stm32f4xx_hal_sd.o
LOAD build/stm32f4xx_hal_usart.o
LOAD build/stm32f4xx_ll_lptim.o
LOAD build/stm32f4xx_hal_sai_ex.o
LOAD build/stm32f4xx_hal_rcc.o
LOAD build/stm32f4xx_hal_wwdg.o
LOAD build/stm32f4xx_hal_dac_ex.o
LOAD build/stm32f4xx_ll_pwr.o
LOAD build/stm32f4xx_ll_adc.o
LOAD build/stm32f4xx_hal_rtc_ex.o
LOAD build/stm32f4xx_hal_pwr_ex.o
LOAD build/stm32f4xx_hal_sdram.o
LOAD build/stm32f4xx_ll_spi.o
LOAD build/stm32f4xx_ll_gpio.o
LOAD build/stm32f4xx_hal_flash.o
LOAD build/stm32f4xx_hal_crc.o
LOAD build/stm32f4xx_hal_mmc.o
LOAD build/stm32f4xx_hal_hcd.o
LOAD build/stm32f4xx_hal_dcmi.o
LOAD build/stm32f4xx_hal_pcd.o
LOAD build/stm32f4xx_ll_fmc.o
LOAD build/stm32f4xx_hal_tim_ex.o
LOAD build/stm32f4xx_hal_irda.o
LOAD build/stm32f4xx_ll_crc.o
LOAD build/stm32f4xx_ll_fsmc.o
LOAD build/stm32f4xx_hal_i2s_ex.o
LOAD build/stm32f4xx_hal_rcc_ex.o
LOAD build/stm32f4xx_ll_rcc.o
LOAD build/stm32f4xx_hal.o
LOAD build/stm32f4xx_ll_dma2d.o
LOAD build/stm32f4xx_hal_cryp.o
LOAD build/stm32f4xx_hal_rng.o
LOAD build/stm32f4xx_ll_utils.o
LOAD build/stm32f4xx_ll_dma.o
LOAD build/stm32f4xx_hal_pwr.o
LOAD build/stm32f4xx_ll_rtc.o
LOAD build/stm32469i_discovery.o
LOAD build/startup_stm32f469xx.o
LOAD /usr/local/bin/gcc-arm-none-eabi-8-2018-q4-major/bin/../lib/gcc/arm-none-eabi/8.2.1/../../../../arm-none-eabi/lib/thumb/v7e-m+fp/hard/libc_nano.a
LOAD /usr/local/bin/gcc-arm-none-eabi-8-2018-q4-major/bin/../lib/gcc/arm-none-eabi/8.2.1/../../../../arm-none-eabi/lib/thumb/v7e-m+fp/hard/libm.a
LOAD /usr/local/bin/gcc-arm-none-eabi-8-2018-q4-major/bin/../lib/gcc/arm-none-eabi/8.2.1/../../../../arm-none-eabi/lib/thumb/v7e-m+fp/hard/libnosys.a
LOAD /usr/local/bin/gcc-arm-none-eabi-8-2018-q4-major/bin/../lib/gcc/arm-none-eabi/8.2.1/../../../../arm-none-eabi/lib/thumb/v7e-m+fp/hard/libc_nano.a
LOAD /usr/local/bin/gcc-arm-none-eabi-8-2018-q4-major/bin/../lib/gcc/arm-none-eabi/8.2.1/../../../../arm-none-eabi/lib/thumb/v7e-m+fp/hard/librdimon_nano.a
START GROUP
LOAD /usr/local/bin/gcc-arm-none-eabi-8-2018-q4-major/bin/../lib/gcc/arm-none-eabi/8.2.1/thumb/v7e-m+fp/hard/libgcc.a
LOAD /usr/local/bin/gcc-arm-none-eabi-8-2018-q4-major/bin/../lib/gcc/arm-none-eabi/8.2.1/../../../../arm-none-eabi/lib/thumb/v7e-m+fp/hard/libc_nano.a
END GROUP
START GROUP
LOAD /usr/local/bin/gcc-arm-none-eabi-8-2018-q4-major/bin/../lib/gcc/arm-none-eabi/8.2.1/thumb/v7e-m+fp/hard/libgcc.a
LOAD /usr/local/bin/gcc-arm-none-eabi-8-2018-q4-major/bin/../lib/gcc/arm-none-eabi/8.2.1/../../../../arm-none-eabi/lib/thumb/v7e-m+fp/hard/libc_nano.a
END GROUP
LOAD /usr/local/bin/gcc-arm-none-eabi-8-2018-q4-major/bin/../lib/gcc/arm-none-eabi/8.2.1/thumb/v7e-m+fp/hard/crtend.o
LOAD /usr/local/bin/gcc-arm-none-eabi-8-2018-q4-major/bin/../lib/gcc/arm-none-eabi/8.2.1/thumb/v7e-m+fp/hard/crtn.o
                0x0000000020050000                _estack = 0x20050000
                0x0000000000000200                _Min_Heap_Size = 0x200
                0x0000000000000400                _Min_Stack_Size = 0x400

.isr_vector     0x0000000008000000      0x1b4
                0x0000000008000000                . = ALIGN (0x4)
 *(.isr_vector)
 .isr_vector    0x0000000008000000      0x1b4 build/startup_stm32f469xx.o
                0x0000000008000000                g_pfnVectors
                0x00000000080001b4                . = ALIGN (0x4)

.text           0x00000000080001b8     0x57dc
                0x00000000080001b8                . = ALIGN (0x4)
 *(.text)
 .text          0x00000000080001b8       0x40 /usr/local/bin/gcc-arm-none-eabi-8-2018-q4-major/bin/../lib/gcc/arm-none-eabi/8.2.1/thumb/v7e-m+fp/hard/crtbegin.o
 .text          0x00000000080001f8       0x10 /usr/local/bin/gcc-arm-none-eabi-8-2018-q4-major/bin/../lib/gcc/arm-none-eabi/8.2.1/../../../../arm-none-eabi/lib/thumb/v7e-m+fp/hard/libc_nano.a(lib_a-strlen.o)
                0x00000000080001f8                strlen
 .text          0x0000000008000208      0x378 /usr/local/bin/gcc-arm-none-eabi-8-2018-q4-major/bin/../lib/gcc/arm-none-eabi/8.2.1/thumb/v7e-m+fp/hard/libgcc.a(_arm_addsubdf3.o)
                0x0000000008000208                __aeabi_drsub
                0x0000000008000210                __aeabi_dsub
                0x0000000008000210                __subdf3
                0x0000000008000214                __adddf3
                0x0000000008000214                __aeabi_dadd
                0x000000000800048c                __aeabi_ui2d
                0x000000000800048c                __floatunsidf
                0x00000000080004ac                __floatsidf
                0x00000000080004ac                __aeabi_i2d
                0x00000000080004d0                __extendsfdf2
                0x00000000080004d0                __aeabi_f2d
                0x0000000008000514                __aeabi_ul2d
                0x0000000008000514                __floatundidf
                0x0000000008000524                __floatdidf
                0x0000000008000524                __aeabi_l2d
 .text          0x0000000008000580      0x424 /usr/local/bin/gcc-arm-none-eabi-8-2018-q4-major/bin/../lib/gcc/arm-none-eabi/8.2.1/thumb/v7e-m+fp/hard/libgcc.a(_arm_muldivdf3.o)
                0x0000000008000580                __aeabi_dmul
                0x0000000008000580                __muldf3
                0x00000000080007d4                __aeabi_ddiv
                0x00000000080007d4                __divdf3
 .text          0x00000000080009a4      0x110 /usr/local/bin/gcc-arm-none-eabi-8-2018-q4-major/bin/../lib/gcc/arm-none-eabi/8.2.1/thumb/v7e-m+fp/hard/libgcc.a(_arm_cmpdf2.o)
                0x00000000080009a4                __gtdf2
                0x00000000080009a4                __gedf2
                0x00000000080009ac                __ltdf2
                0x00000000080009ac                __ledf2
                0x00000000080009b4                __cmpdf2
                0x00000000080009b4                __eqdf2
                0x00000000080009b4                __nedf2
                0x0000000008000a30                __aeabi_cdrcmple
                0x0000000008000a40                __aeabi_cdcmple
                0x0000000008000a40                __aeabi_cdcmpeq
                0x0000000008000a50                __aeabi_dcmpeq
                0x0000000008000a64                __aeabi_dcmplt
                0x0000000008000a78                __aeabi_dcmple
                0x0000000008000a8c                __aeabi_dcmpge
                0x0000000008000aa0                __aeabi_dcmpgt
 .text          0x0000000008000ab4       0x2c /usr/local/bin/gcc-arm-none-eabi-8-2018-q4-major/bin/../lib/gcc/arm-none-eabi/8.2.1/thumb/v7e-m+fp/hard/libgcc.a(_arm_unorddf2.o)
                0x0000000008000ab4                __aeabi_dcmpun
                0x0000000008000ab4                __unorddf2
 .text          0x0000000008000ae0       0x50 /usr/local/bin/gcc-arm-none-eabi-8-2018-q4-major/bin/../lib/gcc/arm-none-eabi/8.2.1/thumb/v7e-m+fp/hard/libgcc.a(_arm_fixdfsi.o)
                0x0000000008000ae0                __fixdfsi
                0x0000000008000ae0                __aeabi_d2iz
 .text          0x0000000008000b30       0x30 /usr/local/bin/gcc-arm-none-eabi-8-2018-q4-major/bin/../lib/gcc/arm-none-eabi/8.2.1/thumb/v7e-m+fp/hard/libgcc.a(_aeabi_uldivmod.o)
                0x0000000008000b30                __aeabi_uldivmod
 .text          0x0000000008000b60      0x2d0 /usr/local/bin/gcc-arm-none-eabi-8-2018-q4-major/bin/../lib/gcc/arm-none-eabi/8.2.1/thumb/v7e-m+fp/hard/libgcc.a(_udivmoddi4.o)
                0x0000000008000b60                __udivmoddi4
 .text          0x0000000008000e30        0x4 /usr/local/bin/gcc-arm-none-eabi-8-2018-q4-major/bin/../lib/gcc/arm-none-eabi/8.2.1/thumb/v7e-m+fp/hard/libgcc.a(_dvmd_tls.o)
                0x0000000008000e30                __aeabi_ldiv0
                0x0000000008000e30                __aeabi_idiv0
 *(.text*)
 .text.BSP_SDRAM_Initialization_sequence
                0x0000000008000e34       0x9c build/stm32469i_discovery_sdram.o
                0x0000000008000e34                BSP_SDRAM_Initialization_sequence
 .text.BSP_SDRAM_MspInit
                0x0000000008000ed0      0x1b4 build/stm32469i_discovery_sdram.o
                0x0000000008000ed0                BSP_SDRAM_MspInit
 .text.BSP_SDRAM_Init
                0x0000000008001084       0x80 build/stm32469i_discovery_sdram.o
                0x0000000008001084                BSP_SDRAM_Init
 .text.LL_FillBuffer
                0x0000000008001104       0x5c build/stm32469i_discovery_lcd.o
 .text.BSP_LCD_Reset
                0x0000000008001160       0x60 build/stm32469i_discovery_lcd.o
                0x0000000008001160                BSP_LCD_Reset
 .text.BSP_LCD_GetXSize
                0x00000000080011c0        0xc build/stm32469i_discovery_lcd.o
                0x00000000080011c0                BSP_LCD_GetXSize
 .text.BSP_LCD_GetYSize
                0x00000000080011cc        0xc build/stm32469i_discovery_lcd.o
                0x00000000080011cc                BSP_LCD_GetYSize
 .text.BSP_LCD_LayerDefaultInit
                0x00000000080011d8       0x80 build/stm32469i_discovery_lcd.o
                0x00000000080011d8                BSP_LCD_LayerDefaultInit
 .text.BSP_LCD_SelectLayer
                0x0000000008001258        0xc build/stm32469i_discovery_lcd.o
                0x0000000008001258                BSP_LCD_SelectLayer
 .text.BSP_LCD_SetTextColor
                0x0000000008001264       0x18 build/stm32469i_discovery_lcd.o
                0x0000000008001264                BSP_LCD_SetTextColor
 .text.BSP_LCD_SetBackColor
                0x000000000800127c       0x1c build/stm32469i_discovery_lcd.o
                0x000000000800127c                BSP_LCD_SetBackColor
 .text.BSP_LCD_SetFont
                0x0000000008001298       0x1c build/stm32469i_discovery_lcd.o
                0x0000000008001298                BSP_LCD_SetFont
 .text.BSP_LCD_GetFont
                0x00000000080012b4       0x1c build/stm32469i_discovery_lcd.o
                0x00000000080012b4                BSP_LCD_GetFont
 .text.BSP_LCD_FillRect
                0x00000000080012d0       0x64 build/stm32469i_discovery_lcd.o
                0x00000000080012d0                BSP_LCD_FillRect
 .text.DSI_IO_WriteCmd
                0x0000000008001334       0x38 build/stm32469i_discovery_lcd.o
                0x0000000008001334                DSI_IO_WriteCmd
 .text.BSP_LCD_MspInit
                0x000000000800136c       0xac build/stm32469i_discovery_lcd.o
                0x000000000800136c                BSP_LCD_MspInit
 .text.BSP_LCD_DrawPixel
                0x0000000008001418       0x2c build/stm32469i_discovery_lcd.o
                0x0000000008001418                BSP_LCD_DrawPixel
 .text.DrawChar
                0x0000000008001444       0xe8 build/stm32469i_discovery_lcd.o
 .text.BSP_LCD_DisplayChar
                0x000000000800152c       0x38 build/stm32469i_discovery_lcd.o
                0x000000000800152c                BSP_LCD_DisplayChar
 .text.BSP_LCD_DisplayStringAt
                0x0000000008001564       0xcc build/stm32469i_discovery_lcd.o
                0x0000000008001564                BSP_LCD_DisplayStringAt
 .text.BSP_LCD_DisplayStringAtLine
                0x0000000008001630       0x1e build/stm32469i_discovery_lcd.o
                0x0000000008001630                BSP_LCD_DisplayStringAtLine
 *fill*         0x000000000800164e        0x2 
 .text.OTM8009A_Init
                0x0000000008001650      0x4b8 build/otm8009a.o
                0x0000000008001650                OTM8009A_Init
 .text.SystemClock_Config
                0x0000000008001b08       0xa0 build/main.o
 .text.OnError_Handler
                0x0000000008001ba8        0xe build/main.o
 *fill*         0x0000000008001bb6        0x2 
 .text.LCD_BriefDisplay
                0x0000000008001bb8       0x74 build/main.o
 .text.CopyBuffer
                0x0000000008001c2c       0x74 build/main.o
 .text.HAL_DSI_EndOfRefreshCallback
                0x0000000008001ca0       0x18 build/main.o
                0x0000000008001ca0                HAL_DSI_EndOfRefreshCallback
 .text.LTDC_Init
                0x0000000008001cb8       0x58 build/main.o
                0x0000000008001cb8                LTDC_Init
 .text.LCD_Init
                0x0000000008001d10      0x134 build/main.o
 .text.main     0x0000000008001e44       0xbc build/main.o
                0x0000000008001e44                main
 .text.NMI_Handler
                0x0000000008001f00        0x2 build/stm32f4xx_it.o
                0x0000000008001f00                NMI_Handler
 .text.HardFault_Handler
                0x0000000008001f02        0x2 build/stm32f4xx_it.o
                0x0000000008001f02                HardFault_Handler
 .text.MemManage_Handler
                0x0000000008001f04        0x2 build/stm32f4xx_it.o
                0x0000000008001f04                MemManage_Handler
 .text.BusFault_Handler
                0x0000000008001f06        0x2 build/stm32f4xx_it.o
                0x0000000008001f06                BusFault_Handler
 .text.UsageFault_Handler
                0x0000000008001f08        0x2 build/stm32f4xx_it.o
                0x0000000008001f08                UsageFault_Handler
 .text.SVC_Handler
                0x0000000008001f0a        0x2 build/stm32f4xx_it.o
                0x0000000008001f0a                SVC_Handler
 .text.DebugMon_Handler
                0x0000000008001f0c        0x2 build/stm32f4xx_it.o
                0x0000000008001f0c                DebugMon_Handler
 .text.PendSV_Handler
                0x0000000008001f0e        0x2 build/stm32f4xx_it.o
                0x0000000008001f0e                PendSV_Handler
 .text.SysTick_Handler
                0x0000000008001f10        0x8 build/stm32f4xx_it.o
                0x0000000008001f10                SysTick_Handler
 .text.LTDC_IRQHandler
                0x0000000008001f18       0x10 build/stm32f4xx_it.o
                0x0000000008001f18                LTDC_IRQHandler
 .text.DSI_IRQHandler
                0x0000000008001f28       0x10 build/stm32f4xx_it.o
                0x0000000008001f28                DSI_IRQHandler
 .text.SystemInit
                0x0000000008001f38       0x4c build/system_stm32f4xx.o
                0x0000000008001f38                SystemInit
 .text.LTDC_SetConfig
                0x0000000008001f84      0x192 build/stm32f4xx_hal_ltdc.o
 .text.HAL_LTDC_MspInit
                0x0000000008002116        0x2 build/stm32f4xx_hal_ltdc.o
                0x0000000008002116                HAL_LTDC_MspInit
 .text.HAL_LTDC_Init
                0x0000000008002118       0xf4 build/stm32f4xx_hal_ltdc.o
                0x0000000008002118                HAL_LTDC_Init
 .text.HAL_LTDC_MspDeInit
                0x000000000800220c        0x2 build/stm32f4xx_hal_ltdc.o
                0x000000000800220c                HAL_LTDC_MspDeInit
 .text.HAL_LTDC_DeInit
                0x000000000800220e       0x18 build/stm32f4xx_hal_ltdc.o
                0x000000000800220e                HAL_LTDC_DeInit
 .text.HAL_LTDC_ErrorCallback
                0x0000000008002226        0x2 build/stm32f4xx_hal_ltdc.o
                0x0000000008002226                HAL_LTDC_ErrorCallback
 .text.HAL_LTDC_LineEventCallback
                0x0000000008002228        0x2 build/stm32f4xx_hal_ltdc.o
                0x0000000008002228                HAL_LTDC_LineEventCallback
 .text.HAL_LTDC_ReloadEventCallback
                0x000000000800222a        0x2 build/stm32f4xx_hal_ltdc.o
                0x000000000800222a                HAL_LTDC_ReloadEventCallback
 .text.HAL_LTDC_IRQHandler
                0x000000000800222c       0xda build/stm32f4xx_hal_ltdc.o
                0x000000000800222c                HAL_LTDC_IRQHandler
 .text.HAL_LTDC_ConfigLayer
                0x0000000008002306       0x5c build/stm32f4xx_hal_ltdc.o
                0x0000000008002306                HAL_LTDC_ConfigLayer
 *fill*         0x0000000008002362        0x2 
 .text.HAL_GPIO_Init
                0x0000000008002364      0x1e0 build/stm32f4xx_hal_gpio.o
                0x0000000008002364                HAL_GPIO_Init
 .text.HAL_GPIO_WritePin
                0x0000000008002544        0xc build/stm32f4xx_hal_gpio.o
                0x0000000008002544                HAL_GPIO_WritePin
 .text.DMA2D_SetConfig
                0x0000000008002550       0x8c build/stm32f4xx_hal_dma2d.o
 .text.HAL_DMA2D_MspInit
                0x00000000080025dc        0x2 build/stm32f4xx_hal_dma2d.o
                0x00000000080025dc                HAL_DMA2D_MspInit
 .text.HAL_DMA2D_Init
                0x00000000080025de       0x5a build/stm32f4xx_hal_dma2d.o
                0x00000000080025de                HAL_DMA2D_Init
 .text.HAL_DMA2D_Start
                0x0000000008002638       0x38 build/stm32f4xx_hal_dma2d.o
                0x0000000008002638                HAL_DMA2D_Start
 .text.HAL_DMA2D_PollForTransfer
                0x0000000008002670      0x13e build/stm32f4xx_hal_dma2d.o
                0x0000000008002670                HAL_DMA2D_PollForTransfer
 *fill*         0x00000000080027ae        0x2 
 .text.HAL_DMA2D_ConfigLayer
                0x00000000080027b0       0xc8 build/stm32f4xx_hal_dma2d.o
                0x00000000080027b0                HAL_DMA2D_ConfigLayer
 .text.HAL_NVIC_SetPriorityGrouping
                0x0000000008002878       0x24 build/stm32f4xx_hal_cortex.o
                0x0000000008002878                HAL_NVIC_SetPriorityGrouping
 .text.HAL_NVIC_SetPriority
                0x000000000800289c       0x68 build/stm32f4xx_hal_cortex.o
                0x000000000800289c                HAL_NVIC_SetPriority
 .text.HAL_NVIC_EnableIRQ
                0x0000000008002904       0x18 build/stm32f4xx_hal_cortex.o
                0x0000000008002904                HAL_NVIC_EnableIRQ
 .text.HAL_SYSTICK_Config
                0x000000000800291c       0x2c build/stm32f4xx_hal_cortex.o
                0x000000000800291c                HAL_SYSTICK_Config
 .text.DMA_CalcBaseAndBitshift
                0x0000000008002948       0x44 build/stm32f4xx_hal_dma.o
 .text.DMA_CheckFifoParam
                0x000000000800298c       0x8e build/stm32f4xx_hal_dma.o
 *fill*         0x0000000008002a1a        0x2 
 .text.HAL_DMA_Init
                0x0000000008002a1c       0xcc build/stm32f4xx_hal_dma.o
                0x0000000008002a1c                HAL_DMA_Init
 .text.HAL_DMA_DeInit
                0x0000000008002ae8       0x58 build/stm32f4xx_hal_dma.o
                0x0000000008002ae8                HAL_DMA_DeInit
 .text.DSI_ConfigPacketHeader
                0x0000000008002b40       0x12 build/stm32f4xx_hal_dsi.o
 .text.HAL_DSI_MspInit
                0x0000000008002b52        0x2 build/stm32f4xx_hal_dsi.o
                0x0000000008002b52                HAL_DSI_MspInit
 .text.HAL_DSI_Init
                0x0000000008002b54      0x184 build/stm32f4xx_hal_dsi.o
                0x0000000008002b54                HAL_DSI_Init
 .text.HAL_DSI_MspDeInit
                0x0000000008002cd8        0x2 build/stm32f4xx_hal_dsi.o
                0x0000000008002cd8                HAL_DSI_MspDeInit
 .text.HAL_DSI_DeInit
                0x0000000008002cda       0x9e build/stm32f4xx_hal_dsi.o
                0x0000000008002cda                HAL_DSI_DeInit
 .text.HAL_DSI_TearingEffectCallback
                0x0000000008002d78        0x2 build/stm32f4xx_hal_dsi.o
                0x0000000008002d78                HAL_DSI_TearingEffectCallback
 .text.HAL_DSI_ErrorCallback
                0x0000000008002d7a        0x2 build/stm32f4xx_hal_dsi.o
                0x0000000008002d7a                HAL_DSI_ErrorCallback
 .text.HAL_DSI_IRQHandler
                0x0000000008002d7c       0xfe build/stm32f4xx_hal_dsi.o
                0x0000000008002d7c                HAL_DSI_IRQHandler
 .text.HAL_DSI_ConfigAdaptedCommandMode
                0x0000000008002e7a      0x110 build/stm32f4xx_hal_dsi.o
                0x0000000008002e7a                HAL_DSI_ConfigAdaptedCommandMode
 *fill*         0x0000000008002f8a        0x2 
 .text.HAL_DSI_ConfigCommand
                0x0000000008002f8c       0x74 build/stm32f4xx_hal_dsi.o
                0x0000000008002f8c                HAL_DSI_ConfigCommand
 .text.HAL_DSI_ConfigFlowControl
                0x0000000008003000       0x2e build/stm32f4xx_hal_dsi.o
                0x0000000008003000                HAL_DSI_ConfigFlowControl
 .text.HAL_DSI_ConfigPhyTimer
                0x000000000800302e       0x88 build/stm32f4xx_hal_dsi.o
                0x000000000800302e                HAL_DSI_ConfigPhyTimer
 .text.HAL_DSI_Start
                0x00000000080030b6       0x4e build/stm32f4xx_hal_dsi.o
                0x00000000080030b6                HAL_DSI_Start
 .text.HAL_DSI_Refresh
                0x0000000008003104       0x24 build/stm32f4xx_hal_dsi.o
                0x0000000008003104                HAL_DSI_Refresh
 .text.HAL_DSI_ShortWrite
                0x0000000008003128       0x58 build/stm32f4xx_hal_dsi.o
                0x0000000008003128                HAL_DSI_ShortWrite
 .text.HAL_DSI_LongWrite
                0x0000000008003180       0xae build/stm32f4xx_hal_dsi.o
                0x0000000008003180                HAL_DSI_LongWrite
 *fill*         0x000000000800322e        0x2 
 .text.HAL_RCC_GetSysClockFreq
                0x0000000008003230       0xd4 build/stm32f4xx_hal_rcc.o
                0x0000000008003230                HAL_RCC_GetSysClockFreq
 .text.HAL_RCC_ClockConfig
                0x0000000008003304      0x15c build/stm32f4xx_hal_rcc.o
                0x0000000008003304                HAL_RCC_ClockConfig
 .text.HAL_PWREx_EnableOverDrive
                0x0000000008003460       0x80 build/stm32f4xx_hal_pwr_ex.o
                0x0000000008003460                HAL_PWREx_EnableOverDrive
 .text.HAL_SDRAM_MspInit
                0x00000000080034e0        0x2 build/stm32f4xx_hal_sdram.o
                0x00000000080034e0                HAL_SDRAM_MspInit
 .text.HAL_SDRAM_Init
                0x00000000080034e2       0x40 build/stm32f4xx_hal_sdram.o
                0x00000000080034e2                HAL_SDRAM_Init
 .text.HAL_SDRAM_SendCommand
                0x0000000008003522       0x3a build/stm32f4xx_hal_sdram.o
                0x0000000008003522                HAL_SDRAM_SendCommand
 .text.HAL_SDRAM_ProgramRefreshRate
                0x000000000800355c       0x28 build/stm32f4xx_hal_sdram.o
                0x000000000800355c                HAL_SDRAM_ProgramRefreshRate
 .text.FMC_SDRAM_Init
                0x0000000008003584       0x78 build/stm32f4xx_ll_fmc.o
                0x0000000008003584                FMC_SDRAM_Init
 .text.FMC_SDRAM_Timing_Init
                0x00000000080035fc       0x96 build/stm32f4xx_ll_fmc.o
                0x00000000080035fc                FMC_SDRAM_Timing_Init
 .text.FMC_SDRAM_SendCommand
                0x0000000008003692       0x50 build/stm32f4xx_ll_fmc.o
                0x0000000008003692                FMC_SDRAM_SendCommand
 .text.FMC_SDRAM_ProgramRefreshRate
                0x00000000080036e2        0xc build/stm32f4xx_ll_fmc.o
                0x00000000080036e2                FMC_SDRAM_ProgramRefreshRate
 *fill*         0x00000000080036ee        0x2 
 .text.HAL_RCCEx_PeriphCLKConfig
                0x00000000080036f0      0x318 build/stm32f4xx_hal_rcc_ex.o
                0x00000000080036f0                HAL_RCCEx_PeriphCLKConfig
 .text.HAL_RCC_OscConfig
                0x0000000008003a08      0x394 build/stm32f4xx_hal_rcc_ex.o
                0x0000000008003a08                HAL_RCC_OscConfig
 .text.HAL_MspInit
                0x0000000008003d9c        0x2 build/stm32f4xx_hal.o
                0x0000000008003d9c                HAL_MspInit
 *fill*         0x0000000008003d9e        0x2 
 .text.HAL_InitTick
                0x0000000008003da0       0x4c build/stm32f4xx_hal.o
                0x0000000008003da0                HAL_InitTick
 .text.HAL_Init
                0x0000000008003dec       0x34 build/stm32f4xx_hal.o
                0x0000000008003dec                HAL_Init
 .text.HAL_IncTick
                0x0000000008003e20       0x18 build/stm32f4xx_hal.o
                0x0000000008003e20                HAL_IncTick
 .text.HAL_GetTick
                0x0000000008003e38        0xc build/stm32f4xx_hal.o
                0x0000000008003e38                HAL_GetTick
 .text.HAL_Delay
                0x0000000008003e44       0x28 build/stm32f4xx_hal.o
                0x0000000008003e44                HAL_Delay
 .text.BSP_LED_On
                0x0000000008003e6c       0x24 build/stm32469i_discovery.o
                0x0000000008003e6c                BSP_LED_On
 .text.OTM8009A_IO_Delay
                0x0000000008003e90        0x8 build/stm32469i_discovery.o
                0x0000000008003e90                OTM8009A_IO_Delay
 .text.Reset_Handler
                0x0000000008003e98       0x50 build/startup_stm32f469xx.o
                0x0000000008003e98                Reset_Handler
 .text.Default_Handler
                0x0000000008003ee8        0x2 build/startup_stm32f469xx.o
                0x0000000008003ee8                RTC_Alarm_IRQHandler
                0x0000000008003ee8                HASH_RNG_IRQHandler
                0x0000000008003ee8                EXTI2_IRQHandler
                0x0000000008003ee8                TIM8_CC_IRQHandler
                0x0000000008003ee8                UART8_IRQHandler
                0x0000000008003ee8                SPI4_IRQHandler
                0x0000000008003ee8                TIM1_CC_IRQHandler
                0x0000000008003ee8                DMA2_Stream5_IRQHandler
                0x0000000008003ee8                DMA1_Stream5_IRQHandler
                0x0000000008003ee8                PVD_IRQHandler
                0x0000000008003ee8                SDIO_IRQHandler
                0x0000000008003ee8                TAMP_STAMP_IRQHandler
                0x0000000008003ee8                CAN2_RX1_IRQHandler
                0x0000000008003ee8                EXTI3_IRQHandler
                0x0000000008003ee8                TIM8_TRG_COM_TIM14_IRQHandler
                0x0000000008003ee8                TIM1_UP_TIM10_IRQHandler
                0x0000000008003ee8                TIM8_UP_TIM13_IRQHandler
                0x0000000008003ee8                I2C3_ER_IRQHandler
                0x0000000008003ee8                EXTI0_IRQHandler
                0x0000000008003ee8                I2C2_EV_IRQHandler
                0x0000000008003ee8                DMA1_Stream2_IRQHandler
                0x0000000008003ee8                CAN1_RX0_IRQHandler
                0x0000000008003ee8                FPU_IRQHandler
                0x0000000008003ee8                OTG_HS_WKUP_IRQHandler
                0x0000000008003ee8                LTDC_ER_IRQHandler
                0x0000000008003ee8                CAN2_SCE_IRQHandler
                0x0000000008003ee8                DMA2_Stream2_IRQHandler
                0x0000000008003ee8                SPI1_IRQHandler
                0x0000000008003ee8                TIM6_DAC_IRQHandler
                0x0000000008003ee8                TIM1_BRK_TIM9_IRQHandler
                0x0000000008003ee8                DCMI_IRQHandler
                0x0000000008003ee8                CAN2_RX0_IRQHandler
                0x0000000008003ee8                DMA2_Stream3_IRQHandler
                0x0000000008003ee8                USART6_IRQHandler
                0x0000000008003ee8                USART3_IRQHandler
                0x0000000008003ee8                CAN1_RX1_IRQHandler
                0x0000000008003ee8                UART5_IRQHandler
                0x0000000008003ee8                DMA2_Stream0_IRQHandler
                0x0000000008003ee8                TIM4_IRQHandler
                0x0000000008003ee8                QUADSPI_IRQHandler
                0x0000000008003ee8                I2C1_EV_IRQHandler
                0x0000000008003ee8                DMA1_Stream6_IRQHandler
                0x0000000008003ee8                DMA1_Stream1_IRQHandler
                0x0000000008003ee8                UART4_IRQHandler
                0x0000000008003ee8                TIM3_IRQHandler
                0x0000000008003ee8                RCC_IRQHandler
                0x0000000008003ee8                TIM8_BRK_TIM12_IRQHandler
                0x0000000008003ee8                Default_Handler
                0x0000000008003ee8                EXTI15_10_IRQHandler
                0x0000000008003ee8                ADC_IRQHandler
                0x0000000008003ee8                DMA1_Stream7_IRQHandler
                0x0000000008003ee8                SPI5_IRQHandler
                0x0000000008003ee8                TIM7_IRQHandler
                0x0000000008003ee8                CAN2_TX_IRQHandler
                0x0000000008003ee8                TIM5_IRQHandler
                0x0000000008003ee8                DMA2_Stream7_IRQHandler
                0x0000000008003ee8                I2C3_EV_IRQHandler
                0x0000000008003ee8                EXTI9_5_IRQHandler
                0x0000000008003ee8                RTC_WKUP_IRQHandler
                0x0000000008003ee8                ETH_WKUP_IRQHandler
                0x0000000008003ee8                SPI2_IRQHandler
                0x0000000008003ee8                OTG_HS_EP1_IN_IRQHandler
                0x0000000008003ee8                DMA1_Stream0_IRQHandler
                0x0000000008003ee8                CAN1_TX_IRQHandler
                0x0000000008003ee8                EXTI4_IRQHandler
                0x0000000008003ee8                ETH_IRQHandler
                0x0000000008003ee8                OTG_HS_EP1_OUT_IRQHandler
                0x0000000008003ee8                WWDG_IRQHandler
                0x0000000008003ee8                SPI6_IRQHandler
                0x0000000008003ee8                TIM2_IRQHandler
                0x0000000008003ee8                OTG_FS_WKUP_IRQHandler
                0x0000000008003ee8                TIM1_TRG_COM_TIM11_IRQHandler
                0x0000000008003ee8                OTG_HS_IRQHandler
                0x0000000008003ee8                DMA2D_IRQHandler
                0x0000000008003ee8                EXTI1_IRQHandler
                0x0000000008003ee8                UART7_IRQHandler
                0x0000000008003ee8                USART2_IRQHandler
                0x0000000008003ee8                I2C2_ER_IRQHandler
                0x0000000008003ee8                DMA2_Stream1_IRQHandler
                0x0000000008003ee8                CAN1_SCE_IRQHandler
                0x0000000008003ee8                FLASH_IRQHandler
                0x0000000008003ee8                DMA2_Stream4_IRQHandler
                0x0000000008003ee8                USART1_IRQHandler
                0x0000000008003ee8                OTG_FS_IRQHandler
                0x0000000008003ee8                SPI3_IRQHandler
                0x0000000008003ee8                DMA1_Stream4_IRQHandler
                0x0000000008003ee8                I2C1_ER_IRQHandler
                0x0000000008003ee8                FMC_IRQHandler
                0x0000000008003ee8                DMA2_Stream6_IRQHandler
                0x0000000008003ee8                SAI1_IRQHandler
                0x0000000008003ee8                DMA1_Stream3_IRQHandler
 *fill*         0x0000000008003eea        0x2 
 .text.__libc_init_array
                0x0000000008003eec       0x48 /usr/local/bin/gcc-arm-none-eabi-8-2018-q4-major/bin/../lib/gcc/arm-none-eabi/8.2.1/../../../../arm-none-eabi/lib/thumb/v7e-m+fp/hard/libc_nano.a(lib_a-init.o)
                0x0000000008003eec                __libc_init_array
 .text.memset   0x0000000008003f34       0x10 /usr/local/bin/gcc-arm-none-eabi-8-2018-q4-major/bin/../lib/gcc/arm-none-eabi/8.2.1/../../../../arm-none-eabi/lib/thumb/v7e-m+fp/hard/libc_nano.a(lib_a-memset.o)
                0x0000000008003f34                memset
 .text.__cvt    0x0000000008003f44       0xba /usr/local/bin/gcc-arm-none-eabi-8-2018-q4-major/bin/../lib/gcc/arm-none-eabi/8.2.1/../../../../arm-none-eabi/lib/thumb/v7e-m+fp/hard/libc_nano.a(lib_a-nano-vfprintf_float.o)
                0x0000000008003f44                __cvt
 .text.__exponent
                0x0000000008003ffe       0x64 /usr/local/bin/gcc-arm-none-eabi-8-2018-q4-major/bin/../lib/gcc/arm-none-eabi/8.2.1/../../../../arm-none-eabi/lib/thumb/v7e-m+fp/hard/libc_nano.a(lib_a-nano-vfprintf_float.o)
                0x0000000008003ffe                __exponent
 *fill*         0x0000000008004062        0x2 
 .text._printf_float
                0x0000000008004064      0x45c /usr/local/bin/gcc-arm-none-eabi-8-2018-q4-major/bin/../lib/gcc/arm-none-eabi/8.2.1/../../../../arm-none-eabi/lib/thumb/v7e-m+fp/hard/libc_nano.a(lib_a-nano-vfprintf_float.o)
                0x0000000008004064                _printf_float
 .text._printf_common
                0x00000000080044c0       0xea /usr/local/bin/gcc-arm-none-eabi-8-2018-q4-major/bin/../lib/gcc/arm-none-eabi/8.2.1/../../../../arm-none-eabi/lib/thumb/v7e-m+fp/hard/libc_nano.a(lib_a-nano-vfprintf_i.o)
                0x00000000080044c0                _printf_common
 .text.quorem   0x00000000080045aa      0x112 /usr/local/bin/gcc-arm-none-eabi-8-2018-q4-major/bin/../lib/gcc/arm-none-eabi/8.2.1/../../../../arm-none-eabi/lib/thumb/v7e-m+fp/hard/libc_nano.a(lib_a-dtoa.o)
 *fill*         0x00000000080046bc        0x4 
 .text._dtoa_r  0x00000000080046c0      0xb74 /usr/local/bin/gcc-arm-none-eabi-8-2018-q4-major/bin/../lib/gcc/arm-none-eabi/8.2.1/../../../../arm-none-eabi/lib/thumb/v7e-m+fp/hard/libc_nano.a(lib_a-dtoa.o)
                0x00000000080046c0                _dtoa_r
 .text._localeconv_r
                0x0000000008005234        0x8 /usr/local/bin/gcc-arm-none-eabi-8-2018-q4-major/bin/../lib/gcc/arm-none-eabi/8.2.1/../../../../arm-none-eabi/lib/thumb/v7e-m+fp/hard/libc_nano.a(lib_a-localeconv.o)
                0x0000000008005234                _localeconv_r
 .text.malloc   0x000000000800523c       0x10 /usr/local/bin/gcc-arm-none-eabi-8-2018-q4-major/bin/../lib/gcc/arm-none-eabi/8.2.1/../../../../arm-none-eabi/lib/thumb/v7e-m+fp/hard/libc_nano.a(lib_a-malloc.o)
                0x000000000800523c                malloc
 .text.memcpy   0x000000000800524c       0x1c /usr/local/bin/gcc-arm-none-eabi-8-2018-q4-major/bin/../lib/gcc/arm-none-eabi/8.2.1/../../../../arm-none-eabi/lib/thumb/v7e-m+fp/hard/libc_nano.a(lib_a-memcpy-stub.o)
                0x000000000800524c                memcpy
 .text._Balloc  0x0000000008005268       0x68 /usr/local/bin/gcc-arm-none-eabi-8-2018-q4-major/bin/../lib/gcc/arm-none-eabi/8.2.1/../../../../arm-none-eabi/lib/thumb/v7e-m+fp/hard/libc_nano.a(lib_a-mprec.o)
                0x0000000008005268                _Balloc
 .text._Bfree   0x00000000080052d0       0x2e /usr/local/bin/gcc-arm-none-eabi-8-2018-q4-major/bin/../lib/gcc/arm-none-eabi/8.2.1/../../../../arm-none-eabi/lib/thumb/v7e-m+fp/hard/libc_nano.a(lib_a-mprec.o)
                0x00000000080052d0                _Bfree
 .text.__multadd
                0x00000000080052fe       0x76 /usr/local/bin/gcc-arm-none-eabi-8-2018-q4-major/bin/../lib/gcc/arm-none-eabi/8.2.1/../../../../arm-none-eabi/lib/thumb/v7e-m+fp/hard/libc_nano.a(lib_a-mprec.o)
                0x00000000080052fe                __multadd
 .text.__hi0bits
                0x0000000008005374       0x40 /usr/local/bin/gcc-arm-none-eabi-8-2018-q4-major/bin/../lib/gcc/arm-none-eabi/8.2.1/../../../../arm-none-eabi/lib/thumb/v7e-m+fp/hard/libc_nano.a(lib_a-mprec.o)
                0x0000000008005374                __hi0bits
 .text.__lo0bits
                0x00000000080053b4       0x60 /usr/local/bin/gcc-arm-none-eabi-8-2018-q4-major/bin/../lib/gcc/arm-none-eabi/8.2.1/../../../../arm-none-eabi/lib/thumb/v7e-m+fp/hard/libc_nano.a(lib_a-mprec.o)
                0x00000000080053b4                __lo0bits
 .text.__i2b    0x0000000008005414       0x12 /usr/local/bin/gcc-arm-none-eabi-8-2018-q4-major/bin/../lib/gcc/arm-none-eabi/8.2.1/../../../../arm-none-eabi/lib/thumb/v7e-m+fp/hard/libc_nano.a(lib_a-mprec.o)
                0x0000000008005414                __i2b
 .text.__multiply
                0x0000000008005426      0x120 /usr/local/bin/gcc-arm-none-eabi-8-2018-q4-major/bin/../lib/gcc/arm-none-eabi/8.2.1/../../../../arm-none-eabi/lib/thumb/v7e-m+fp/hard/libc_nano.a(lib_a-mprec.o)
                0x0000000008005426                __multiply
 *fill*         0x0000000008005546        0x2 
 .text.__pow5mult
                0x0000000008005548       0x9c /usr/local/bin/gcc-arm-none-eabi-8-2018-q4-major/bin/../lib/gcc/arm-none-eabi/8.2.1/../../../../arm-none-eabi/lib/thumb/v7e-m+fp/hard/libc_nano.a(lib_a-mprec.o)
                0x0000000008005548                __pow5mult
 .text.__lshift
                0x00000000080055e4       0xa6 /usr/local/bin/gcc-arm-none-eabi-8-2018-q4-major/bin/../lib/gcc/arm-none-eabi/8.2.1/../../../../arm-none-eabi/lib/thumb/v7e-m+fp/hard/libc_nano.a(lib_a-mprec.o)
                0x00000000080055e4                __lshift
 .text.__mcmp   0x000000000800568a       0x34 /usr/local/bin/gcc-arm-none-eabi-8-2018-q4-major/bin/../lib/gcc/arm-none-eabi/8.2.1/../../../../arm-none-eabi/lib/thumb/v7e-m+fp/hard/libc_nano.a(lib_a-mprec.o)
                0x000000000800568a                __mcmp
 .text.__mdiff  0x00000000080056be       0xba /usr/local/bin/gcc-arm-none-eabi-8-2018-q4-major/bin/../lib/gcc/arm-none-eabi/8.2.1/../../../../arm-none-eabi/lib/thumb/v7e-m+fp/hard/libc_nano.a(lib_a-mprec.o)
                0x00000000080056be                __mdiff
 .text.__d2b    0x0000000008005778       0x9c /usr/local/bin/gcc-arm-none-eabi-8-2018-q4-major/bin/../lib/gcc/arm-none-eabi/8.2.1/../../../../arm-none-eabi/lib/thumb/v7e-m+fp/hard/libc_nano.a(lib_a-mprec.o)
                0x0000000008005778                __d2b
 .text._calloc_r
                0x0000000008005814       0x1c /usr/local/bin/gcc-arm-none-eabi-8-2018-q4-major/bin/../lib/gcc/arm-none-eabi/8.2.1/../../../../arm-none-eabi/lib/thumb/v7e-m+fp/hard/libc_nano.a(lib_a-nano-callocr.o)
                0x0000000008005814                _calloc_r
 .text._malloc_r
                0x0000000008005830       0xb4 /usr/local/bin/gcc-arm-none-eabi-8-2018-q4-major/bin/../lib/gcc/arm-none-eabi/8.2.1/../../../../arm-none-eabi/lib/thumb/v7e-m+fp/hard/libc_nano.a(lib_a-nano-mallocr.o)
                0x0000000008005830                _malloc_r
 .text._sbrk_r  0x00000000080058e4       0x20 /usr/local/bin/gcc-arm-none-eabi-8-2018-q4-major/bin/../lib/gcc/arm-none-eabi/8.2.1/../../../../arm-none-eabi/lib/thumb/v7e-m+fp/hard/libc_nano.a(lib_a-sbrkr.o)
                0x00000000080058e4                _sbrk_r
 .text.__ascii_mbtowc
                0x0000000008005904       0x24 /usr/local/bin/gcc-arm-none-eabi-8-2018-q4-major/bin/../lib/gcc/arm-none-eabi/8.2.1/../../../../arm-none-eabi/lib/thumb/v7e-m+fp/hard/libc_nano.a(lib_a-mbtowc_r.o)
                0x0000000008005904                __ascii_mbtowc
 .text.__malloc_lock
                0x0000000008005928        0xc /usr/local/bin/gcc-arm-none-eabi-8-2018-q4-major/bin/../lib/gcc/arm-none-eabi/8.2.1/../../../../arm-none-eabi/lib/thumb/v7e-m+fp/hard/libc_nano.a(lib_a-mlock.o)
                0x0000000008005928                __malloc_lock
 .text.__malloc_unlock
                0x0000000008005934        0xc /usr/local/bin/gcc-arm-none-eabi-8-2018-q4-major/bin/../lib/gcc/arm-none-eabi/8.2.1/../../../../arm-none-eabi/lib/thumb/v7e-m+fp/hard/libc_nano.a(lib_a-mlock.o)
                0x0000000008005934                __malloc_unlock
 .text.__ascii_wctomb
                0x0000000008005940       0x1a /usr/local/bin/gcc-arm-none-eabi-8-2018-q4-major/bin/../lib/gcc/arm-none-eabi/8.2.1/../../../../arm-none-eabi/lib/thumb/v7e-m+fp/hard/libc_nano.a(lib_a-wctomb_r.o)
                0x0000000008005940                __ascii_wctomb
 .text.__retarget_lock_acquire_recursive
                0x000000000800595a        0x2 /usr/local/bin/gcc-arm-none-eabi-8-2018-q4-major/bin/../lib/gcc/arm-none-eabi/8.2.1/../../../../arm-none-eabi/lib/thumb/v7e-m+fp/hard/libc_nano.a(lib_a-lock.o)
                0x000000000800595a                __retarget_lock_acquire_recursive
 .text.__retarget_lock_release_recursive
                0x000000000800595c        0x2 /usr/local/bin/gcc-arm-none-eabi-8-2018-q4-major/bin/../lib/gcc/arm-none-eabi/8.2.1/../../../../arm-none-eabi/lib/thumb/v7e-m+fp/hard/libc_nano.a(lib_a-lock.o)
                0x000000000800595c                __retarget_lock_release_recursive
 *fill*         0x000000000800595e        0x2 
 .text._sbrk    0x0000000008005960       0x1c /usr/local/bin/gcc-arm-none-eabi-8-2018-q4-major/bin/../lib/gcc/arm-none-eabi/8.2.1/../../../../arm-none-eabi/lib/thumb/v7e-m+fp/hard/libnosys.a(sbrk.o)
                0x0000000008005960                _sbrk
 *(.glue_7)
 .glue_7        0x000000000800597c        0x0 linker stubs
 *(.glue_7t)
 .glue_7t       0x000000000800597c        0x0 linker stubs
 *(.eh_frame)
 .eh_frame      0x000000000800597c        0x0 /usr/local/bin/gcc-arm-none-eabi-8-2018-q4-major/bin/../lib/gcc/arm-none-eabi/8.2.1/thumb/v7e-m+fp/hard/crtbegin.o
 *(.init)
 .init          0x000000000800597c        0x4 /usr/local/bin/gcc-arm-none-eabi-8-2018-q4-major/bin/../lib/gcc/arm-none-eabi/8.2.1/thumb/v7e-m+fp/hard/crti.o
                0x000000000800597c                _init
 .init          0x0000000008005980        0x8 /usr/local/bin/gcc-arm-none-eabi-8-2018-q4-major/bin/../lib/gcc/arm-none-eabi/8.2.1/thumb/v7e-m+fp/hard/crtn.o
 *(.fini)
 .fini          0x0000000008005988        0x4 /usr/local/bin/gcc-arm-none-eabi-8-2018-q4-major/bin/../lib/gcc/arm-none-eabi/8.2.1/thumb/v7e-m+fp/hard/crti.o
                0x0000000008005988                _fini
 .fini          0x000000000800598c        0x8 /usr/local/bin/gcc-arm-none-eabi-8-2018-q4-major/bin/../lib/gcc/arm-none-eabi/8.2.1/thumb/v7e-m+fp/hard/crtn.o
                0x0000000008005994                . = ALIGN (0x4)
                0x0000000008005994                _etext = .

.vfp11_veneer   0x0000000008005994        0x0
 .vfp11_veneer  0x0000000008005994        0x0 linker stubs

.v4_bx          0x0000000008005994        0x0
 .v4_bx         0x0000000008005994        0x0 linker stubs

.iplt           0x0000000008005994        0x0
 .iplt          0x0000000008005994        0x0 /usr/local/bin/gcc-arm-none-eabi-8-2018-q4-major/bin/../lib/gcc/arm-none-eabi/8.2.1/thumb/v7e-m+fp/hard/crtbegin.o

.rodata         0x0000000008005998    0x98b80
                0x0000000008005998                . = ALIGN (0x4)
 *(.rodata)
 *(.rodata*)
 .rodata.Font16_Table
                0x0000000008005998      0xbe0 build/stm32469i_discovery_lcd.o
                0x0000000008005998                Font16_Table
 .rodata.Font24_Table
                0x0000000008006578     0x1ab8 build/stm32469i_discovery_lcd.o
                0x0000000008006578                Font24_Table
 .rodata.ShortRegData1
                0x0000000008008030        0x2 build/otm8009a.o
                0x0000000008008030                ShortRegData1
 *fill*         0x0000000008008032        0x2 
 .rodata.ShortRegData10
                0x0000000008008034        0x2 build/otm8009a.o
                0x0000000008008034                ShortRegData10
 *fill*         0x0000000008008036        0x2 
 .rodata.ShortRegData11
                0x0000000008008038        0x2 build/otm8009a.o
                0x0000000008008038                ShortRegData11
 *fill*         0x000000000800803a        0x2 
 .rodata.ShortRegData12
                0x000000000800803c        0x2 build/otm8009a.o
                0x000000000800803c                ShortRegData12
 *fill*         0x000000000800803e        0x2 
 .rodata.ShortRegData13
                0x0000000008008040        0x2 build/otm8009a.o
                0x0000000008008040                ShortRegData13
 *fill*         0x0000000008008042        0x2 
 .rodata.ShortRegData14
                0x0000000008008044        0x2 build/otm8009a.o
                0x0000000008008044                ShortRegData14
 *fill*         0x0000000008008046        0x2 
 .rodata.ShortRegData15
                0x0000000008008048        0x2 build/otm8009a.o
                0x0000000008008048                ShortRegData15
 *fill*         0x000000000800804a        0x2 
 .rodata.ShortRegData16
                0x000000000800804c        0x2 build/otm8009a.o
                0x000000000800804c                ShortRegData16
 *fill*         0x000000000800804e        0x2 
 .rodata.ShortRegData17
                0x0000000008008050        0x2 build/otm8009a.o
                0x0000000008008050                ShortRegData17
 *fill*         0x0000000008008052        0x2 
 .rodata.ShortRegData18
                0x0000000008008054        0x2 build/otm8009a.o
                0x0000000008008054                ShortRegData18
 *fill*         0x0000000008008056        0x2 
 .rodata.ShortRegData19
                0x0000000008008058        0x2 build/otm8009a.o
                0x0000000008008058                ShortRegData19
 *fill*         0x000000000800805a        0x2 
 .rodata.ShortRegData2
                0x000000000800805c        0x2 build/otm8009a.o
                0x000000000800805c                ShortRegData2
 *fill*         0x000000000800805e        0x2 
 .rodata.ShortRegData20
                0x0000000008008060        0x2 build/otm8009a.o
                0x0000000008008060                ShortRegData20
 *fill*         0x0000000008008062        0x2 
 .rodata.ShortRegData21
                0x0000000008008064        0x2 build/otm8009a.o
                0x0000000008008064                ShortRegData21
 *fill*         0x0000000008008066        0x2 
 .rodata.ShortRegData22
                0x0000000008008068        0x2 build/otm8009a.o
                0x0000000008008068                ShortRegData22
 *fill*         0x000000000800806a        0x2 
 .rodata.ShortRegData23
                0x000000000800806c        0x2 build/otm8009a.o
                0x000000000800806c                ShortRegData23
 *fill*         0x000000000800806e        0x2 
 .rodata.ShortRegData24
                0x0000000008008070        0x2 build/otm8009a.o
                0x0000000008008070                ShortRegData24
 *fill*         0x0000000008008072        0x2 
 .rodata.ShortRegData25
                0x0000000008008074        0x2 build/otm8009a.o
                0x0000000008008074                ShortRegData25
 *fill*         0x0000000008008076        0x2 
 .rodata.ShortRegData26
                0x0000000008008078        0x2 build/otm8009a.o
                0x0000000008008078                ShortRegData26
 *fill*         0x000000000800807a        0x2 
 .rodata.ShortRegData27
                0x000000000800807c        0x2 build/otm8009a.o
                0x000000000800807c                ShortRegData27
 *fill*         0x000000000800807e        0x2 
 .rodata.ShortRegData28
                0x0000000008008080        0x2 build/otm8009a.o
                0x0000000008008080                ShortRegData28
 *fill*         0x0000000008008082        0x2 
 .rodata.ShortRegData29
                0x0000000008008084        0x2 build/otm8009a.o
                0x0000000008008084                ShortRegData29
 *fill*         0x0000000008008086        0x2 
 .rodata.ShortRegData3
                0x0000000008008088        0x2 build/otm8009a.o
                0x0000000008008088                ShortRegData3
 *fill*         0x000000000800808a        0x2 
 .rodata.ShortRegData30
                0x000000000800808c        0x2 build/otm8009a.o
                0x000000000800808c                ShortRegData30
 *fill*         0x000000000800808e        0x2 
 .rodata.ShortRegData31
                0x0000000008008090        0x2 build/otm8009a.o
                0x0000000008008090                ShortRegData31
 *fill*         0x0000000008008092        0x2 
 .rodata.ShortRegData32
                0x0000000008008094        0x2 build/otm8009a.o
                0x0000000008008094                ShortRegData32
 *fill*         0x0000000008008096        0x2 
 .rodata.ShortRegData33
                0x0000000008008098        0x2 build/otm8009a.o
                0x0000000008008098                ShortRegData33
 *fill*         0x000000000800809a        0x2 
 .rodata.ShortRegData34
                0x000000000800809c        0x2 build/otm8009a.o
                0x000000000800809c                ShortRegData34
 *fill*         0x000000000800809e        0x2 
 .rodata.ShortRegData35
                0x00000000080080a0        0x2 build/otm8009a.o
                0x00000000080080a0                ShortRegData35
 *fill*         0x00000000080080a2        0x2 
 .rodata.ShortRegData36
                0x00000000080080a4        0x2 build/otm8009a.o
                0x00000000080080a4                ShortRegData36
 *fill*         0x00000000080080a6        0x2 
 .rodata.ShortRegData37
                0x00000000080080a8        0x2 build/otm8009a.o
                0x00000000080080a8                ShortRegData37
 *fill*         0x00000000080080aa        0x2 
 .rodata.ShortRegData38
                0x00000000080080ac        0x2 build/otm8009a.o
                0x00000000080080ac                ShortRegData38
 *fill*         0x00000000080080ae        0x2 
 .rodata.ShortRegData39
                0x00000000080080b0        0x2 build/otm8009a.o
                0x00000000080080b0                ShortRegData39
 *fill*         0x00000000080080b2        0x2 
 .rodata.ShortRegData4
                0x00000000080080b4        0x2 build/otm8009a.o
                0x00000000080080b4                ShortRegData4
 *fill*         0x00000000080080b6        0x2 
 .rodata.ShortRegData40
                0x00000000080080b8        0x2 build/otm8009a.o
                0x00000000080080b8                ShortRegData40
 *fill*         0x00000000080080ba        0x2 
 .rodata.ShortRegData41
                0x00000000080080bc        0x2 build/otm8009a.o
                0x00000000080080bc                ShortRegData41
 *fill*         0x00000000080080be        0x2 
 .rodata.ShortRegData42
                0x00000000080080c0        0x2 build/otm8009a.o
                0x00000000080080c0                ShortRegData42
 *fill*         0x00000000080080c2        0x2 
 .rodata.ShortRegData43
                0x00000000080080c4        0x2 build/otm8009a.o
                0x00000000080080c4                ShortRegData43
 *fill*         0x00000000080080c6        0x2 
 .rodata.ShortRegData44
                0x00000000080080c8        0x2 build/otm8009a.o
                0x00000000080080c8                ShortRegData44
 *fill*         0x00000000080080ca        0x2 
 .rodata.ShortRegData45
                0x00000000080080cc        0x2 build/otm8009a.o
                0x00000000080080cc                ShortRegData45
 *fill*         0x00000000080080ce        0x2 
 .rodata.ShortRegData46
                0x00000000080080d0        0x2 build/otm8009a.o
                0x00000000080080d0                ShortRegData46
 *fill*         0x00000000080080d2        0x2 
 .rodata.ShortRegData47
                0x00000000080080d4        0x2 build/otm8009a.o
                0x00000000080080d4                ShortRegData47
 *fill*         0x00000000080080d6        0x2 
 .rodata.ShortRegData48
                0x00000000080080d8        0x2 build/otm8009a.o
                0x00000000080080d8                ShortRegData48
 *fill*         0x00000000080080da        0x2 
 .rodata.ShortRegData49
                0x00000000080080dc        0x2 build/otm8009a.o
                0x00000000080080dc                ShortRegData49
 *fill*         0x00000000080080de        0x2 
 .rodata.ShortRegData5
                0x00000000080080e0        0x2 build/otm8009a.o
                0x00000000080080e0                ShortRegData5
 *fill*         0x00000000080080e2        0x2 
 .rodata.ShortRegData50
                0x00000000080080e4        0x2 build/otm8009a.o
                0x00000000080080e4                ShortRegData50
 *fill*         0x00000000080080e6        0x2 
 .rodata.ShortRegData51
                0x00000000080080e8        0x2 build/otm8009a.o
                0x00000000080080e8                ShortRegData51
 *fill*         0x00000000080080ea        0x2 
 .rodata.ShortRegData6
                0x00000000080080ec        0x2 build/otm8009a.o
                0x00000000080080ec                ShortRegData6
 *fill*         0x00000000080080ee        0x2 
 .rodata.ShortRegData7
                0x00000000080080f0        0x2 build/otm8009a.o
                0x00000000080080f0                ShortRegData7
 *fill*         0x00000000080080f2        0x2 
 .rodata.ShortRegData8
                0x00000000080080f4        0x2 build/otm8009a.o
                0x00000000080080f4                ShortRegData8
 *fill*         0x00000000080080f6        0x2 
 .rodata.ShortRegData9
                0x00000000080080f8        0x2 build/otm8009a.o
                0x00000000080080f8                ShortRegData9
 *fill*         0x00000000080080fa        0x2 
 .rodata.lcdRegData1
                0x00000000080080fc        0x4 build/otm8009a.o
                0x00000000080080fc                lcdRegData1
 .rodata.lcdRegData10
                0x0000000008008100        0xb build/otm8009a.o
                0x0000000008008100                lcdRegData10
 *fill*         0x000000000800810b        0x1 
 .rodata.lcdRegData11
                0x000000000800810c        0xb build/otm8009a.o
                0x000000000800810c                lcdRegData11
 *fill*         0x0000000008008117        0x1 
 .rodata.lcdRegData12
                0x0000000008008118       0x10 build/otm8009a.o
                0x0000000008008118                lcdRegData12
 .rodata.lcdRegData13
                0x0000000008008128       0x10 build/otm8009a.o
                0x0000000008008128                lcdRegData13
 .rodata.lcdRegData14
                0x0000000008008138        0xb build/otm8009a.o
                0x0000000008008138                lcdRegData14
 *fill*         0x0000000008008143        0x1 
 .rodata.lcdRegData15
                0x0000000008008144       0x10 build/otm8009a.o
                0x0000000008008144                lcdRegData15
 .rodata.lcdRegData16
                0x0000000008008154       0x10 build/otm8009a.o
                0x0000000008008154                lcdRegData16
 .rodata.lcdRegData17
                0x0000000008008164        0xb build/otm8009a.o
                0x0000000008008164                lcdRegData17
 *fill*         0x000000000800816f        0x1 
 .rodata.lcdRegData18
                0x0000000008008170        0xb build/otm8009a.o
                0x0000000008008170                lcdRegData18
 *fill*         0x000000000800817b        0x1 
 .rodata.lcdRegData19
                0x000000000800817c        0xb build/otm8009a.o
                0x000000000800817c                lcdRegData19
 *fill*         0x0000000008008187        0x1 
 .rodata.lcdRegData2
                0x0000000008008188        0x3 build/otm8009a.o
                0x0000000008008188                lcdRegData2
 *fill*         0x000000000800818b        0x1 
 .rodata.lcdRegData20
                0x000000000800818c       0x10 build/otm8009a.o
                0x000000000800818c                lcdRegData20
 .rodata.lcdRegData21
                0x000000000800819c       0x10 build/otm8009a.o
                0x000000000800819c                lcdRegData21
 .rodata.lcdRegData22
                0x00000000080081ac        0xb build/otm8009a.o
                0x00000000080081ac                lcdRegData22
 *fill*         0x00000000080081b7        0x1 
 .rodata.lcdRegData23
                0x00000000080081b8       0x10 build/otm8009a.o
                0x00000000080081b8                lcdRegData23
 .rodata.lcdRegData24
                0x00000000080081c8       0x10 build/otm8009a.o
                0x00000000080081c8                lcdRegData24
 .rodata.lcdRegData25
                0x00000000080081d8        0x4 build/otm8009a.o
                0x00000000080081d8                lcdRegData25
 .rodata.lcdRegData27
                0x00000000080081dc        0x5 build/otm8009a.o
                0x00000000080081dc                lcdRegData27
 *fill*         0x00000000080081e1        0x3 
 .rodata.lcdRegData28
                0x00000000080081e4        0x5 build/otm8009a.o
                0x00000000080081e4                lcdRegData28
 *fill*         0x00000000080081e9        0x3 
 .rodata.lcdRegData3
                0x00000000080081ec       0x11 build/otm8009a.o
                0x00000000080081ec                lcdRegData3
 *fill*         0x00000000080081fd        0x3 
 .rodata.lcdRegData4
                0x0000000008008200       0x11 build/otm8009a.o
                0x0000000008008200                lcdRegData4
 *fill*         0x0000000008008211        0x3 
 .rodata.lcdRegData5
                0x0000000008008214        0x3 build/otm8009a.o
                0x0000000008008214                lcdRegData5
 *fill*         0x0000000008008217        0x1 
 .rodata.lcdRegData6
                0x0000000008008218        0x3 build/otm8009a.o
                0x0000000008008218                lcdRegData6
 *fill*         0x000000000800821b        0x1 
 .rodata.lcdRegData7
                0x000000000800821c        0x7 build/otm8009a.o
                0x000000000800821c                lcdRegData7
 *fill*         0x0000000008008223        0x1 
 .rodata.lcdRegData8
                0x0000000008008224        0xf build/otm8009a.o
                0x0000000008008224                lcdRegData8
 *fill*         0x0000000008008233        0x1 
 .rodata.lcdRegData9
                0x0000000008008234        0xf build/otm8009a.o
                0x0000000008008234                lcdRegData9
 *fill*         0x0000000008008243        0x1 
 .rodata.Images
                0x0000000008008244        0x8 build/main.o
 .rodata.LCD_BriefDisplay.str1.4
                0x000000000800824c       0x8c build/main.o
                                         0x8a (size before relaxing)
 .rodata.image_320x240_argb8888
                0x00000000080082d8    0x4b000 build/main.o
                0x00000000080082d8                image_320x240_argb8888
 .rodata.life_augmented_argb8888
                0x00000000080532d8    0x4b000 build/main.o
                0x00000000080532d8                life_augmented_argb8888
 .rodata.AHBPrescTable
                0x000000000809e2d8       0x10 build/system_stm32f4xx.o
                0x000000000809e2d8                AHBPrescTable
 .rodata.flagBitshiftOffset.10133
                0x000000000809e2e8        0x8 build/stm32f4xx_hal_dma.o
 .rodata._printf_float.str1.1
                0x000000000809e2f0       0x12 /usr/local/bin/gcc-arm-none-eabi-8-2018-q4-major/bin/../lib/gcc/arm-none-eabi/8.2.1/../../../../arm-none-eabi/lib/thumb/v7e-m+fp/hard/libc_nano.a(lib_a-nano-vfprintf_float.o)
 .rodata._dtoa_r.str1.1
                0x000000000809e302        0xd /usr/local/bin/gcc-arm-none-eabi-8-2018-q4-major/bin/../lib/gcc/arm-none-eabi/8.2.1/../../../../arm-none-eabi/lib/thumb/v7e-m+fp/hard/libc_nano.a(lib_a-dtoa.o)
                                          0xf (size before relaxing)
 *fill*         0x000000000809e30f        0x1 
 .rodata.__mprec_bigtens
                0x000000000809e310       0x28 /usr/local/bin/gcc-arm-none-eabi-8-2018-q4-major/bin/../lib/gcc/arm-none-eabi/8.2.1/../../../../arm-none-eabi/lib/thumb/v7e-m+fp/hard/libc_nano.a(lib_a-mprec.o)
                0x000000000809e310                __mprec_bigtens
 .rodata.__mprec_tens
                0x000000000809e338       0xc8 /usr/local/bin/gcc-arm-none-eabi-8-2018-q4-major/bin/../lib/gcc/arm-none-eabi/8.2.1/../../../../arm-none-eabi/lib/thumb/v7e-m+fp/hard/libc_nano.a(lib_a-mprec.o)
                0x000000000809e338                __mprec_tens
 .rodata.p05.7454
                0x000000000809e400        0xc /usr/local/bin/gcc-arm-none-eabi-8-2018-q4-major/bin/../lib/gcc/arm-none-eabi/8.2.1/../../../../arm-none-eabi/lib/thumb/v7e-m+fp/hard/libc_nano.a(lib_a-mprec.o)
 .rodata._setlocale_r.str1.1
                0x000000000809e40c        0x8 /usr/local/bin/gcc-arm-none-eabi-8-2018-q4-major/bin/../lib/gcc/arm-none-eabi/8.2.1/../../../../arm-none-eabi/lib/thumb/v7e-m+fp/hard/libc_nano.a(lib_a-locale.o)
                                          0x9 (size before relaxing)
 .rodata.str1.1
                0x000000000809e414        0x2 /usr/local/bin/gcc-arm-none-eabi-8-2018-q4-major/bin/../lib/gcc/arm-none-eabi/8.2.1/../../../../arm-none-eabi/lib/thumb/v7e-m+fp/hard/libc_nano.a(lib_a-locale.o)
 .rodata._ctype_
                0x000000000809e416      0x101 /usr/local/bin/gcc-arm-none-eabi-8-2018-q4-major/bin/../lib/gcc/arm-none-eabi/8.2.1/../../../../arm-none-eabi/lib/thumb/v7e-m+fp/hard/libc_nano.a(lib_a-ctype_.o)
                0x000000000809e416                _ctype_
                0x000000000809e518                . = ALIGN (0x4)
 *fill*         0x000000000809e517        0x1 

.ARM.extab
 *(.ARM.extab* .gnu.linkonce.armextab.*)

.ARM            0x000000000809e518        0x8
                0x000000000809e518                __exidx_start = .
 *(.ARM.exidx*)
 .ARM.exidx     0x000000000809e518        0x8 /usr/local/bin/gcc-arm-none-eabi-8-2018-q4-major/bin/../lib/gcc/arm-none-eabi/8.2.1/thumb/v7e-m+fp/hard/libgcc.a(_udivmoddi4.o)
                0x000000000809e520                __exidx_end = .

.rel.dyn        0x000000000809e520        0x0
 .rel.iplt      0x000000000809e520        0x0 /usr/local/bin/gcc-arm-none-eabi-8-2018-q4-major/bin/../lib/gcc/arm-none-eabi/8.2.1/thumb/v7e-m+fp/hard/crtbegin.o

.preinit_array  0x000000000809e520        0x0
                0x000000000809e520                PROVIDE (__preinit_array_start = .)
 *(.preinit_array*)
                0x000000000809e520                PROVIDE (__preinit_array_end = .)

.init_array     0x000000000809e520        0x4
                0x000000000809e520                PROVIDE (__init_array_start = .)
 *(SORT_BY_NAME(.init_array.*))
 *(.init_array*)
 .init_array    0x000000000809e520        0x4 /usr/local/bin/gcc-arm-none-eabi-8-2018-q4-major/bin/../lib/gcc/arm-none-eabi/8.2.1/thumb/v7e-m+fp/hard/crtbegin.o
                0x000000000809e524                PROVIDE (__init_array_end = .)

.fini_array     0x000000000809e524        0x4
                [!provide]                        PROVIDE (__fini_array_start = .)
 *(SORT_BY_NAME(.fini_array.*))
 *(.fini_array*)
 .fini_array    0x000000000809e524        0x4 /usr/local/bin/gcc-arm-none-eabi-8-2018-q4-major/bin/../lib/gcc/arm-none-eabi/8.2.1/thumb/v7e-m+fp/hard/crtbegin.o
                [!provide]                        PROVIDE (__fini_array_end = .)
                0x000000000809e528                _sidata = LOADADDR (.data)

.data           0x0000000020000000      0x21c load address 0x000000000809e528
                0x0000000020000000                . = ALIGN (0x4)
                0x0000000020000000                _sdata = .
 *(.data)
 *(.data*)
 .data.sdramstatus.10051
                0x0000000020000000        0x1 build/stm32469i_discovery_sdram.o
 *fill*         0x0000000020000001        0x3 
 .data.Font16   0x0000000020000004        0x8 build/stm32469i_discovery_lcd.o
                0x0000000020000004                Font16
 .data.Font24   0x000000002000000c        0x8 build/stm32469i_discovery_lcd.o
                0x000000002000000c                Font24
 .data.lcd_x_size
                0x0000000020000014        0x4 build/stm32469i_discovery_lcd.o
                0x0000000020000014                lcd_x_size
 .data.lcd_y_size
                0x0000000020000018        0x4 build/stm32469i_discovery_lcd.o
                0x0000000020000018                lcd_y_size
 .data.pending_buffer
                0x000000002000001c        0x4 build/main.o
 .data.SystemCoreClock
                0x0000000020000020        0x4 build/system_stm32f4xx.o
                0x0000000020000020                SystemCoreClock
 .data.uwTickFreq
                0x0000000020000024        0x1 build/stm32f4xx_hal.o
                0x0000000020000024                uwTickFreq
 *fill*         0x0000000020000025        0x3 
 .data.uwTickPrio
                0x0000000020000028        0x4 build/stm32f4xx_hal.o
                0x0000000020000028                uwTickPrio
 .data.GPIO_PIN
                0x000000002000002c       0x10 build/stm32469i_discovery.o
                0x000000002000002c                GPIO_PIN
 .data.GPIO_PORT
                0x000000002000003c       0x10 build/stm32469i_discovery.o
                0x000000002000003c                GPIO_PORT
 .data._impure_ptr
                0x000000002000004c        0x4 /usr/local/bin/gcc-arm-none-eabi-8-2018-q4-major/bin/../lib/gcc/arm-none-eabi/8.2.1/../../../../arm-none-eabi/lib/thumb/v7e-m+fp/hard/libc_nano.a(lib_a-impure.o)
                0x000000002000004c                _impure_ptr
 .data.impure_data
                0x0000000020000050       0x60 /usr/local/bin/gcc-arm-none-eabi-8-2018-q4-major/bin/../lib/gcc/arm-none-eabi/8.2.1/../../../../arm-none-eabi/lib/thumb/v7e-m+fp/hard/libc_nano.a(lib_a-impure.o)
 .data.__global_locale
                0x00000000200000b0      0x16c /usr/local/bin/gcc-arm-none-eabi-8-2018-q4-major/bin/../lib/gcc/arm-none-eabi/8.2.1/../../../../arm-none-eabi/lib/thumb/v7e-m+fp/hard/libc_nano.a(lib_a-locale.o)
                0x00000000200000b0                __global_locale
                0x000000002000021c                . = ALIGN (0x4)
                0x000000002000021c                _edata = .
                0x000000000809e744                _siccmram = LOADADDR (.ccmram)

.igot.plt       0x000000002000021c        0x0 load address 0x000000000809e744
 .igot.plt      0x000000002000021c        0x0 /usr/local/bin/gcc-arm-none-eabi-8-2018-q4-major/bin/../lib/gcc/arm-none-eabi/8.2.1/thumb/v7e-m+fp/hard/crtbegin.o

.ccmram         0x0000000010000000        0x0 load address 0x000000000809e744
                0x0000000010000000                . = ALIGN (0x4)
                0x0000000010000000                _sccmram = .
 *(.ccmram)
 *(.ccmram*)
                0x0000000010000000                . = ALIGN (0x4)
                0x0000000010000000                _eccmram = .
                0x0000000010000000                . = ALIGN (0x4)

.bss            0x000000002000021c      0x320
                0x000000002000021c                _sbss = .
                0x000000002000021c                __bss_start__ = _sbss
 *(.bss)
 .bss           0x000000002000021c       0x1c /usr/local/bin/gcc-arm-none-eabi-8-2018-q4-major/bin/../lib/gcc/arm-none-eabi/8.2.1/thumb/v7e-m+fp/hard/crtbegin.o
 *(.bss*)
 .bss.Command   0x0000000020000238       0x10 build/stm32469i_discovery_sdram.o
 .bss.Timing    0x0000000020000248       0x1c build/stm32469i_discovery_sdram.o
 .bss.dma_handle.10090
                0x0000000020000264       0x60 build/stm32469i_discovery_sdram.o
 .bss.sdramHandle
                0x00000000200002c4       0x34 build/stm32469i_discovery_sdram.o
 .bss.ActiveLayer
                0x00000000200002f8        0x4 build/stm32469i_discovery_lcd.o
 .bss.DrawProp  0x00000000200002fc       0x18 build/stm32469i_discovery_lcd.o
 .bss.CmdCfg.10561
                0x0000000020000314       0x2c build/main.o
 .bss.ImageIndex
                0x0000000020000340        0x4 build/main.o
 .bss.LPCmd.10562
                0x0000000020000344       0x34 build/main.o
 .bss.PeriphClkInitStruct.10564
                0x0000000020000378       0x3c build/main.o
 .bss.PhyTimings.10560
                0x00000000200003b4       0x18 build/main.o
 .bss.dsiPllInit.10563
                0x00000000200003cc        0xc build/main.o
 .bss.hdma2d    0x00000000200003d8       0x40 build/main.o
 .bss.__malloc_free_list
                0x0000000020000418        0x4 /usr/local/bin/gcc-arm-none-eabi-8-2018-q4-major/bin/../lib/gcc/arm-none-eabi/8.2.1/../../../../arm-none-eabi/lib/thumb/v7e-m+fp/hard/libc_nano.a(lib_a-nano-mallocr.o)
                0x0000000020000418                __malloc_free_list
 .bss.__malloc_sbrk_start
                0x000000002000041c        0x4 /usr/local/bin/gcc-arm-none-eabi-8-2018-q4-major/bin/../lib/gcc/arm-none-eabi/8.2.1/../../../../arm-none-eabi/lib/thumb/v7e-m+fp/hard/libc_nano.a(lib_a-nano-mallocr.o)
                0x000000002000041c                __malloc_sbrk_start
 .bss.heap_end.5501
                0x0000000020000420        0x4 /usr/local/bin/gcc-arm-none-eabi-8-2018-q4-major/bin/../lib/gcc/arm-none-eabi/8.2.1/../../../../arm-none-eabi/lib/thumb/v7e-m+fp/hard/libnosys.a(sbrk.o)
 *(COMMON)
 COMMON         0x0000000020000424      0x104 build/stm32469i_discovery_lcd.o
                0x0000000020000424                hltdc_eval
                0x00000000200004cc                hdsi_eval
                0x00000000200004e8                hdma2d_eval
 COMMON         0x0000000020000528        0x4 build/stm32f4xx_hal.o
                0x0000000020000528                uwTick
 COMMON         0x000000002000052c        0x4 /usr/local/bin/gcc-arm-none-eabi-8-2018-q4-major/bin/../lib/gcc/arm-none-eabi/8.2.1/../../../../arm-none-eabi/lib/thumb/v7e-m+fp/hard/libc_nano.a(lib_a-reent.o)
                0x000000002000052c                errno
 COMMON         0x0000000020000530        0x9 /usr/local/bin/gcc-arm-none-eabi-8-2018-q4-major/bin/../lib/gcc/arm-none-eabi/8.2.1/../../../../arm-none-eabi/lib/thumb/v7e-m+fp/hard/libc_nano.a(lib_a-lock.o)
                0x0000000020000530                __lock___atexit_recursive_mutex
                0x0000000020000531                __lock___arc4random_mutex
                0x0000000020000532                __lock___env_recursive_mutex
                0x0000000020000533                __lock___sinit_recursive_mutex
                0x0000000020000534                __lock___malloc_recursive_mutex
                0x0000000020000535                __lock___at_quick_exit_mutex
                0x0000000020000536                __lock___dd_hash_mutex
                0x0000000020000537                __lock___tz_mutex
                0x0000000020000538                __lock___sfp_recursive_mutex
                0x000000002000053c                . = ALIGN (0x4)
 *fill*         0x0000000020000539        0x3 
                0x000000002000053c                _ebss = .
                0x000000002000053c                __bss_end__ = _ebss

._user_heap_stack
                0x000000002000053c      0x600
                0x000000002000053c                . = ALIGN (0x4)
                0x000000002000053c                PROVIDE (end = .)
                [!provide]                        PROVIDE (_end = .)
                0x000000002000073c                . = (. + _Min_Heap_Size)
 *fill*         0x000000002000053c      0x200 
                0x0000000020000b3c                . = (. + _Min_Stack_Size)
 *fill*         0x000000002000073c      0x400 
                0x0000000020000b3c                . = ALIGN (0x4)

/DISCARD/
 libc.a(*)
 libm.a(*)
 libgcc.a(*)

.ARM.attributes
                0x0000000000000000       0x30
 *(.ARM.attributes)
 .ARM.attributes
                0x0000000000000000       0x1e /usr/local/bin/gcc-arm-none-eabi-8-2018-q4-major/bin/../lib/gcc/arm-none-eabi/8.2.1/thumb/v7e-m+fp/hard/crti.o
 .ARM.attributes
                0x000000000000001e       0x34 /usr/local/bin/gcc-arm-none-eabi-8-2018-q4-major/bin/../lib/gcc/arm-none-eabi/8.2.1/thumb/v7e-m+fp/hard/crtbegin.o
 .ARM.attributes
                0x0000000000000052       0x34 build/stm32469i_discovery_sdram.o
 .ARM.attributes
                0x0000000000000086       0x34 build/stm32469i_discovery_lcd.o
 .ARM.attributes
                0x00000000000000ba       0x34 build/otm8009a.o
 .ARM.attributes
                0x00000000000000ee       0x34 build/main.o
 .ARM.attributes
                0x0000000000000122       0x34 build/stm32f4xx_it.o
 .ARM.attributes
                0x0000000000000156       0x34 build/system_stm32f4xx.o
 .ARM.attributes
                0x000000000000018a       0x34 build/stm32f4xx_hal_ltdc.o
 .ARM.attributes
                0x00000000000001be       0x34 build/stm32f4xx_hal_gpio.o
 .ARM.attributes
                0x00000000000001f2       0x34 build/stm32f4xx_hal_dma2d.o
 .ARM.attributes
                0x0000000000000226       0x34 build/stm32f4xx_hal_cortex.o
 .ARM.attributes
                0x000000000000025a       0x34 build/stm32f4xx_hal_dma.o
 .ARM.attributes
                0x000000000000028e       0x34 build/stm32f4xx_hal_dsi.o
 .ARM.attributes
                0x00000000000002c2       0x34 build/stm32f4xx_hal_rcc.o
 .ARM.attributes
                0x00000000000002f6       0x34 build/stm32f4xx_hal_pwr_ex.o
 .ARM.attributes
                0x000000000000032a       0x34 build/stm32f4xx_hal_sdram.o
 .ARM.attributes
                0x000000000000035e       0x34 build/stm32f4xx_ll_fmc.o
 .ARM.attributes
                0x0000000000000392       0x34 build/stm32f4xx_hal_rcc_ex.o
 .ARM.attributes
                0x00000000000003c6       0x34 build/stm32f4xx_hal.o
 .ARM.attributes
                0x00000000000003fa       0x34 build/stm32469i_discovery.o
 .ARM.attributes
                0x000000000000042e       0x21 build/startup_stm32f469xx.o
 .ARM.attributes
                0x000000000000044f       0x32 /usr/local/bin/gcc-arm-none-eabi-8-2018-q4-major/bin/../lib/gcc/arm-none-eabi/8.2.1/../../../../arm-none-eabi/lib/thumb/v7e-m+fp/hard/libc_nano.a(lib_a-impure.o)
 .ARM.attributes
                0x0000000000000481       0x34 /usr/local/bin/gcc-arm-none-eabi-8-2018-q4-major/bin/../lib/gcc/arm-none-eabi/8.2.1/../../../../arm-none-eabi/lib/thumb/v7e-m+fp/hard/libc_nano.a(lib_a-init.o)
 .ARM.attributes
                0x00000000000004b5       0x34 /usr/local/bin/gcc-arm-none-eabi-8-2018-q4-major/bin/../lib/gcc/arm-none-eabi/8.2.1/../../../../arm-none-eabi/lib/thumb/v7e-m+fp/hard/libc_nano.a(lib_a-memset.o)
 .ARM.attributes
                0x00000000000004e9       0x34 /usr/local/bin/gcc-arm-none-eabi-8-2018-q4-major/bin/../lib/gcc/arm-none-eabi/8.2.1/../../../../arm-none-eabi/lib/thumb/v7e-m+fp/hard/libc_nano.a(lib_a-nano-vfprintf_float.o)
 .ARM.attributes
                0x000000000000051d       0x34 /usr/local/bin/gcc-arm-none-eabi-8-2018-q4-major/bin/../lib/gcc/arm-none-eabi/8.2.1/../../../../arm-none-eabi/lib/thumb/v7e-m+fp/hard/libc_nano.a(lib_a-nano-vfprintf_i.o)
 .ARM.attributes
                0x0000000000000551       0x17 /usr/local/bin/gcc-arm-none-eabi-8-2018-q4-major/bin/../lib/gcc/arm-none-eabi/8.2.1/../../../../arm-none-eabi/lib/thumb/v7e-m+fp/hard/libc_nano.a(lib_a-strlen.o)
 .ARM.attributes
                0x0000000000000568       0x34 /usr/local/bin/gcc-arm-none-eabi-8-2018-q4-major/bin/../lib/gcc/arm-none-eabi/8.2.1/../../../../arm-none-eabi/lib/thumb/v7e-m+fp/hard/libc_nano.a(lib_a-dtoa.o)
 .ARM.attributes
                0x000000000000059c       0x34 /usr/local/bin/gcc-arm-none-eabi-8-2018-q4-major/bin/../lib/gcc/arm-none-eabi/8.2.1/../../../../arm-none-eabi/lib/thumb/v7e-m+fp/hard/libc_nano.a(lib_a-localeconv.o)
 .ARM.attributes
                0x00000000000005d0       0x34 /usr/local/bin/gcc-arm-none-eabi-8-2018-q4-major/bin/../lib/gcc/arm-none-eabi/8.2.1/../../../../arm-none-eabi/lib/thumb/v7e-m+fp/hard/libc_nano.a(lib_a-malloc.o)
 .ARM.attributes
                0x0000000000000604       0x34 /usr/local/bin/gcc-arm-none-eabi-8-2018-q4-major/bin/../lib/gcc/arm-none-eabi/8.2.1/../../../../arm-none-eabi/lib/thumb/v7e-m+fp/hard/libc_nano.a(lib_a-memcpy-stub.o)
 .ARM.attributes
                0x0000000000000638       0x34 /usr/local/bin/gcc-arm-none-eabi-8-2018-q4-major/bin/../lib/gcc/arm-none-eabi/8.2.1/../../../../arm-none-eabi/lib/thumb/v7e-m+fp/hard/libc_nano.a(lib_a-mprec.o)
 .ARM.attributes
                0x000000000000066c       0x34 /usr/local/bin/gcc-arm-none-eabi-8-2018-q4-major/bin/../lib/gcc/arm-none-eabi/8.2.1/../../../../arm-none-eabi/lib/thumb/v7e-m+fp/hard/libc_nano.a(lib_a-nano-callocr.o)
 .ARM.attributes
                0x00000000000006a0       0x34 /usr/local/bin/gcc-arm-none-eabi-8-2018-q4-major/bin/../lib/gcc/arm-none-eabi/8.2.1/../../../../arm-none-eabi/lib/thumb/v7e-m+fp/hard/libc_nano.a(lib_a-nano-mallocr.o)
 .ARM.attributes
                0x00000000000006d4       0x34 /usr/local/bin/gcc-arm-none-eabi-8-2018-q4-major/bin/../lib/gcc/arm-none-eabi/8.2.1/../../../../arm-none-eabi/lib/thumb/v7e-m+fp/hard/libc_nano.a(lib_a-sbrkr.o)
 .ARM.attributes
                0x0000000000000708       0x34 /usr/local/bin/gcc-arm-none-eabi-8-2018-q4-major/bin/../lib/gcc/arm-none-eabi/8.2.1/../../../../arm-none-eabi/lib/thumb/v7e-m+fp/hard/libc_nano.a(lib_a-locale.o)
 .ARM.attributes
                0x000000000000073c       0x34 /usr/local/bin/gcc-arm-none-eabi-8-2018-q4-major/bin/../lib/gcc/arm-none-eabi/8.2.1/../../../../arm-none-eabi/lib/thumb/v7e-m+fp/hard/libc_nano.a(lib_a-mbtowc_r.o)
 .ARM.attributes
                0x0000000000000770       0x34 /usr/local/bin/gcc-arm-none-eabi-8-2018-q4-major/bin/../lib/gcc/arm-none-eabi/8.2.1/../../../../arm-none-eabi/lib/thumb/v7e-m+fp/hard/libc_nano.a(lib_a-mlock.o)
 .ARM.attributes
                0x00000000000007a4       0x34 /usr/local/bin/gcc-arm-none-eabi-8-2018-q4-major/bin/../lib/gcc/arm-none-eabi/8.2.1/../../../../arm-none-eabi/lib/thumb/v7e-m+fp/hard/libc_nano.a(lib_a-reent.o)
 .ARM.attributes
                0x00000000000007d8       0x34 /usr/local/bin/gcc-arm-none-eabi-8-2018-q4-major/bin/../lib/gcc/arm-none-eabi/8.2.1/../../../../arm-none-eabi/lib/thumb/v7e-m+fp/hard/libc_nano.a(lib_a-wctomb_r.o)
 .ARM.attributes
                0x000000000000080c       0x32 /usr/local/bin/gcc-arm-none-eabi-8-2018-q4-major/bin/../lib/gcc/arm-none-eabi/8.2.1/../../../../arm-none-eabi/lib/thumb/v7e-m+fp/hard/libc_nano.a(lib_a-ctype_.o)
 .ARM.attributes
                0x000000000000083e       0x34 /usr/local/bin/gcc-arm-none-eabi-8-2018-q4-major/bin/../lib/gcc/arm-none-eabi/8.2.1/../../../../arm-none-eabi/lib/thumb/v7e-m+fp/hard/libc_nano.a(lib_a-lock.o)
 .ARM.attributes
                0x0000000000000872       0x34 /usr/local/bin/gcc-arm-none-eabi-8-2018-q4-major/bin/../lib/gcc/arm-none-eabi/8.2.1/../../../../arm-none-eabi/lib/thumb/v7e-m+fp/hard/libnosys.a(sbrk.o)
 .ARM.attributes
                0x00000000000008a6       0x1e /usr/local/bin/gcc-arm-none-eabi-8-2018-q4-major/bin/../lib/gcc/arm-none-eabi/8.2.1/thumb/v7e-m+fp/hard/libgcc.a(_arm_addsubdf3.o)
 .ARM.attributes
                0x00000000000008c4       0x1e /usr/local/bin/gcc-arm-none-eabi-8-2018-q4-major/bin/../lib/gcc/arm-none-eabi/8.2.1/thumb/v7e-m+fp/hard/libgcc.a(_arm_muldivdf3.o)
 .ARM.attributes
                0x00000000000008e2       0x1e /usr/local/bin/gcc-arm-none-eabi-8-2018-q4-major/bin/../lib/gcc/arm-none-eabi/8.2.1/thumb/v7e-m+fp/hard/libgcc.a(_arm_cmpdf2.o)
 .ARM.attributes
                0x0000000000000900       0x1e /usr/local/bin/gcc-arm-none-eabi-8-2018-q4-major/bin/../lib/gcc/arm-none-eabi/8.2.1/thumb/v7e-m+fp/hard/libgcc.a(_arm_unorddf2.o)
 .ARM.attributes
                0x000000000000091e       0x1e /usr/local/bin/gcc-arm-none-eabi-8-2018-q4-major/bin/../lib/gcc/arm-none-eabi/8.2.1/thumb/v7e-m+fp/hard/libgcc.a(_arm_fixdfsi.o)
 .ARM.attributes
                0x000000000000093c       0x1e /usr/local/bin/gcc-arm-none-eabi-8-2018-q4-major/bin/../lib/gcc/arm-none-eabi/8.2.1/thumb/v7e-m+fp/hard/libgcc.a(_aeabi_uldivmod.o)
 .ARM.attributes
                0x000000000000095a       0x34 /usr/local/bin/gcc-arm-none-eabi-8-2018-q4-major/bin/../lib/gcc/arm-none-eabi/8.2.1/thumb/v7e-m+fp/hard/libgcc.a(_udivmoddi4.o)
 .ARM.attributes
                0x000000000000098e       0x1e /usr/local/bin/gcc-arm-none-eabi-8-2018-q4-major/bin/../lib/gcc/arm-none-eabi/8.2.1/thumb/v7e-m+fp/hard/libgcc.a(_dvmd_tls.o)
 .ARM.attributes
                0x00000000000009ac       0x1e /usr/local/bin/gcc-arm-none-eabi-8-2018-q4-major/bin/../lib/gcc/arm-none-eabi/8.2.1/thumb/v7e-m+fp/hard/crtn.o
OUTPUT(build/adc.elf elf32-littlearm)

.debug_info     0x0000000000000000    0x22dbc
 .debug_info    0x0000000000000000     0x1eb3 build/stm32469i_discovery_sdram.o
 .debug_info    0x0000000000001eb3     0x4a8c build/stm32469i_discovery_lcd.o
 .debug_info    0x000000000000693f     0x12c6 build/otm8009a.o
 .debug_info    0x0000000000007c05     0x2a65 build/main.o
 .debug_info    0x000000000000a66a     0x1aca build/stm32f4xx_it.o
 .debug_info    0x000000000000c134      0xf83 build/system_stm32f4xx.o
 .debug_info    0x000000000000d0b7     0x20a7 build/stm32f4xx_hal_ltdc.o
 .debug_info    0x000000000000f15e     0x125d build/stm32f4xx_hal_gpio.o
 .debug_info    0x00000000000103bb     0x1d17 build/stm32f4xx_hal_dma2d.o
 .debug_info    0x00000000000120d2     0x1bab build/stm32f4xx_hal_cortex.o
 .debug_info    0x0000000000013c7d     0x15ae build/stm32f4xx_hal_dma.o
 .debug_info    0x000000000001522b     0x2a91 build/stm32f4xx_hal_dsi.o
 .debug_info    0x0000000000017cbc     0x158c build/stm32f4xx_hal_rcc.o
 .debug_info    0x0000000000019248     0x12d9 build/stm32f4xx_hal_pwr_ex.o
 .debug_info    0x000000000001a521     0x1a1d build/stm32f4xx_hal_sdram.o
 .debug_info    0x000000000001bf3e     0x18cf build/stm32f4xx_ll_fmc.o
 .debug_info    0x000000000001d80d     0x15db build/stm32f4xx_hal_rcc_ex.o
 .debug_info    0x000000000001ede8     0x1524 build/stm32f4xx_hal.o
 .debug_info    0x000000000002030c     0x2a8e build/stm32469i_discovery.o
 .debug_info    0x0000000000022d9a       0x22 build/startup_stm32f469xx.o

.debug_abbrev   0x0000000000000000     0x3b8b
 .debug_abbrev  0x0000000000000000      0x2f2 build/stm32469i_discovery_sdram.o
 .debug_abbrev  0x00000000000002f2      0x41b build/stm32469i_discovery_lcd.o
 .debug_abbrev  0x000000000000070d      0x107 build/otm8009a.o
 .debug_abbrev  0x0000000000000814      0x3ba build/main.o
 .debug_abbrev  0x0000000000000bce      0x254 build/stm32f4xx_it.o
 .debug_abbrev  0x0000000000000e22      0x21a build/system_stm32f4xx.o
 .debug_abbrev  0x000000000000103c      0x35b build/stm32f4xx_hal_ltdc.o
 .debug_abbrev  0x0000000000001397      0x30a build/stm32f4xx_hal_gpio.o
 .debug_abbrev  0x00000000000016a1      0x34d build/stm32f4xx_hal_dma2d.o
 .debug_abbrev  0x00000000000019ee      0x462 build/stm32f4xx_hal_cortex.o
 .debug_abbrev  0x0000000000001e50      0x39c build/stm32f4xx_hal_dma.o
 .debug_abbrev  0x00000000000021ec      0x38b build/stm32f4xx_hal_dsi.o
 .debug_abbrev  0x0000000000002577      0x37f build/stm32f4xx_hal_rcc.o
 .debug_abbrev  0x00000000000028f6      0x30d build/stm32f4xx_hal_pwr_ex.o
 .debug_abbrev  0x0000000000002c03      0x32c build/stm32f4xx_hal_sdram.o
 .debug_abbrev  0x0000000000002f2f      0x2ce build/stm32f4xx_ll_fmc.o
 .debug_abbrev  0x00000000000031fd      0x2be build/stm32f4xx_hal_rcc_ex.o
 .debug_abbrev  0x00000000000034bb      0x325 build/stm32f4xx_hal.o
 .debug_abbrev  0x00000000000037e0      0x399 build/stm32469i_discovery.o
 .debug_abbrev  0x0000000000003b79       0x12 build/startup_stm32f469xx.o

.debug_loc      0x0000000000000000     0xefc4
 .debug_loc     0x0000000000000000      0x52a build/stm32469i_discovery_sdram.o
 .debug_loc     0x000000000000052a     0x2d4a build/stm32469i_discovery_lcd.o
 .debug_loc     0x0000000000003274       0x9e build/otm8009a.o
 .debug_loc     0x0000000000003312      0x2b1 build/main.o
 .debug_loc     0x00000000000035c3       0x60 build/stm32f4xx_it.o
 .debug_loc     0x0000000000003623      0x16c build/system_stm32f4xx.o
 .debug_loc     0x000000000000378f     0x1e40 build/stm32f4xx_hal_ltdc.o
 .debug_loc     0x00000000000055cf      0x5ca build/stm32f4xx_hal_gpio.o
 .debug_loc     0x0000000000005b99     0x161b build/stm32f4xx_hal_dma2d.o
 .debug_loc     0x00000000000071b4      0x790 build/stm32f4xx_hal_cortex.o
 .debug_loc     0x0000000000007944      0xed7 build/stm32f4xx_hal_dma.o
 .debug_loc     0x000000000000881b     0x22ee build/stm32f4xx_hal_dsi.o
 .debug_loc     0x000000000000ab09      0x68d build/stm32f4xx_hal_rcc.o
 .debug_loc     0x000000000000b196      0x34c build/stm32f4xx_hal_pwr_ex.o
 .debug_loc     0x000000000000b4e2     0x1188 build/stm32f4xx_hal_sdram.o
 .debug_loc     0x000000000000c66a      0xbca build/stm32f4xx_ll_fmc.o
 .debug_loc     0x000000000000d234      0x96a build/stm32f4xx_hal_rcc_ex.o
 .debug_loc     0x000000000000db9e      0x1cc build/stm32f4xx_hal.o
 .debug_loc     0x000000000000dd6a     0x125a build/stm32469i_discovery.o

.debug_aranges  0x0000000000000000      0xe08
 .debug_aranges
                0x0000000000000000       0x70 build/stm32469i_discovery_sdram.o
 .debug_aranges
                0x0000000000000070      0x1c0 build/stm32469i_discovery_lcd.o
 .debug_aranges
                0x0000000000000230       0x28 build/otm8009a.o
 .debug_aranges
                0x0000000000000258       0x58 build/main.o
 .debug_aranges
                0x00000000000002b0       0x70 build/stm32f4xx_it.o
 .debug_aranges
                0x0000000000000320       0x28 build/system_stm32f4xx.o
 .debug_aranges
                0x0000000000000348      0x158 build/stm32f4xx_hal_ltdc.o
 .debug_aranges
                0x00000000000004a0       0x58 build/stm32f4xx_hal_gpio.o
 .debug_aranges
                0x00000000000004f8      0x108 build/stm32f4xx_hal_dma2d.o
 .debug_aranges
                0x0000000000000600       0xa8 build/stm32f4xx_hal_cortex.o
 .debug_aranges
                0x00000000000006a8       0x90 build/stm32f4xx_hal_dma.o
 .debug_aranges
                0x0000000000000738      0x170 build/stm32f4xx_hal_dsi.o
 .debug_aranges
                0x00000000000008a8       0x88 build/stm32f4xx_hal_rcc.o
 .debug_aranges
                0x0000000000000930       0x70 build/stm32f4xx_hal_pwr_ex.o
 .debug_aranges
                0x00000000000009a0       0xd0 build/stm32f4xx_hal_sdram.o
 .debug_aranges
                0x0000000000000a70       0xc8 build/stm32f4xx_ll_fmc.o
 .debug_aranges
                0x0000000000000b38       0x70 build/stm32f4xx_hal_rcc_ex.o
 .debug_aranges
                0x0000000000000ba8       0xf0 build/stm32f4xx_hal.o
 .debug_aranges
                0x0000000000000c98      0x148 build/stm32469i_discovery.o
 .debug_aranges
                0x0000000000000de0       0x28 build/startup_stm32f469xx.o

.debug_ranges   0x0000000000000000      0xd48
 .debug_ranges  0x0000000000000000       0x60 build/stm32469i_discovery_sdram.o
 .debug_ranges  0x0000000000000060      0x1b0 build/stm32469i_discovery_lcd.o
 .debug_ranges  0x0000000000000210       0x18 build/otm8009a.o
 .debug_ranges  0x0000000000000228       0x48 build/main.o
 .debug_ranges  0x0000000000000270       0x60 build/stm32f4xx_it.o
 .debug_ranges  0x00000000000002d0       0x18 build/system_stm32f4xx.o
 .debug_ranges  0x00000000000002e8      0x148 build/stm32f4xx_hal_ltdc.o
 .debug_ranges  0x0000000000000430       0x48 build/stm32f4xx_hal_gpio.o
 .debug_ranges  0x0000000000000478       0xf8 build/stm32f4xx_hal_dma2d.o
 .debug_ranges  0x0000000000000570       0xe0 build/stm32f4xx_hal_cortex.o
 .debug_ranges  0x0000000000000650       0x80 build/stm32f4xx_hal_dma.o
 .debug_ranges  0x00000000000006d0      0x160 build/stm32f4xx_hal_dsi.o
 .debug_ranges  0x0000000000000830       0x90 build/stm32f4xx_hal_rcc.o
 .debug_ranges  0x00000000000008c0       0x60 build/stm32f4xx_hal_pwr_ex.o
 .debug_ranges  0x0000000000000920       0xc0 build/stm32f4xx_hal_sdram.o
 .debug_ranges  0x00000000000009e0       0xb8 build/stm32f4xx_ll_fmc.o
 .debug_ranges  0x0000000000000a98       0x78 build/stm32f4xx_hal_rcc_ex.o
 .debug_ranges  0x0000000000000b10       0xe0 build/stm32f4xx_hal.o
 .debug_ranges  0x0000000000000bf0      0x138 build/stm32469i_discovery.o
 .debug_ranges  0x0000000000000d28       0x20 build/startup_stm32f469xx.o

.debug_line     0x0000000000000000     0xefe2
 .debug_line    0x0000000000000000      0x78b build/stm32469i_discovery_sdram.o
 .debug_line    0x000000000000078b     0x17d4 build/stm32469i_discovery_lcd.o
 .debug_line    0x0000000000001f5f      0x1fd build/otm8009a.o
 .debug_line    0x000000000000215c      0x9cc build/main.o
 .debug_line    0x0000000000002b28      0x4f3 build/stm32f4xx_it.o
 .debug_line    0x000000000000301b      0x361 build/system_stm32f4xx.o
 .debug_line    0x000000000000337c     0x19d3 build/stm32f4xx_hal_ltdc.o
 .debug_line    0x0000000000004d4f      0x81f build/stm32f4xx_hal_gpio.o
 .debug_line    0x000000000000556e     0x1149 build/stm32f4xx_hal_dma2d.o
 .debug_line    0x00000000000066b7      0x85b build/stm32f4xx_hal_cortex.o
 .debug_line    0x0000000000006f12      0xf17 build/stm32f4xx_hal_dma.o
 .debug_line    0x0000000000007e29     0x2921 build/stm32f4xx_hal_dsi.o
 .debug_line    0x000000000000a74a      0xbd8 build/stm32f4xx_hal_rcc.o
 .debug_line    0x000000000000b322      0x63e build/stm32f4xx_hal_pwr_ex.o
 .debug_line    0x000000000000b960      0xa93 build/stm32f4xx_hal_sdram.o
 .debug_line    0x000000000000c3f3      0xb7e build/stm32f4xx_ll_fmc.o
 .debug_line    0x000000000000cf71      0xeab build/stm32f4xx_hal_rcc_ex.o
 .debug_line    0x000000000000de1c      0x6a9 build/stm32f4xx_hal.o
 .debug_line    0x000000000000e4c5      0xaa0 build/stm32469i_discovery.o
 .debug_line    0x000000000000ef65       0x7d build/startup_stm32f469xx.o

.debug_str      0x0000000000000000     0x5c94
 .debug_str     0x0000000000000000     0x13eb build/stm32469i_discovery_sdram.o
                                       0x14f1 (size before relaxing)
 .debug_str     0x00000000000013eb     0x1470 build/stm32469i_discovery_lcd.o
                                       0x236a (size before relaxing)
 .debug_str     0x000000000000285b      0x4b6 build/otm8009a.o
                                        0x6e5 (size before relaxing)
 .debug_str     0x0000000000002d11      0x48e build/main.o
                                       0x1741 (size before relaxing)
 .debug_str     0x000000000000319f       0xaf build/stm32f4xx_it.o
                                        0xe9e (size before relaxing)
 .debug_str     0x000000000000324e       0xa7 build/system_stm32f4xx.o
                                        0x7d5 (size before relaxing)
 .debug_str     0x00000000000032f5      0x3d6 build/stm32f4xx_hal_ltdc.o
                                        0xe64 (size before relaxing)
 .debug_str     0x00000000000036cb      0x15b build/stm32f4xx_hal_gpio.o
                                        0x9a0 (size before relaxing)
 .debug_str     0x0000000000003826      0x320 build/stm32f4xx_hal_dma2d.o
                                        0xd82 (size before relaxing)
 .debug_str     0x0000000000003b46      0x3c1 build/stm32f4xx_hal_cortex.o
                                       0x1131 (size before relaxing)
 .debug_str     0x0000000000003f07      0x2fb build/stm32f4xx_hal_dma.o
                                        0xc13 (size before relaxing)
 .debug_str     0x0000000000004202      0x4e6 build/stm32f4xx_hal_dsi.o
                                       0x14d0 (size before relaxing)
 .debug_str     0x00000000000046e8      0x1f4 build/stm32f4xx_hal_rcc.o
                                        0xb78 (size before relaxing)
 .debug_str     0x00000000000048dc      0x1cf build/stm32f4xx_hal_pwr_ex.o
                                        0x9f0 (size before relaxing)
 .debug_str     0x0000000000004aab      0x2f3 build/stm32f4xx_hal_sdram.o
                                        0xef3 (size before relaxing)
 .debug_str     0x0000000000004d9e      0x400 build/stm32f4xx_ll_fmc.o
                                        0xd63 (size before relaxing)
 .debug_str     0x000000000000519e      0x187 build/stm32f4xx_hal_rcc_ex.o
                                        0xb64 (size before relaxing)
 .debug_str     0x0000000000005325      0x2ed build/stm32f4xx_hal.o
                                       0x10a8 (size before relaxing)
 .debug_str     0x0000000000005612      0x654 build/stm32469i_discovery.o
                                       0x1738 (size before relaxing)
 .debug_str     0x0000000000005c66       0x2e build/startup_stm32f469xx.o
                                         0xa8 (size before relaxing)

.comment        0x0000000000000000       0x75
 .comment       0x0000000000000000       0x75 build/stm32469i_discovery_sdram.o
                                         0x76 (size before relaxing)